04-29 20:11:42.785 12983 12983 W halley_10_TempT: type=1400 audit(0.0:870723): avc: denied { write } for name="tasks" dev="cgroup" ino=21 scontext=u:r:untrusted_app_27:s0:c512,c768 tcontext=u:object_r:cgroup:s0 tclass=file permissive=0 app=com.tencent.mobileqq
04-29 20:11:42.794 12983 13060 I Wadl_WadlAgentV2Adapter: initDownloader scheduleSwitchON=false,maxTaskNum=2,threadNum=10
04-29 20:11:42.794 12983 13060 D Wadl_GameCenterReceiver: registerReceiver processId=-1,mIsRegistered=false
04-29 20:11:42.794 12983 12983 I Wadl_WadlRemoteService: onBind...
04-29 20:11:42.796 12983 13063 D Wadl_QQGameConfigServiceImpl: loadConfig from=instance,content={"comminfo":"{'download_mgr_url':'https:\/\/speed.gamecenter.qq.com\/pushgame\/v1\/downloadadmin','websso_cmds':['12820','13032','13169','13136'],'authDialog':1,'dcReportType':1,'tgpaSwitch':1,'autoUpdateSwitch':1,'interruptUrlSwitch':1,'noticeInstallSwitch':1,'scheduleInfo':{'scheduleSwitch':0,'domain':['dlied4v6.myapp.com','dlied4.myapp.com']},'hardCodeInfo':{'hardCodeSwitch':1,'threadNum':10,'maxTaskNum':2},'tbs_min_version':45310,'x5_log_seed':1,'tips_pre_info':[{'type':1,'content':'[新游]'},{'type':3,'content':'[更新]'}],'float_window_info':{'title':'悬浮窗权限申请','content':'QQ需要获取悬浮窗权限，以便安装包下载完成时提醒你安装，点击下方“确定”前往设置。'},'url_match_rule':{'reg_list':[{'pattern':'dlied4.myapp.com\/myapp\/.*\/.*\/.*.apk.*','split_name_char':'_','path_node_num':4,'appid_index':2,'app_name_index':3,'name_node_num':3,'channel_index':0,'pkg_name_index':1},{'pattern':'dlied4v6.myapp.com\/myapp\/.*\/.*\/.*.apk.*','split_name_char':'_','path_node_num':4,'appid_index':2,'app_name_index':3,'name_node_num':3,'channel_index':0,'pkg_name_index':1},{'pattern':'dlied5.myapp.com\/myapp\/.*\/.*\/.*.apk.*','split_name_char':'_','path_node_num':4,'appid_index':2,'app_name_index':3,'name_node_num':3,'channel_index':0,'pkg_name_index':1},{'pattern':'dlied7.myapp.com\/myapp\/.*\/.*\/.*.apk.*','split_name_char':'_','path_node_num':4,'appid_index':2,'app_name_index':3,'name_node_num':3,'channel_index':0,'pkg_name_index':1}],'replace_list':[{'url':'https:\/\/dlied4.myapp.com\/myapp\/6337\/cos.release-77964\/10000144_com.tencent.lolm_a1724582_2.4.0.5011_Y42MRY.apk','appid':'1106040804','app_name':'英雄联盟手游','channel':'10000144','pkg_name':'com.tencent.lolm','replace_url':'https:\/\/dlied4.myapp.com\/myapp\/6337\/cos.release-77964\/10000144_com.tencent.lolm_a1724582_2.4.0.5011_Y42MRY.apk'},{'url':'https:\/\/dlied4.myapp.com\/myapp\/6337\/cos.release-77964\/10000144_com.tencent.lolm_a1724812_2.4.0.5011_EC4bvj.apk','appid':'1106040804','app_name':'英雄联盟手游','channel':'10000144','pkg_name':'com.tencent.lolm','replace_url':'https:\/\/dlied4.myapp.com\/myapp\/6337\/cos.release-77964\/10000144_com.tencent.lolm_a1724812_2.4.0.5011_EC4bvj.apk'},{'url':'https:\/\/dlied4.myapp.com\/myapp\/6337\/cos.release-77964\/10045079_com.tencent.lolm_a1724586_2.4.0.5011_UiKcPz.apk','appid':'1106040804','app_name':'英雄联盟手游','channel':'10045079','pkg_name':'com.tencent.lolm','replace_url':'https:\/\/dlied4.myapp.com\/myapp\/6337\/cos.release-77964\/10045079_com.tencent.lolm_a1724586_2.4.0.5011_UiKcPz.apk'}]}}","notices":[{"appid":"1108838303","begin_time":1650927600,"end_time":1650988799,"interval_seconds":180,"max_count":2,"notice_text":"您下载的黑色沙漠尚未安装，请点此安装"}],"valid_url_regex_lists":[],"version":37}
04-29 20:11:42.796 29889 29889 I Wadl_WadlProxyServiceManager: onServiceConnected success, componentName=ComponentInfo{com.tencent.mobileqq/com.tencent.gamecenter.wadl.api.impl.WadlProxyService},service=android.os.BinderProxy@157e778
04-29 20:11:42.796 12983 13060 D Wadl_WadlRemoteHandler: WadlConfigCenter init
04-29 20:11:42.797 12983 13005 D Wadl_WadlRemoteService: registerCallback:com.tencent.gamecenter.wadl.api.IWadlServiceCallBack$Stub$Proxy@ae513da
04-29 20:11:42.797 29889 30313 I Wadl_WadlProxyServiceManager: sendAsynRemoteCommandMessage mWadlService=com.tencent.gamecenter.wadl.api.IWadlService$Stub$Proxy@9c44e51,mServiceConnecting=false,mCacheMsg size=0
04-29 20:11:42.797 12983 12983 D MSF.D.RemoteServiceProxy: onServiceConnected service:ComponentInfo{com.tencent.mobileqq/com.tencent.mobileqq.msf.service.MsfService}
04-29 20:11:42.797 11241 11497 D MSF.C.DeepSleepDetector: onProcessViewableChanged process: com.tencent.mobileqq:gameservice, state: false, at: 0
04-29 20:11:42.793 12983 12983 W qimei-thread-1: type=1400 audit(0.0:870724): avc: denied { read } for name="/" dev="dm-6" ino=2 scontext=u:r:untrusted_app_27:s0:c512,c768 tcontext=u:object_r:rootfs:s0 tclass=dir permissive=0 app=com.tencent.mobileqq
04-29 20:11:42.798 12983 13060 E MD5     : loadso msfbootV2 true resultCode=262144 cost=0
04-29 20:11:42.798 12983 13060 I SharedPreferencesProxy: create new ContentProviderClient: dpcConfig_account
04-29 20:11:42.799 12983 13066 D MSF.D.RemoteServiceProxy: linkToDeath
04-29 20:11:42.800 11241 11497 D MSF.S.ReqHandler: handleMsfRequest registerMsfService
04-29 20:11:42.800 11241 11497 I MSF.S.AppProcessManager: onRegisterApp process=com.tencent.mobileqq:gameservice processBootName= appid=537112593 callback=148adf2
04-29 20:11:42.800 12983 13063 I Wadl_GameCenterSpUtils: writeToSp hard_code_sp_key :true
04-29 20:11:42.802 12983 13063 I Wadl_GameCenterSpUtils: writeToSpInt task_num_sp_key :2
04-29 20:11:42.802 11241 11497 I wlogin_sdk[P:3754]: get guid 5141f1aa58ea5d8f94bdebbb338cbaf2
04-29 20:11:42.802 11241 11406 I MSF.S.AppProcessManager: SendToApp PUSH process:com.tencent.mobileqq fromServiceMsg: FromServiceMsg msName:pushSetConfig ssoSeq:-1 serviceCmd:cmd_pushSetConfig appSeq:-1 failCode:1000 cost = 0 needBoot=false from.len = 0
04-29 20:11:42.803 12983 13063 I Wadl_GameCenterSpUtils: writeToSpInt thread_num_sp_key :10
04-29 20:11:42.803 11241 11497 D MSF.S.ReqHandler: handleMsfRequest registerMsfService
04-29 20:11:42.803 11241 11497 I MSF.S.AppProcessManager: onRegisterApp process=com.tencent.mobileqq:gameservice processBootName= appid=537112593 callback=c1dfc43
04-29 20:11:42.804 29889 32112 D MSF.D.Proxy: onRecvServicePushResp, fromServiceMsg cmd = cmd_pushSetConfig, ssoSeq = -1, length = 0
04-29 20:11:42.805 12983 13060 I SharedPreferencesProxy: create new ContentProviderClient: dpcConfig
04-29 20:11:42.805 11241 11497 I wlogin_sdk[P:3754]: get guid 5141f1aa58ea5d8f94bdebbb338cbaf2
04-29 20:11:42.805 12983 13063 I Wadl_GameCenterSpUtils: writeToSp notice_switch_sp_key :true
04-29 20:11:42.806 12983 13063 I Wadl_GameCenterSpUtils: writeToSp schedule_switch_sp_key :false
04-29 20:11:42.806 11241 11406 I MSF.S.AppProcessManager: SendToApp PUSH process:com.tencent.mobileqq fromServiceMsg: FromServiceMsg msName:pushSetConfig ssoSeq:-1 serviceCmd:cmd_pushSetConfig appSeq:-1 failCode:1000 cost = 0 needBoot=false from.len = 0
04-29 20:11:42.807 12983 13063 I Wadl_GameCenterSpUtils: writeToSpInt pull_autodownload_switch_sp_key :1
04-29 20:11:42.807 29889 32112 D MSF.D.Proxy: onRecvServicePushResp, fromServiceMsg cmd = cmd_pushSetConfig, ssoSeq = -1, length = 0
04-29 20:11:42.809 11241 11406 I MSF.S.AppProcessManager: SendToApp PUSH process:com.tencent.mobileqq:gameservice fromServiceMsg: FromServiceMsg msName:pushSetConfig ssoSeq:-1 serviceCmd:cmd_pushSetConfig appSeq:-1 failCode:1000 cost = 0 needBoot=false from.len = 0
04-29 20:11:42.810 12983 13005 D MSF.D.Proxy: onRecvServicePushResp, fromServiceMsg cmd = cmd_pushSetConfig, ssoSeq = -1, length = 0
04-29 20:11:42.813 11241 11406 I MSF.S.AppProcessManager: SendToApp PUSH process:com.tencent.mobileqq:gameservice fromServiceMsg: FromServiceMsg msName:pushSetConfig ssoSeq:-1 serviceCmd:cmd_pushSetConfig appSeq:-1 failCode:1000 cost = 0 needBoot=false from.len = 0
04-29 20:11:42.813 12983 13005 D MSF.D.Proxy: onRecvServicePushResp, fromServiceMsg cmd = cmd_pushSetConfig, ssoSeq = -1, length = 0
04-29 20:11:42.879 12983 13060 D Wadl_GameCenterUtil: parseDPC config = 1|1|1|1|1
04-29 20:11:42.879 12983 13060 D Wadl_GameCenterUtil: parseDPC size=5,isDelayDownload = true , isAppointDownload = true , isUpdateDownload = true , isResApkDownload = true , isResDefDownload = true
04-29 20:11:42.879 12983 13060 D Wadl_WadlRemoteHandler:  parseDPC isAppointDownload=true,isDelayDownload=true,isUpdateDownload=true,isResApkDownload=true,isResDefDownload=true
04-29 20:11:42.879 12983 13060 D MSF.D.AppNetInfoNewImpl: registerNetEventHandler beb11fb
04-29 20:11:42.879 12983 13060 D Wadl_WadlRemoteHandler: registerNetChangeReceiver
04-29 20:11:42.879 12983 13060 D Wadl_WadlRemoteHandler: new Instance,init end, cost=89
04-29 20:11:42.879 12983 13060 D Wadl_WadlRemoteHandler: onCreate isCreate=false
04-29 20:11:42.880 12983 13060 I Wadl_WadlBaseDBHelper: onOpen
04-29 20:11:42.880 12983 13060 I Wadl_WadlBaseDBHelper: createTable createSql=CREATE TABLE IF NOT EXISTS TASKS_1 (appId TEXT NOT NULL, downloadUrl TEXT NOT NULL, via TEXT, name TEXT, iconUrl TEXT, packageName TEXT, versionCode INTEGER, totalSize INTEGER, downloadSize INTEGER, status INTEGER ,savePath TEXT,fromUrl TEXT,adtag TEXT, apkSign TEXT, createTime INTEGER, channel TEXT, flags INTEGER, actionFrom INTEGER, extraData TEXT, noticeCount INTEGER,extJson TEXT,  PRIMARY KEY(appId));
04-29 20:11:42.880 12983 13060 D Wadl_WadlGameCenterHandler: WadlTaskMgr init
04-29 20:11:42.881 12983 13060 D Wadl_GameCenterReceiver: registerReceiver processId=-1,mIsRegistered=true
04-29 20:11:42.881 12983 13060 D Wadl_GameCenterReceiver: addListener listener=com.tencent.gamecenter.wadl.notification.WadlGameCenterNotification@cfb3256
04-29 20:11:42.882 12983 13060 D Wadl_WadlGameCenterHandler: addObserver done
04-29 20:11:42.882 12983 13060 D Wadl_WadlGameCenterHandler: onCreate
04-29 20:11:42.882 12983 13060 D Wadl_WadlUtils: isUnderWifiConnection():false
04-29 20:11:42.882 12983 13060 I Wadl_WadlGameCenterTaskMgr: restartUnfinishedTask wifi=false
04-29 20:11:42.882 12983 13060 I Wadl_WadlGameCenterTaskMgr: init task from db size=0
04-29 20:11:42.883 12983 13060 I Wadl_WadlTgpaDBHelper: onOpen Begin
04-29 20:11:42.883 12983 13060 I Wadl_WadlBaseDBHelper: onOpen
04-29 20:11:42.883 12983 13060 I Wadl_WadlBaseDBHelper: createTable createSql=CREATE TABLE IF NOT EXISTS TASKS_2 (resId TEXT NOT NULL, downloadUrl TEXT NOT NULL, via TEXT, name TEXT, packageName TEXT, versionCode INTEGER, totalSize INTEGER, downloadSize INTEGER, status INTEGER ,savePath TEXT,fromUrl TEXT,adtag TEXT, apkSign TEXT, createTime INTEGER, channel TEXT, flags INTEGER, actionFrom INTEGER, extraData TEXT, resType INTEGER, resIndex INTEGER, resMd5 TEXT, resName TEXT, resUrl TEXT, resVersionName TEXT, lastUpdateTime LONG, appId TEXT NOT NULL, PRIMARY KEY(resId));
04-29 20:11:42.883 12983 13060 D Wadl_WadlTgpaHandler: WadlResMgr init
04-29 20:11:42.883 12983 13060 D Wadl_WadlTgpaHandler: addObserver done
04-29 20:11:42.883 12983 13060 D Wadl_WadlTgpaHandler: init tgpa
04-29 20:11:42.883 12983 13060 I SharedPreferencesProxy: create new ContentProviderClient: appcenter_mobileinfo
04-29 20:11:42.885 12983 13060 I SharedPreferencesProxy: create new ContentProviderClient: fileSystemInfo_
04-29 20:11:42.887 12983 13060 D ResHub.performPendingDelete: enter
04-29 20:11:42.888 12983 13060 E ResHub.AssertsKt: readStringFromAssert exception: res_hub/mobile_qq_android/online/config.json
04-29 20:11:42.888 12983 13060 E ResHub.AssertsKt: java.io.FileNotFoundException: res_hub/mobile_qq_android/online/config.json
04-29 20:11:42.888 12983 13060 E ResHub.AssertsKt: 	at android.content.res.AssetManager.nativeOpenAsset(Native Method)
04-29 20:11:42.888 12983 13060 E ResHub.AssertsKt: 	at android.content.res.AssetManager.open(AssetManager.java:895)
04-29 20:11:42.888 12983 13060 E ResHub.AssertsKt: 	at android.content.res.AssetManager.open(AssetManager.java:872)
04-29 20:11:42.888 12983 13060 E ResHub.AssertsKt: 	at com.tencent.rdelivery.reshub.asset.AssetsKt.a(P:34)
04-29 20:11:42.888 12983 13060 E ResHub.AssertsKt: 	at com.tencent.rdelivery.reshub.asset.PresetResConfigManager.b(P:58)
04-29 20:11:42.888 12983 13060 E ResHub.AssertsKt: 	at com.tencent.rdelivery.reshub.asset.PresetResConfigManager.<init>(P:35)
04-29 20:11:42.888 12983 13060 E ResHub.AssertsKt: 	at com.tencent.rdelivery.reshub.core.ResHub.<init>(P:21)
04-29 20:11:42.888 12983 13060 E ResHub.AssertsKt: 	at com.tencent.rdelivery.reshub.core.ResHubCenter.a(P:65)
04-29 20:11:42.888 12983 13060 E ResHub.AssertsKt: 	at com.tencent.mobileqq.reshub.api.impl.QQResHubImpl.initResHub(P:59)
04-29 20:11:42.888 12983 13060 E ResHub.AssertsKt: 	at com.tencent.mobileqq.reshub.QQResHubManager.<init>(P:30)
04-29 20:11:42.888 12983 13060 E ResHub.AssertsKt: 	at com.tencent.mobileqq.soload.api.impl.SoLoaderV2ServiceImpl.<init>(P:26)
04-29 20:11:42.888 12983 13060 E ResHub.AssertsKt: 	at java.lang.Class.newInstance(Native Method)
04-29 20:11:42.888 12983 13060 E ResHub.AssertsKt: 	at com.tencent.mobileqq.qroute.SingletonPool.getInstance(P:81)
04-29 20:11:42.888 12983 13060 E ResHub.AssertsKt: 	at com.tencent.mobileqq.qroute.SingletonPool.get(P:45)
04-29 20:11:42.888 12983 13060 E ResHub.AssertsKt: 	at com.tencent.mobileqq.qroute.QRoute.apiImpl(P:104)
04-29 20:11:42.888 12983 13060 E ResHub.AssertsKt: 	at com.tencent.mobileqq.qroute.QRoute.api(P:90)
04-29 20:11:42.888 12983 13060 E ResHub.AssertsKt: 	at com.tencent.mobileqq.soload.api.SoLoadV2Manager.<init>(P:23)
04-29 20:11:42.888 12983 13060 E ResHub.AssertsKt: 	at com.tencent.mobileqq.soload.api.SoLoadV2Manager.getInstance(P:30)
04-29 20:11:42.888 12983 13060 E ResHub.AssertsKt: 	at com.tencent.gamecenter.wadl.ipc.WadlTgpaHandler.<init>(P:106)
04-29 20:11:42.888 12983 13060 E ResHub.AssertsKt: 	at com.tencent.gamecenter.wadl.ipc.WadlHandlerFactory.a(P:33)
04-29 20:11:42.888 12983 13060 E ResHub.AssertsKt: 	at com.tencent.gamecenter.wadl.ipc.WadlRemoteHandler.b(P:108)
04-29 20:11:42.888 12983 13060 E ResHub.AssertsKt: 	at com.tencent.gamecenter.wadl.ipc.WadlRemoteService$2.run(P:166)
04-29 20:11:42.888 12983 13060 E ResHub.AssertsKt: 	at com.tencent.mobileqq.app.Job.run(P:218)
04-29 20:11:42.888 12983 13060 E ResHub.AssertsKt: 	at java.util.concurrent.ThreadPoolExecutor.runWorker(ThreadPoolExecutor.java:1167)
04-29 20:11:42.888 12983 13060 E ResHub.AssertsKt: 	at java.util.concurrent.ThreadPoolExecutor$Worker.run(ThreadPoolExecutor.java:641)
04-29 20:11:42.888 12983 13060 E ResHub.AssertsKt: 	at java.lang.Thread.run(Thread.java:920)
04-29 20:11:42.888 12983 13060 D ResHub.start: 1000
04-29 20:11:42.888 12983 13060 D ResHub.start: corePoolSize:2
04-29 20:11:42.893 12983 13060 D Wadl_WadlTgpaHandler: onLoadResult loadLibrary libName=gradishwrapper
04-29 20:11:42.893 12983 13060 V TGPA    : load tgpa gradishwrapper lib success by loader.
04-29 20:11:42.894 12983 13060 D Wadl_WadlTgpaHandler: soLoad
04-29 20:11:42.894 12983 13060 D Wadl_WadlTgpaHandler: onCreate
04-29 20:11:42.894 12983 13060 D Wadl_WadlUtils: isUnderWifiConnection():false
04-29 20:11:42.894 12983 13060 D Wadl_WadlTgpaTaskMgr: restartUnfinishedTask wifi=false
04-29 20:11:42.894 12983 13060 I SharedPreferencesProxy: create new ContentProviderClient: gamecenter_res
04-29 20:11:42.897 12983 13060 I Wadl_GameCenterUtil: getResAvilTime ts1000
04-29 20:11:42.897 12983 13060 I VM_WadlVMTaskManager: init begin
04-29 20:11:42.898 12983 13060 I Wadl_WadlBaseDBHelper: onOpen
04-29 20:11:42.898 12983 13060 I Wadl_WadlBaseDBHelper: createTable createSql=CREATE TABLE IF NOT EXISTS TASKS_3 (packageName TEXT NOT NULL, downloadUrl TEXT NOT NULL, via TEXT, name TEXT, iconUrl TEXT, appId TEXT, versionCode INTEGER, totalSize INTEGER, downloadSize INTEGER, status INTEGER ,savePath TEXT,fromUrl TEXT,adtag TEXT, apkSign TEXT, createTime INTEGER, channel TEXT, flags INTEGER, actionFrom INTEGER, extraData TEXT, noticeCount INTEGER, PRIMARY KEY(packageName));
04-29 20:11:42.898 12983 13060 I VM_WadlVMTaskManager: init end, cost=1
04-29 20:11:42.898 12983 13060 D VM_WadlVMHandler: WadlVMTaskManager init
04-29 20:11:42.898 12983 13060 D Wadl_GameCenterReceiver: registerReceiver processId=-1,mIsRegistered=true
04-29 20:11:42.898 12983 13060 D Wadl_GameCenterReceiver: addListener listener=com.tencent.gamecenter.wadl.notification.WadlVMNotification@78d0175
04-29 20:11:42.898 12983 13060 D VM_WadlVMHandler: addObserver done
04-29 20:11:42.898 12983 13060 D VM_WadlVMHandler: onCreate
04-29 20:11:42.898 12983 13060 D Wadl_WadlUtils: isUnderWifiConnection():false
04-29 20:11:42.898 12983 13060 I VM_WadlVMTaskManager: restartUnfinishedTask wifi=false
04-29 20:11:42.899 12983 13060 I VM_WadlVMTaskManager: init task from db size=0
04-29 20:11:42.925   981  1164 E minksocket: MinkIPC_QRTR_Service: client with node 1 port 4a05 went down
04-29 20:11:42.926   981  1164 E minksocket: MinkIPC_QRTR_Service: client with node 1 port 4a06 went down
04-29 20:11:42.927   981  1164 E minksocket: MinkIPC_QRTR_Service: client with node 1 port 4a07 went down
04-29 20:11:42.929   981  1164 E minksocket: MinkIPC_QRTR_Service: client with node 1 port 4a09 went down
04-29 20:11:42.932   981  1164 E minksocket: MinkIPC_QRTR_Service: client with node 1 port 4a0a went down
04-29 20:11:42.933   981  1164 E minksocket: MinkIPC_QRTR_Service: client with node 1 port 4a0b went down
04-29 20:11:43.273 11241 11368 W Settings: Setting airplane_mode_on has moved from android.provider.Settings.System to android.provider.Settings.Global, returning read-only value.
04-29 20:11:43.276 11241 11368 W Settings: Setting airplane_mode_on has moved from android.provider.Settings.System to android.provider.Settings.Global, returning read-only value.
04-29 20:11:43.280 11241 11368 W Settings: Setting airplane_mode_on has moved from android.provider.Settings.System to android.provider.Settings.Global, returning read-only value.
04-29 20:11:43.282 11241 11368 W Settings: Setting airplane_mode_on has moved from android.provider.Settings.System to android.provider.Settings.Global, returning read-only value.
04-29 20:11:43.283 11241 11368 W Settings: Setting airplane_mode_on has moved from android.provider.Settings.System to android.provider.Settings.Global, returning read-only value.
04-29 20:11:43.285 11241 11368 W Settings: Setting airplane_mode_on has moved from android.provider.Settings.System to android.provider.Settings.Global, returning read-only value.
04-29 20:11:43.286 11241 11368 W Settings: Setting airplane_mode_on has moved from android.provider.Settings.System to android.provider.Settings.Global, returning read-only value.
04-29 20:11:43.288 11241 11368 W Settings: Setting airplane_mode_on has moved from android.provider.Settings.System to android.provider.Settings.Global, returning read-only value.
04-29 20:11:43.290 11241 11368 W Settings: Setting airplane_mode_on has moved from android.provider.Settings.System to android.provider.Settings.Global, returning read-only value.
04-29 20:11:43.291 11241 11368 W Settings: Setting airplane_mode_on has moved from android.provider.Settings.System to android.provider.Settings.Global, returning read-only value.
04-29 20:11:43.292 11241 11368 W Settings: Setting airplane_mode_on has moved from android.provider.Settings.System to android.provider.Settings.Global, returning read-only value.
04-29 20:11:43.480  3824  4059 D MobileSignalController: slot: 0 ,Current state: 0 mobile State:0
04-29 20:11:43.502  1273  2320 W VsyncModulator: setTransactionSchedule: Unexpected EarlyEnd
04-29 20:11:43.503  1094  1094 E vendor.qti.hardware.perf@2.2-service: Unknown params
04-29 20:11:43.505  1094  1117 E ANDR-PERF-OPTSHANDLER: Can't process request: noroot_thread is not running
04-29 20:11:43.505  1094  1117 E ANDR-PERF-RESOURCEQS: Failed to apply optimization [7, 3]
04-29 20:11:43.501  1094  1094 W perf@2.2-servic: type=1400 audit(0.0:870725): avc: denied { search } for name="1273" dev="proc" ino=15645186 scontext=u:r:vendor_hal_perf_default:s0 tcontext=u:r:surfaceflinger:s0 tclass=dir permissive=0
04-29 20:11:43.501  1094  1094 W perf@2.2-servic: type=1400 audit(0.0:870726): avc: denied { search } for name="1273" dev="proc" ino=15645186 scontext=u:r:vendor_hal_perf_default:s0 tcontext=u:r:surfaceflinger:s0 tclass=dir permissive=0
04-29 20:11:43.708  1273  2320 W VsyncModulator: setTransactionSchedule: Unexpected EarlyEnd
04-29 20:11:43.709  1094  1094 E vendor.qti.hardware.perf@2.2-service: Unknown params
04-29 20:11:43.705  1094  1094 W perf@2.2-servic: type=1400 audit(0.0:870727): avc: denied { search } for name="1273" dev="proc" ino=15645186 scontext=u:r:vendor_hal_perf_default:s0 tcontext=u:r:surfaceflinger:s0 tclass=dir permissive=0
04-29 20:11:43.705  1094  1094 W perf@2.2-servic: type=1400 audit(0.0:870728): avc: denied { search } for name="1273" dev="proc" ino=15645186 scontext=u:r:vendor_hal_perf_default:s0 tcontext=u:r:surfaceflinger:s0 tclass=dir permissive=0
04-29 20:11:43.710  1094  1117 E ANDR-PERF-RESOURCEQS: Failed to apply optimization [7, 3]
04-29 20:11:43.716  1667  1721 W MiuiFreeFormGesturePointerEventListener: setMiuiFreeFormTouchExcludeRegion mTouchExcludeRegion = SkRegion((0,0,1440,137))
04-29 20:11:43.717  5678  5678 I IMEBottomManager: rootViewHeight : 3063 fullScreenHeight:0 inputAreaHeight:2854 miuiBottomHeight:209
04-29 20:11:43.718  5678  5678 I IMEBottomManager: heightLeftForMIUI 209
04-29 20:11:43.718  5678  5678 I IMEBottomManager: rootViewHeight : 3063 fullScreenHeight:0 inputAreaHeight:2854 miuiBottomHeight:209
04-29 20:11:43.718  5678  5678 I IMEBottomManager: heightLeftForMIUI 209
04-29 20:11:43.718  5678  5678 I IMEBottomManager: rootViewHeight : 3063 fullScreenHeight:0 inputAreaHeight:2854 miuiBottomHeight:209
04-29 20:11:43.718  5678  5678 I IMEBottomManager: heightLeftForMIUI 209
04-29 20:11:43.718  5678  5678 I IMEBottomManager: rootViewHeight : 3063 fullScreenHeight:0 inputAreaHeight:2854 miuiBottomHeight:209
04-29 20:11:43.718  5678  5678 I IMEBottomManager: heightLeftForMIUI 209
04-29 20:11:43.718  5678  5678 I IMEBottomManager: rootViewHeight : 3063 fullScreenHeight:0 inputAreaHeight:2854 miuiBottomHeight:209
04-29 20:11:43.718  5678  5678 I IMEBottomManager: heightLeftForMIUI 209
04-29 20:11:43.718  5678  5678 I IMEBottomManager: rootViewHeight : 3063 fullScreenHeight:0 inputAreaHeight:2854 miuiBottomHeight:209
04-29 20:11:43.718  5678  5678 I IMEBottomManager: heightLeftForMIUI 209
04-29 20:11:43.718  5678  5678 I IMEBottomManager: rootViewHeight : 3063 fullScreenHeight:0 inputAreaHeight:2854 miuiBottomHeight:209
04-29 20:11:43.718  5678  5678 I IMEBottomManager: heightLeftForMIUI 209
04-29 20:11:43.718  5678  5678 I IMEBottomManager: rootViewHeight : 3063 fullScreenHeight:0 inputAreaHeight:2854 miuiBottomHeight:209
04-29 20:11:43.718  5678  5678 I IMEBottomManager: heightLeftForMIUI 209
04-29 20:11:43.718  5678  5678 I IMEBottomManager: rootViewHeight : 3063 fullScreenHeight:0 inputAreaHeight:2854 miuiBottomHeight:209
04-29 20:11:43.718  5678  5678 I IMEBottomManager: heightLeftForMIUI 209
04-29 20:11:43.724  1667  1721 W MiuiFreeFormGesturePointerEventListener: setMiuiFreeFormTouchExcludeRegion mTouchExcludeRegion = SkRegion((0,0,1440,137))
04-29 20:11:44.494  3824  4059 D MobileSignalController: slot: 0 ,Current state: 0 mobile State:0
04-29 20:11:44.521  1273  1352 W VsyncModulator: setTransactionSchedule: Unexpected EarlyEnd
04-29 20:11:44.522  1094  1094 E vendor.qti.hardware.perf@2.2-service: Unknown params
04-29 20:11:44.523  1094  1117 E ANDR-PERF-OPTSHANDLER: Can't process request: noroot_thread is not running
04-29 20:11:44.523  1094  1117 E ANDR-PERF-RESOURCEQS: Failed to apply optimization [7, 3]
04-29 20:11:44.517  1094  1094 W perf@2.2-servic: type=1400 audit(0.0:870729): avc: denied { search } for name="1273" dev="proc" ino=15645186 scontext=u:r:vendor_hal_perf_default:s0 tcontext=u:r:surfaceflinger:s0 tclass=dir permissive=0
04-29 20:11:44.517  1094  1094 W perf@2.2-servic: type=1400 audit(0.0:870730): avc: denied { search } for name="1273" dev="proc" ino=15645186 scontext=u:r:vendor_hal_perf_default:s0 tcontext=u:r:surfaceflinger:s0 tclass=dir permissive=0
04-29 20:11:44.529   981  1164 E minksocket: MinkIPC_QRTR_Service: client with node 1 port 4a08 went down
04-29 20:11:44.531   981  1164 E minksocket: MinkIPC_QRTR_Service: client with node 1 port 4a0c went down
04-29 20:11:44.602  1667  3127 I MiuiNetworkPolicy: updateUidState uid = 10164, uidState = 15
04-29 20:11:44.618   991 25531 I vendor.qti.bluetooth@1.0-ibs_handler: ProcessIbsCmd: Received IBS_WAKE_IND: 0xFD
04-29 20:11:44.618   991 25531 D vendor.qti.bluetooth@1.0-ibs_handler: SerialClockVote: vote for UART CLK ON
04-29 20:11:44.619   991 25531 D vendor.qti.bluetooth@1.0-wake_lock: Acquire wakelock is acquired 
04-29 20:11:44.619   991 25531 I vendor.qti.bluetooth@1.0-ibs_handler: ProcessIbsCmd: Writing IBS_WAKE_ACK
04-29 20:11:44.634  4180 25616 D MiuiMiHomeConnectController: getDeviceTimes
04-29 20:11:44.635  4180 25616 D MiuiMiHomeConnectController: result.getRssi = -7200:00:00:D6:76:FD
04-29 20:11:44.639  4180 25616 D MiuiMiHomeDownloadManager: check local file : null
04-29 20:11:44.639  4180 25616 D MiuiMiHomeDownloadManager: device: 4944    return rssiNum: -50
04-29 20:11:44.639  4180 25616 D MiuiMiHomeConnectController: rssi num is not fit cloud data 
04-29 20:11:44.660   991 25531 I vendor.qti.bluetooth@1.0-ibs_handler: ProcessIbsCmd: Received IBS_SLEEP_IND: 0xFE
04-29 20:11:44.660   991 25531 D vendor.qti.bluetooth@1.0-ibs_handler: SerialClockVote: vote for UART CLK OFF
04-29 20:11:44.810   991 25482 D vendor.qti.bluetooth@1.0-wake_lock: Release wakelock is released 
04-29 20:11:45.563  1667  3127 I MiuiNetworkPolicy: updateUidState uid = 10304, uidState = 2
04-29 20:11:45.692 12983 13013 D RdmInit : doStep process=com.tencent.mobileqq:gameservice, sRdmState=1
04-29 20:11:45.709 12983 13013 I MagnifierSDK.QAPM: getMyConfig battery threshold=100, maxReport=10, userRatio=0.0075, evenRatio=1.0, stackDepth=6, strategy='0.002;0.000025;1;3600;5|5,30,60;5,0;5,1|5,30,60;5,1|2,200,300,20|2,30,40,20|30;3,10;10,120|3,15;10,300|3,15,10,300|1800|1800||0;0;8;8;5;5;1;0|
04-29 20:11:45.801  1051   680 E sensors-hal: handle_sns_client_event:52, gesture_detect_event: ts=242668962124020, event=1.000000
04-29 20:11:46.332  3794  4133 D FiveGDataOptimize: TxRx: 5101, Tx: 1649, Rx: 3452, Hit: 0
04-29 20:11:46.364  6199  6199 I BatteryInfoReceiver: ACTION_BATTERY_CHANGED
04-29 20:11:46.367  7761  8136 D PowerKeeper.FrozenApp: onBatteryChanged plug=true mBatteryPlugged=2
04-29 20:11:46.368  7761  8276 D PowerCheckerService: onBatteryChanged, mBatteryLevel = 23, status = 2, level = 23, plug = 2, scale = 100
04-29 20:11:46.371 29889 29889 D TESDownloadManager: AppSystemReceiver onReceive
04-29 20:11:46.371 29889 29889 D TESDownloadManager: action:android.intent.action.BATTERY_CHANGED
04-29 20:11:46.372  6199  6199 I android_os_HwBinder: HwBinder: Starting thread pool for getting: vendor.xiaomi.hardware.micharge@1.0::IMiCharge/default
04-29 20:11:46.373  1125  1125 I vendor.xiaomi.hardware.micharge@1.0-service: ReadFilePathValue path = /sys/class/qcom-battery/night_charging value = 0
04-29 20:11:46.373  3779  3779 V DeviceStatisticsService: chargerType=2 batteryLevel=23 totalBatteryCapacity=4436000
04-29 20:11:46.374  6199  6199 I ChargeProtectionUtils: getNightChargingState: 0
04-29 20:11:46.513  3824  4059 D MobileSignalController: slot: 0 ,Current state: 0 mobile State:0
04-29 20:11:46.527  1273  1352 W VsyncModulator: setTransactionSchedule: Unexpected EarlyEnd
04-29 20:11:46.528  1094  1094 E vendor.qti.hardware.perf@2.2-service: Unknown params
04-29 20:11:46.525  1094  1094 W perf@2.2-servic: type=1400 audit(0.0:870731): avc: denied { search } for name="1273" dev="proc" ino=15645186 scontext=u:r:vendor_hal_perf_default:s0 tcontext=u:r:surfaceflinger:s0 tclass=dir permissive=0
04-29 20:11:46.529  1094  1117 E ANDR-PERF-OPTSHANDLER: Can't process request: noroot_thread is not running
04-29 20:11:46.529  1094  1117 E ANDR-PERF-RESOURCEQS: Failed to apply optimization [7, 3]
04-29 20:11:46.525  1094  1094 W perf@2.2-servic: type=1400 audit(0.0:870732): avc: denied { search } for name="1273" dev="proc" ino=15645186 scontext=u:r:vendor_hal_perf_default:s0 tcontext=u:r:surfaceflinger:s0 tclass=dir permissive=0
04-29 20:11:46.747  5817  5854 I ui.dmregservic: Background concurrent copying GC freed 2835233(88MB) AllocSpace objects, 4(48MB) LOS objects, 17% free, 113MB/137MB, paused 57us total 202.650ms
04-29 20:11:46.802  1667  2152 I EdgeSuppressionManager: Lay status is 2
04-29 20:11:46.802  1667  2152 I EdgeSuppressionManager: isAbsolute = true, result = 0
04-29 20:11:46.802  1667  2152 I EdgeSuppressionManager: isAbsolute = false, result = 0
04-29 20:11:46.802  1667  2152 I ITouchFeature: current device and process support version:2
04-29 20:11:46.804  1667  2152 I android_os_HwBinder: HwBinder: Starting thread pool for getting: vendor.xiaomi.hw.touchfeature@1.0::ITouchFeature/default
04-29 20:11:47.031  5817  5854 I ui.dmregservic: Background young concurrent copying GC freed 427673(12MB) AllocSpace objects, 11(36MB) LOS objects, 0% free, 173MB/173MB, paused 73us total 208.200ms
04-29 20:11:47.191   991 25531 I vendor.qti.bluetooth@1.0-ibs_handler: ProcessIbsCmd: Received IBS_WAKE_IND: 0xFD
04-29 20:11:47.191   991 25531 D vendor.qti.bluetooth@1.0-ibs_handler: SerialClockVote: vote for UART CLK ON
04-29 20:11:47.192   991 25531 D vendor.qti.bluetooth@1.0-wake_lock: Acquire wakelock is acquired 
04-29 20:11:47.192   991 25531 I vendor.qti.bluetooth@1.0-ibs_handler: ProcessIbsCmd: Writing IBS_WAKE_ACK
04-29 20:11:47.206  4180 25616 D MiuiMiHomeConnectController: getDeviceTimes
04-29 20:11:47.207  4180 25616 D MiuiMiHomeConnectController: result.getRssi = -6900:00:00:D6:76:FD
04-29 20:11:47.213  4180 25616 D MiuiMiHomeDownloadManager: check local file : null
04-29 20:11:47.213  4180 25616 D MiuiMiHomeDownloadManager: device: 4944    return rssiNum: -50
04-29 20:11:47.213  4180 25616 D MiuiMiHomeConnectController: rssi num is not fit cloud data 
04-29 20:11:47.234   991 25531 I vendor.qti.bluetooth@1.0-ibs_handler: ProcessIbsCmd: Received IBS_SLEEP_IND: 0xFE
04-29 20:11:47.234   991 25531 D vendor.qti.bluetooth@1.0-ibs_handler: SerialClockVote: vote for UART CLK OFF
04-29 20:11:47.291  1667  3937 E Tethering: [api31.BpfCoordinatorShimImpl] ERROR Fail to fetch tethering stats from BPF map: : getNextMapKey failed: EBADF (Bad file descriptor)
04-29 20:11:47.291  1667  3937 E Tethering: android.system.ErrnoException: getNextMapKey failed: EBADF (Bad file descriptor)
04-29 20:11:47.291  1667  3937 E Tethering: 	at com.android.networkstack.tethering.BpfMap.getNextMapKey(Native Method)
04-29 20:11:47.291  1667  3937 E Tethering: 	at com.android.networkstack.tethering.BpfMap.getNextRawKey(BpfMap.java:199)
04-29 20:11:47.291  1667  3937 E Tethering: 	at com.android.networkstack.tethering.BpfMap.getNextKeyInternal(BpfMap.java:177)
04-29 20:11:47.291  1667  3937 E Tethering: 	at com.android.networkstack.tethering.BpfMap.getFirstKey(BpfMap.java:206)
04-29 20:11:47.291  1667  3937 E Tethering: 	at com.android.networkstack.tethering.BpfMap.forEach(BpfMap.java:243)
04-29 20:11:47.291  1667  3937 E Tethering: 	at com.android.networkstack.tethering.apishim.api31.BpfCoordinatorShimImpl.tetherOffloadGetStats(BpfCoordinatorShimImpl.java:241)
04-29 20:11:47.291  1667  3937 E Tethering: 	at com.android.networkstack.tethering.BpfCoordinator.updateForwardedStats(BpfCoordinator.java:1844)
04-29 20:11:47.291  1667  3937 E Tethering: 	at com.android.networkstack.tethering.BpfCoordinator.lambda$new$0(BpfCoordinator.java:249)
04-29 20:11:47.291  1667  3937 E Tethering: 	at com.android.networkstack.tethering.BpfCoordinator.$r8$lambda$11zi2so53-tPlRpKnlSkWOpxReo(Unknown Source:0)
04-29 20:11:47.291  1667  3937 E Tethering: 	at com.android.networkstack.tethering.BpfCoordinator$$ExternalSyntheticLambda0.run(Unknown Source:2)
04-29 20:11:47.291  1667  3937 E Tethering: 	at android.os.Handler.handleCallback(Handler.java:938)
04-29 20:11:47.291  1667  3937 E Tethering: 	at android.os.Handler.dispatchMessage(Handler.java:99)
04-29 20:11:47.291  1667  3937 E Tethering: 	at android.os.Looper.loopOnce(Looper.java:210)
04-29 20:11:47.291  1667  3937 E Tethering: 	at android.os.Looper.loop(Looper.java:299)
04-29 20:11:47.291  1667  3937 E Tethering: 	at android.os.HandlerThread.run(HandlerThread.java:67)
04-29 20:11:47.291  1667  3937 E Tethering: [BpfCoordinator] ERROR Problem fetching tethering stats
04-29 20:11:47.385   991 25482 D vendor.qti.bluetooth@1.0-wake_lock: Release wakelock is released 
04-29 20:11:47.527  3824  4059 D MobileSignalController: slot: 0 ,Current state: 0 mobile State:0
04-29 20:11:47.542  1273  1352 W VsyncModulator: setTransactionSchedule: Unexpected EarlyEnd
04-29 20:11:47.543  1094  1094 E vendor.qti.hardware.perf@2.2-service: Unknown params
04-29 20:11:47.544  1094  1117 E ANDR-PERF-OPTSHANDLER: Can't process request: noroot_thread is not running
04-29 20:11:47.544  1094  1117 E ANDR-PERF-RESOURCEQS: Failed to apply optimization [7, 3]
04-29 20:11:47.541  1094  1094 W perf@2.2-servic: type=1400 audit(0.0:870733): avc: denied { search } for name="1273" dev="proc" ino=15645186 scontext=u:r:vendor_hal_perf_default:s0 tcontext=u:r:surfaceflinger:s0 tclass=dir permissive=0
04-29 20:11:47.541  1094  1094 W perf@2.2-servic: type=1400 audit(0.0:870734): avc: denied { search } for name="1273" dev="proc" ino=15645186 scontext=u:r:vendor_hal_perf_default:s0 tcontext=u:r:surfaceflinger:s0 tclass=dir permissive=0
04-29 20:11:47.693 12983 13013 I SharedPreferencesProxy: create new ContentProviderClient: com.tencent.mobileqq_preferences
04-29 20:11:47.715 12983 13112 I RMonitor_manager_sdk: setProperty, key = 104, value = 3, ret = true
04-29 20:11:47.717 12983 13112 I QQRMonitorSDKManager: setUin 2448021077
04-29 20:11:47.720 12983 13112 I SharedPreferencesProxy: create new ContentProviderClient: MagnifierSDK.QAPM
04-29 20:11:47.728 12983 13112 I MagnifierSDK.QAPM: getMyConfig leak threshold=100, maxReport=2, userRatio=0.0, evenRatio=1.0, stackDepth=6, strategy='
04-29 20:11:47.728 12983 13112 I MagnifierSDK.QAPM: lifecycle leak canStart false
04-29 20:11:47.728 12983 13112 I MagnifierSDK.QAPM: lifecycle battery canStart false
04-29 20:11:47.728 12983 13112 I MagnifierSDK.QAPM: getMyConfig io threshold=100, maxReport=0, userRatio=0.0, evenRatio=0.0, stackDepth=6, strategy='
04-29 20:11:47.728 12983 13112 I MagnifierSDK.QAPM: lifecycle io canStart false
04-29 20:11:47.728 12983 13112 I MagnifierSDK.QAPM: startVersion = V 8.8.68.2538.rf734eff0 gray=false pub=true
04-29 20:11:47.749   981  1164 E minksocket: MinkIPC_QRTR_Service: client with node 1 port 4a0d went down
04-29 20:11:47.751   981  1164 E minksocket: MinkIPC_QRTR_Service: client with node 1 port 4a0e went down
04-29 20:11:47.755   981  1164 E minksocket: MinkIPC_QRTR_Service: client with node 1 port 4a0f went down
04-29 20:11:47.759   981  1164 E minksocket: MinkIPC_QRTR_Service: client with node 1 port 4a11 went down
04-29 20:11:47.762   981  1164 E minksocket: MinkIPC_QRTR_Service: client with node 1 port 4a12 went down
04-29 20:11:47.768   981  1164 E minksocket: MinkIPC_QRTR_Service: client with node 1 port 4a13 went down
04-29 20:11:48.083  1273  1352 W VsyncModulator: setTransactionSchedule: Unexpected EarlyEnd
04-29 20:11:48.084  1094  1094 E vendor.qti.hardware.perf@2.2-service: Unknown params
04-29 20:11:48.081  1094  1094 W perf@2.2-servic: type=1400 audit(0.0:870735): avc: denied { search } for name="1273" dev="proc" ino=15645186 scontext=u:r:vendor_hal_perf_default:s0 tcontext=u:r:surfaceflinger:s0 tclass=dir permissive=0
04-29 20:11:48.081  1094  1094 W perf@2.2-servic: type=1400 audit(0.0:870736): avc: denied { search } for name="1273" dev="proc" ino=15645186 scontext=u:r:vendor_hal_perf_default:s0 tcontext=u:r:surfaceflinger:s0 tclass=dir permissive=0
04-29 20:11:48.086  1094  1117 E ANDR-PERF-RESOURCEQS: Failed to apply optimization [7, 3]
04-29 20:11:48.291 11241 11324 D MemoryCeilingMonitor: [handleMemoryCalculate]
04-29 20:11:48.292 11241 11324 D MemoryCeilingMonitor: [calculate] tot: 8105935, max: 268435456, free: 520375, heap: 7585560, per: 0.028258413076400757
04-29 20:11:48.298 11241 11368 W Settings: Setting airplane_mode_on has moved from android.provider.Settings.System to android.provider.Settings.Global, returning read-only value.
04-29 20:11:48.542  3824  4059 D MobileSignalController: slot: 0 ,Current state: 0 mobile State:0
04-29 20:11:48.574  1273  2320 W VsyncModulator: setTransactionSchedule: Unexpected EarlyEnd
04-29 20:11:48.575  1094  1094 E vendor.qti.hardware.perf@2.2-service: Unknown params
04-29 20:11:48.573  1094  1094 W perf@2.2-servic: type=1400 audit(0.0:870737): avc: denied { search } for name="1273" dev="proc" ino=15645186 scontext=u:r:vendor_hal_perf_default:s0 tcontext=u:r:surfaceflinger:s0 tclass=dir permissive=0
04-29 20:11:48.573  1094  1094 W perf@2.2-servic: type=1400 audit(0.0:870738): avc: denied { search } for name="1273" dev="proc" ino=15645186 scontext=u:r:vendor_hal_perf_default:s0 tcontext=u:r:surfaceflinger:s0 tclass=dir permissive=0
04-29 20:11:48.576  1094  1117 E ANDR-PERF-OPTSHANDLER: Can't process request: noroot_thread is not running
04-29 20:11:48.576  1094  1117 E ANDR-PERF-RESOURCEQS: Failed to apply optimization [7, 3]
04-29 20:11:48.882  1667  3937 E Tethering: [api31.BpfCoordinatorShimImpl] ERROR Could not add interface 17: android.system.ErrnoException: writeToMapEntry failed: EBADF (Bad file descriptor)
04-29 20:11:48.883  1667  3937 E Tethering: [api31.BpfCoordinatorShimImpl] ERROR Could not add interface 35: android.system.ErrnoException: writeToMapEntry failed: EBADF (Bad file descriptor)
04-29 20:11:48.885  1667  3937 E Tethering: [api31.BpfCoordinatorShimImpl] ERROR Could not get stats entry of interface index 17: : findMapEntry failed: EBADF (Bad file descriptor)
04-29 20:11:48.885  1667  3937 E Tethering: android.system.ErrnoException: findMapEntry failed: EBADF (Bad file descriptor)
04-29 20:11:48.885  1667  3937 E Tethering: 	at com.android.networkstack.tethering.BpfMap.findMapEntry(Native Method)
04-29 20:11:48.885  1667  3937 E Tethering: 	at com.android.networkstack.tethering.BpfMap.getRawValue(BpfMap.java:231)
04-29 20:11:48.885  1667  3937 E Tethering: 	at com.android.networkstack.tethering.BpfMap.getValue(BpfMap.java:220)
04-29 20:11:48.885  1667  3937 E Tethering: 	at com.android.networkstack.tethering.apishim.api31.BpfCoordinatorShimImpl.tetherOffloadSetInterfaceQuota(BpfCoordinatorShimImpl.java:260)
04-29 20:11:48.885  1667  3937 E Tethering: 	at com.android.networkstack.tethering.BpfCoordinator.sendDataLimitToBpfMap(BpfCoordinator.java:1646)
04-29 20:11:48.885  1667  3937 E Tethering: 	at com.android.networkstack.tethering.BpfCoordinator.updateDataLimit(BpfCoordinator.java:1670)
04-29 20:11:48.885  1667  3937 E Tethering: 	at com.android.networkstack.tethering.BpfCoordinator.maybeSetLimit(BpfCoordinator.java:1682)
04-29 20:11:48.885  1667  3937 E Tethering: 	at com.android.networkstack.tethering.BpfCoordinator.access$2000(BpfCoordinator.java:95)
04-29 20:11:48.885  1667  3937 E Tethering: 	at com.android.networkstack.tethering.BpfCoordinator$BpfConntrackEventConsumer.accept(BpfCoordinator.java:1609)
04-29 20:11:48.885  1667  3937 E Tethering: 	at android.net.ip.ConntrackMonitor.processNetlinkMessage(ConntrackMonitor.java:196)
04-29 20:11:48.885  1667  3937 E Tethering: 	at android.net.ip.NetlinkMonitor.handlePacket(NetlinkMonitor.java:124)
04-29 20:11:48.885  1667  3937 E Tethering: 	at android.net.ip.NetlinkMonitor.handlePacket(NetlinkMonitor.java:54)
04-29 20:11:48.885  1667  3937 E Tethering: 	at com.android.networkstack.tethering.util.FdEventsReader.handleInput(FdEventsReader.java:246)
04-29 20:11:48.885  1667  3937 E Tethering: 	at com.android.networkstack.tethering.util.FdEventsReader.lambda$createAndRegisterFd$0(FdEventsReader.java:204)
04-29 20:11:48.885  1667  3937 E Tethering: 	at com.android.networkstack.tethering.util.FdEventsReader.$r8$lambda$ozTqz6s4K_T002rxqL3mi1wWqWs(Unknown Source:0)
04-29 20:11:48.885  1667  3937 E Tethering: 	at com.android.networkstack.tethering.util.FdEventsReader$$ExternalSyntheticLambda0.onFileDescriptorEvents(Unknown Source:2)
04-29 20:11:48.885  1667  3937 E Tethering: 	at android.os.MessageQueue.dispatchEvents(MessageQueue.java:295)
04-29 20:11:48.885  1667  3937 E Tethering: 	at android.os.MessageQueue.nativePollOnce(Native Method)
04-29 20:11:48.885  1667  3937 E Tethering: 	at android.os.MessageQueue.next(MessageQueue.java:337)
04-29 20:11:48.885  1667  3937 E Tethering: 	at android.os.Looper.loopOnce(Looper.java:168)
04-29 20:11:48.885  1667  3937 E Tethering: 	at android.os.Looper.loop(Looper.java:299)
04-29 20:11:48.885  1667  3937 E Tethering: 	at android.os.HandlerThread.run(HandlerThread.java:67)
04-29 20:11:48.885  1667  3937 E Tethering: [BpfCoordinator] ERROR Setting data limit for rmnet_data3 failed.
04-29 20:11:48.888  1667  3937 E Tethering: [api31.BpfCoordinatorShimImpl] ERROR Could not insert entry (iif: 35, dstMac: d6:75:ba:4e:dc:ef, l4proto: 6, src4: /192.168.218.16, dst4: /112.53.16.78, srcPort: 58812, dstPort: 443, oif: 17, ethDstMac: 00:00:00:00:00:00, ethSrcMac: 00:00:00:00:00:00, ethProto: 2048, pmtu: 1500, src46: /10.31.199.218, dst46: /112.53.16.78, srcPort: 58812, dstPort: 443, lastUsed: 0): android.system.ErrnoException: writeToMapEntry failed: EBADF (Bad file descriptor)
04-29 20:11:48.891  1667  3937 E Tethering: [api31.BpfCoordinatorShimImpl] ERROR Could not insert entry (iif: 17, dstMac: 00:00:00:00:00:00, l4proto: 6, src4: /112.53.16.78, dst4: /10.31.199.218, srcPort: 443, dstPort: 58812, oif: 35, ethDstMac: ec:2e:98:cb:fa:99, ethSrcMac: d6:75:ba:4e:dc:ef, ethProto: 2048, pmtu: 1500, src46: /112.53.16.78, dst46: /192.168.218.16, srcPort: 443, dstPort: 58812, lastUsed: 0): android.system.ErrnoException: writeToMapEntry failed: EBADF (Bad file descriptor)
04-29 20:11:48.892  1667  3937 E Tethering: [api31.BpfCoordinatorShimImpl] ERROR Could not add interface 17: android.system.ErrnoException: writeToMapEntry failed: EBADF (Bad file descriptor)
04-29 20:11:48.893  1667  3937 E Tethering: [api31.BpfCoordinatorShimImpl] ERROR Could not add interface 35: android.system.ErrnoException: writeToMapEntry failed: EBADF (Bad file descriptor)
04-29 20:11:48.894  1667  3937 E Tethering: [api31.BpfCoordinatorShimImpl] ERROR Could not get stats entry of interface index 17: : findMapEntry failed: EBADF (Bad file descriptor)
04-29 20:11:48.894  1667  3937 E Tethering: android.system.ErrnoException: findMapEntry failed: EBADF (Bad file descriptor)
04-29 20:11:48.894  1667  3937 E Tethering: 	at com.android.networkstack.tethering.BpfMap.findMapEntry(Native Method)
04-29 20:11:48.894  1667  3937 E Tethering: 	at com.android.networkstack.tethering.BpfMap.getRawValue(BpfMap.java:231)
04-29 20:11:48.894  1667  3937 E Tethering: 	at com.android.networkstack.tethering.BpfMap.getValue(BpfMap.java:220)
04-29 20:11:48.894  1667  3937 E Tethering: 	at com.android.networkstack.tethering.apishim.api31.BpfCoordinatorShimImpl.tetherOffloadSetInterfaceQuota(BpfCoordinatorShimImpl.java:260)
04-29 20:11:48.894  1667  3937 E Tethering: 	at com.android.networkstack.tethering.BpfCoordinator.sendDataLimitToBpfMap(BpfCoordinator.java:1646)
04-29 20:11:48.894  1667  3937 E Tethering: 	at com.android.networkstack.tethering.BpfCoordinator.updateDataLimit(BpfCoordinator.java:1670)
04-29 20:11:48.894  1667  3937 E Tethering: 	at com.android.networkstack.tethering.BpfCoordinator.maybeSetLimit(BpfCoordinator.java:1682)
04-29 20:11:48.894  1667  3937 E Tethering: 	at com.android.networkstack.tethering.BpfCoordinator.access$2000(BpfCoordinator.java:95)
04-29 20:11:48.894  1667  3937 E Tethering: 	at com.android.networkstack.tethering.BpfCoordinator$BpfConntrackEventConsumer.accept(BpfCoordinator.java:1609)
04-29 20:11:48.894  1667  3937 E Tethering: 	at android.net.ip.ConntrackMonitor.processNetlinkMessage(ConntrackMonitor.java:196)
04-29 20:11:48.894  1667  3937 E Tethering: 	at android.net.ip.NetlinkMonitor.handlePacket(NetlinkMonitor.java:124)
04-29 20:11:48.894  1667  3937 E Tethering: 	at android.net.ip.NetlinkMonitor.handlePacket(NetlinkMonitor.java:54)
04-29 20:11:48.894  1667  3937 E Tethering: 	at com.android.networkstack.tethering.util.FdEventsReader.handleInput(FdEventsReader.java:246)
04-29 20:11:48.894  1667  3937 E Tethering: 	at com.android.networkstack.tethering.util.FdEventsReader.lambda$createAndRegisterFd$0(FdEventsReader.java:204)
04-29 20:11:48.894  1667  3937 E Tethering: 	at com.android.networkstack.tethering.util.FdEventsReader.$r8$lambda$ozTqz6s4K_T002rxqL3mi1wWqWs(Unknown Source:0)
04-29 20:11:48.894  1667  3937 E Tethering: 	at com.android.networkstack.tethering.util.FdEventsReader$$ExternalSyntheticLambda0.onFileDescriptorEvents(Unknown Source:2)
04-29 20:11:48.894  1667  3937 E Tethering: 	at android.os.MessageQueue.dispatchEvents(MessageQueue.java:295)
04-29 20:11:48.894  1667  3937 E Tethering: 	at android.os.MessageQueue.nativePollOnce(Native Method)
04-29 20:11:48.894  1667  3937 E Tethering: 	at android.os.MessageQueue.next(MessageQueue.java:337)
04-29 20:11:48.894  1667  3937 E Tethering: 	at android.os.Looper.loopOnce(Looper.java:168)
04-29 20:11:48.894  1667  3937 E Tethering: 	at android.os.Looper.loop(Looper.java:299)
04-29 20:11:48.894  1667  3937 E Tethering: 	at android.os.HandlerThread.run(HandlerThread.java:67)
04-29 20:11:48.894  1667  3937 E Tethering: [BpfCoordinator] ERROR Setting data limit for rmnet_data3 failed.
04-29 20:11:48.896  1667  3937 E Tethering: [api31.BpfCoordinatorShimImpl] ERROR Could not insert entry (iif: 35, dstMac: d6:75:ba:4e:dc:ef, l4proto: 6, src4: /192.168.218.16, dst4: /112.53.16.78, srcPort: 58812, dstPort: 443, oif: 17, ethDstMac: 00:00:00:00:00:00, ethSrcMac: 00:00:00:00:00:00, ethProto: 2048, pmtu: 1500, src46: /10.31.199.218, dst46: /112.53.16.78, srcPort: 58812, dstPort: 443, lastUsed: 0): android.system.ErrnoException: writeToMapEntry failed: EBADF (Bad file descriptor)
04-29 20:11:48.897  1667  3937 E Tethering: [api31.BpfCoordinatorShimImpl] ERROR Could not insert entry (iif: 17, dstMac: 00:00:00:00:00:00, l4proto: 6, src4: /112.53.16.78, dst4: /10.31.199.218, srcPort: 443, dstPort: 58812, oif: 35, ethDstMac: ec:2e:98:cb:fa:99, ethSrcMac: d6:75:ba:4e:dc:ef, ethProto: 2048, pmtu: 1500, src46: /112.53.16.78, dst46: /192.168.218.16, srcPort: 443, dstPort: 58812, lastUsed: 0): android.system.ErrnoException: writeToMapEntry failed: EBADF (Bad file descriptor)
04-29 20:11:48.953   981  1164 E minksocket: MinkIPC_QRTR_Service: client with node 1 port 4a10 went down
04-29 20:11:48.953   981  1164 E minksocket: MinkIPC_QRTR_Service: client with node 1 port 4a14 went down
04-29 20:11:49.252   991 25531 I vendor.qti.bluetooth@1.0-ibs_handler: ProcessIbsCmd: Received IBS_WAKE_IND: 0xFD
04-29 20:11:49.253   991 25531 D vendor.qti.bluetooth@1.0-ibs_handler: SerialClockVote: vote for UART CLK ON
04-29 20:11:49.254   991 25531 D vendor.qti.bluetooth@1.0-wake_lock: Acquire wakelock is acquired 
04-29 20:11:49.254   991 25531 I vendor.qti.bluetooth@1.0-ibs_handler: ProcessIbsCmd: Writing IBS_WAKE_ACK
04-29 20:11:49.270  4180 25616 D MiuiMiHomeConnectController: getDeviceTimes
04-29 20:11:49.271  4180 25616 D MiuiMiHomeConnectController: result.getRssi = -6200:00:00:D6:76:FD
04-29 20:11:49.277  4180 25616 D MiuiMiHomeDownloadManager: check local file : null
04-29 20:11:49.277  4180 25616 D MiuiMiHomeDownloadManager: device: 4944    return rssiNum: -50
04-29 20:11:49.277  4180 25616 D MiuiMiHomeConnectController: rssi num is not fit cloud data 
04-29 20:11:49.295   991 25531 I vendor.qti.bluetooth@1.0-ibs_handler: ProcessIbsCmd: Received IBS_SLEEP_IND: 0xFE
04-29 20:11:49.295   991 25531 D vendor.qti.bluetooth@1.0-ibs_handler: SerialClockVote: vote for UART CLK OFF
04-29 20:11:49.446   991 25482 D vendor.qti.bluetooth@1.0-wake_lock: Release wakelock is released 
04-29 20:11:50.566  3824  4059 D MobileSignalController: slot: 0 ,Current state: 0 mobile State:0
04-29 20:11:50.579  1273  2320 W VsyncModulator: setTransactionSchedule: Unexpected EarlyEnd
04-29 20:11:50.580  1094  1094 E vendor.qti.hardware.perf@2.2-service: Unknown params
04-29 20:11:50.577  1094  1094 W perf@2.2-servic: type=1400 audit(0.0:870739): avc: denied { search } for name="1273" dev="proc" ino=15645186 scontext=u:r:vendor_hal_perf_default:s0 tcontext=u:r:surfaceflinger:s0 tclass=dir permissive=0
04-29 20:11:50.577  1094  1094 W perf@2.2-servic: type=1400 audit(0.0:870740): avc: denied { search } for name="1273" dev="proc" ino=15645186 scontext=u:r:vendor_hal_perf_default:s0 tcontext=u:r:surfaceflinger:s0 tclass=dir permissive=0
04-29 20:11:50.582  1094  1117 E ANDR-PERF-OPTSHANDLER: Can't process request: noroot_thread is not running
04-29 20:11:50.582  1094  1117 E ANDR-PERF-RESOURCEQS: Failed to apply optimization [7, 3]
04-29 20:11:50.768 29889 30937 I SmartThreadExecutor: handleMessage: start check 1
04-29 20:11:50.768 29889 30937 I SmartThreadExecutor: handleMessage: check end 1 -29 false
04-29 20:11:50.875  8996  9167 D DMS_DownloadService: updateLocked enter 
04-29 20:11:50.886  8996  9167 I DownloadInfo: checkIsNetworkTypeAllowed TYPE_DISALLOWED_BY_REQUESTOR flag=1 allow netTypes is 2
04-29 20:11:50.887  8996  9167 D DMS_DownloadService: Download 56: activeDownload=false, activeScan=false nextActionMillis=0
04-29 20:11:50.888  8996  9167 I DownloadInfo: checkIsNetworkTypeAllowed TYPE_DISALLOWED_BY_REQUESTOR flag=1 allow netTypes is 2
04-29 20:11:50.889  8996  9167 D DMS_DownloadService: Download 57: activeDownload=false, activeScan=false nextActionMillis=0
04-29 20:11:50.889  8996  9167 D DMS_DownloadService: Download 63: activeDownload=false, activeScan=false nextActionMillis=9223372036854775807
04-29 20:11:50.890  8996  9167 I DownloadInfo: checkIsNetworkTypeAllowed TYPE_DISALLOWED_BY_REQUESTOR flag=1 allow netTypes is 2
04-29 20:11:50.890  8996  9167 D DMS_DownloadService: Download 64: activeDownload=false, activeScan=false nextActionMillis=0
