04-29 20:11:38.466 11673 12788 D MSF.D.Proxy: tokenExpired, failcode:2013 fromServiceMsg:84443713
04-29 20:11:38.467 11241 11406 I MSF.S.AppProcessManager: SendToApp PUSH process:com.tencent.mobileqq fromServiceMsg: FromServiceMsg msName:unknown ssoSeq:-1826952635 serviceCmd:MessageSvc.PushForceOffline appSeq:-1826952635 failCode:2013 cost = 0 needBoot=false from.len = 325
04-29 20:11:38.467 11673 11673 W mqq     : *1077 logout by forceLogout, true
04-29 20:11:38.467  1273  4363 W VsyncModulator: setTransactionSchedule: Unexpected EarlyEnd
04-29 20:11:38.467 29889 31945 D MSF.D.Proxy: onRecvServicePushResp, fromServiceMsg cmd = MessageSvc.PushForceOffline, ssoSeq = -1826952635, length = 325
04-29 20:11:38.469  1094  1094 E vendor.qti.hardware.perf@2.2-service: Unknown params
04-29 20:11:38.465  1094  1094 W perf@2.2-servic: type=1400 audit(0.0:870710): avc: denied { search } for name="1273" dev="proc" ino=15645186 scontext=u:r:vendor_hal_perf_default:s0 tcontext=u:r:surfaceflinger:s0 tclass=dir permissive=0
04-29 20:11:38.469  1094  1117 E ANDR-PERF-OPTSHANDLER: Can't process request: noroot_thread is not running
04-29 20:11:38.469  1094  1117 E ANDR-PERF-RESOURCEQS: Failed to apply optimization [7, 3]
04-29 20:11:38.470 11673 11673 D MobileQQ: dispatchAE S onLogou
04-29 20:11:38.471 29889 29889 W QQProxyForQlink: receive qqAccountbroacast action=mqq.intent.action.ACCOUNT_KICKED
04-29 20:11:38.473 11673 11673 D QZoneAppInterface: onReceiveAccountAction...
04-29 20:11:38.473 11816 11816 I MODULE_GY_AECAMERA :PeakAppInterface: onReceiveAccountAction
04-29 20:11:38.473 11816 11816 E MODULE_GY_AECAMERA :PeakAppInterface: onBeforeExitProc
04-29 20:11:38.474 11816 11816 I mqq     : [AppRuntime]ToolRuntimePeak (*1077) onDestroy
04-29 20:11:38.475 11670 11670 D MiniAppInterface: Kill process com.tencent.mobileqq
04-29 20:11:38.475 11670 11670 I Process : Sending signal. PID: 11670 SIG: 9
04-29 20:11:38.477  1667  6692 D ActivityManager: report kill process: killerPid is:11670, killedPid is:11670
04-29 20:11:38.478 11164 11164 D Wadl_WadlRemoteHandler: onDestroy...
04-29 20:11:38.478 11816 11816 I mqq     : [AppRuntime]PeakAppInterface (*1077) onDestroy
04-29 20:11:38.478 11164 11164 D MSF.D.AppNetInfoNewImpl: unRegisterNetInfoHandler 7ac717e
04-29 20:11:38.478 11164 11164 D Wadl_WadlChecker: cancelAll
04-29 20:11:38.478 11164 11164 D Wadl_WadlGameCenterNotification: cancelAllDownloadNotification, app count:0
04-29 20:11:38.478 11164 11164 D Wadl_WadlGameCenterTaskMgr: pauseAllDownloadTask isPausedByNet=false
04-29 20:11:38.479 11164 11164 D Wadl_WadlChecker: cancelAll
04-29 20:11:38.479 11164 11164 D Wadl_WadlTgpaNotification: cancelAllDownloadNotification, app count:0
04-29 20:11:38.479 11164 11164 D Wadl_WadlTgpaTaskMgr: pauseAllDownloadTask isPausedByNet=false
04-29 20:11:38.479 11164 11164 D Wadl_WadlChecker: cancelAll
04-29 20:11:38.479 11164 11164 D VM_WadlVMTaskManager: pauseAllDownloadTask isPausedByNet=false
04-29 20:11:38.479 11164 11164 D VM_WadlVMNotification: cancelAllDownloadNotification, app count:0
04-29 20:11:38.479 11164 11164 I Process : Sending signal. PID: 11164 SIG: 9
04-29 20:11:38.481  1667  1721 D ActivityManager: report kill process: killerPid is:11164, killedPid is:11164
04-29 20:11:38.483 29889 31945 D MSF.D.Proxy: tokenExpired, failcode:2013 fromServiceMsg:73567517
04-29 20:11:38.483 11241 11406 I MSF.S.AppProcessManager: SendToApp PUSH process:com.tencent.mobileqq:peak fromServiceMsg: FromServiceMsg msName:unknown ssoSeq:-1826952635 serviceCmd:MessageSvc.PushForceOffline appSeq:-1826952635 failCode:2013 cost = 0 needBoot=false from.len = 325
04-29 20:11:38.484 11673 11673 E QZLog   : exitProcess call,destroy()
04-29 20:11:38.485 11673 11673 I QZLog   : QBSvc.onLogout cancel
04-29 20:11:38.485 11816 12340 D MSF.D.Proxy: onRecvServicePushResp, fromServiceMsg cmd = MessageSvc.PushForceOffline, ssoSeq = -1826952635, length = 325
04-29 20:11:38.486 11816 12340 D MSF.D.Proxy: tokenExpired, failcode:2013 fromServiceMsg:218782846
04-29 20:11:38.487 11241 11406 I MSF.S.AppProcessManager: SendToApp PUSH process:com.tencent.mobileqq:gameservice fromServiceMsg: FromServiceMsg msName:unknown ssoSeq:-1826952635 serviceCmd:MessageSvc.PushForceOffline appSeq:-1826952635 failCode:2013 cost = 0 needBoot=false from.len = 325
04-29 20:11:38.488 11673 11673 D MSF.D.RemoteServiceProxy: unlinkToDeath
04-29 20:11:38.488 11241 11497 I SharedPreferencesProxyManager: getProxyInner from mRemoteSPs
04-29 20:11:38.489 29889 29889 I SharedPreferencesProxyManager: getProxyInner from mLocalSPs
04-29 20:11:38.489 11241 11259 D MSF.S.ReqHandler: handleMsfRequest unRegisterMsfService
04-29 20:11:38.489 11241 11497 D MSF.C.PushManager:PushCoder: HPush_msf-pushCoder.vendor_push_type:1
04-29 20:11:38.489 11241 11259 I MSF.S.AppProcessManager: onUnRegisterApp process=com.tencent.mobileqq:qzone stopWakeupProcess=true
04-29 20:11:38.489 11241 11400 D MSF.C.MonitorNetFlowStore: MonitorWriteDataThread Enter
04-29 20:11:38.490 11241 11383 D MSF.C.NetConnTag.true: use full head for uin:*1077
04-29 20:11:38.490 11816 11816 I Process : Sending signal. PID: 11816 SIG: 9
04-29 20:11:38.490 11241 11259 D MSF.S.AppProcessInfo: setAppDisConnected appProcessName = com.tencent.mobileqq:qzone, isAppConnected = false, halfCloseStatus = false, keepProcessAlive = false, preCallback = c76f091
04-29 20:11:38.490 11241 11497 D MSF.C.PushManager:PushCoder: handlerPush send 289654E3A0A7A5624590F6AA09B29C6F unregister push id 0 pushStatus:21 bRegType:0 extStatus:-1 batter:0
04-29 20:11:38.490 11241 11383 D MSF.C.NetConnTag.: clear storeSendSsoSeq tag for uin:*1077
04-29 20:11:38.490 11241 11383 D MSF.C.NetConnTag.true: pa ok: 68919
04-29 20:11:38.490 11241 11383 D MSF.C.NetConnTag.DualConnContext.true: tryDualConn
04-29 20:11:38.490  1667  6177 D ActivityManager: report kill process: killerPid is:11816, killedPid is:11816
04-29 20:11:38.491 11241 11383 D MSF.C.NetConnTag.true: netSend ssoSeq:68919 uin:*1077 cmd:GTcxIAkuJnQ4Jjc9KSwgKA 69491 4ca14f5
04-29 20:11:38.491 11241 11383 D MSF.C.NetConnTag.true: send Packet addQueue, ssoSeq=68919, uin=*1077
04-29 20:11:38.514 11241 11400 D MSF.C.MonitorNetFlowStore: write data lenth : 54867 | read data lenth : 88557, has been stored.
04-29 20:11:38.514 11241 11400 D MSF.C.MonitorNetFlowStore: MonitorWriteDataThread End takeTimes=25
04-29 20:11:38.518 29889 29889 I vivianliao:  qua :TMASDK_100/01100&NA/01100&12_31_0&90_187_14&Xiaomi_M2102K1AC&NA&NA&V3
04-29 20:11:38.518 29889 29889 I ProtocolHelper: threadPool.shutdown()
04-29 20:11:38.519 11241 11259 D MSF.C.NetConnTag.true: add 68920 cmd:GTcxIAkuJnQIKj4wDzEr uin: *1077 len: 163 msg to GRAfehY3IjMkDjUmPT0 delayWaitSendList
04-29 20:11:38.520 11673 11673 D MSF.D.RemoteServiceProxy: unbindService service finished
04-29 20:11:38.520 29889 29889 D BadgeUtils_UnreadMonitor: setBadge limit: 999, count: 0
04-29 20:11:38.520 29889 30313 D CommonBadgeUtilImpl: setBadge count=0|forceSet=false
04-29 20:11:38.524 29889 29889 D MiniAppUtils: [MiniAppUserAppInfoListManager]. updateMiniAppList, type = 100
04-29 20:11:38.530 29889 29889 E YesApiImpl: doWhenQQLogout, hasCalledBiz = false
04-29 20:11:38.530 29889 29889 W mqq     : *1077 logout by forceLogout, true
04-29 20:11:38.530 29889 29889 D GuardManager: [process] filterRealForegroundProcMap: invoked.  realProcMap: {com.tencent.mobileqq=1651234275700}
04-29 20:11:38.531 29889 29889 I TeleScreen|JefsClass: intercept: 
04-29 20:11:38.531 29889 29889 I TeleScreen|JefsClass: intercept: 
04-29 20:11:38.532  1667  6177 I ActivityTaskManager: START u0 {act=mqq.intent.action.ACCOUNT_KICKED flg=0x10000000 pkg=com.tencent.mobileqq cmp=com.tencent.mobileqq/.activity.NotificationActivity (has extras)} from uid 10304
04-29 20:11:38.532  1667  6177 D MiuiMultiWindowAdapter: getFreeformBlackList: Origin Logic
04-29 20:11:38.532  1667  6177 D MiuiMultiWindowAdapter: MiuiMultiWindowAdapter::getFreeformBlackList::sSmallWindowBlackList = [com.miui.securitycenter, com.miui.weather2, com.miui.miservice, com.xiaomi.calendar, com.android.contacts, com.miui.mishare.connectivity, com.android.settings, com.android.printspooler, com.miui.backup, com.miui.huanji, com.miui.calculator, com.android.deskclock, com.android.thememanager, com.mfashiongallery.emag, com.miui.virtualsim, com.miui.smarttravel, com.mi.health, com.android.camera, com.lbe.security.miui, com.miui.cleanmaster, com.miui.newhome, com.miui.voiceassist, com.android.phone, com.miui.yellowpage, com.android.updater, com.miui.tsmclient, com.miui.securitycore, com.xiaomi.account, com.xiaomi.shop, com.mipay.wallet, com.xiaomi.youpin, com.xiaomi.hm.health, com.miui.bugreport, com.xiaomi.mibrain.speech, com.xiaomi.mimoji, com.xiaomi.scanner, com.duokan.phone.remotecontroller, com.miui.hybrid, com.miui.video, com.miui.videoplayer, com.miui.fm, com.miui.packageinstaller, com.mi.android.globallauncher, com.mi.android.globallauncher-poco, com.google.android.dialer, com.google.android.apps.magazines, com.miui.compass, com.miui.greenguard, com.kiteguard, com.google.android.apps.prodcasts, com.google.ar.lens, com.xiangkan.android, com.android.bankabc, com.sohu.inputmethod.sogou, com.tencent.mtt, com.shyz.toutiao, com.netease.mc.mi, com.outfit7.talkingtomgoldrun.mi, com.doudz.mi, com.wepie.snake.new.mi, cn.jj, com.standddz002.mi, com.miHoYo.bh3.mi, com.qqgame.hlddz, com.happyelements.AndroidAnimal, com.minitech.miniworld.TMobile.mi, com.mfp.jelly.xiaomi, com.lilithgames.afk.mi, com.tencent.peng, com.teenpatti.hd.gold, blockpuzzle.jewelgames.jewelslegend, com.playgendary.tanks, com.chillingo.robberybobfree.android.row, com.episodeinteractive.android.catalog, com.playrix.township, com.ansangha.drdriving, com.google.android.youtube, com.gbits.atm.mi, com.tencent.tetris, com.sukhavati.gotoplaying.bubble.BubbleShooter.mint, com.block.puzzle.game.hippo.mi, com.youzu.bs.mi, com.baidu.BaiduMap, com.google.android.googlequicksearchbox, com.appsomniacs.da2, com.android.stk, com.feiyu.carrot3.mi, com.popcap.pvz2cthdxm, com.mxtech.videoplayer.ad, cn.cisc, com.kiloo.subwaysurf, com.cncyj.mostbrain, pdf.tap.scanner, com.og.ttddz.mi, com.ximalaya.ting.lite, com.google.android.apps.podcasts, com.google.android.apps.googleassistant, com.netease.onmyoji.mi, com.netease.onmyoji.bili, com.netease.mrzh.mi, com.netease.mrzh.bili, com.tencent.tmgp.yys.zqb, com.google.android.gm, com.google.android.calendar, com.android.chrome, com.google.android.apps.youtube.music, com.netease.pes.huawei, com.netease.pes.mi, com.netease.pes.bili, com.flyfish.supermario, com.picsart.studio, com.netease.dwrg.mi, com.netease.dwrg.bili, com.netease.dwrg.nearme.gamecenter, com.netease.dwrg, com.netease.dwrg.huawei, com.tencent.tmgp.dwrg, com.netease.dwrg.m4399, com.netease.dwrg.mz, com.netease.dwrg.aligames, com.netease.dwrg.baidu, com.netease.dwrg.qihoo, com.moji.mjweather, com.tencent.tmgp.kof98, com.netease.onmyoji, com.taobao.idlefish, com.ledou.mhhy.mi, com.hzfy.ddzbs.mi]
04-29 20:11:38.533  1667  6177 D PerfImpl: perfHint
04-29 20:11:38.534  1094  1094 E vendor.qti.hardware.perf@2.2-service: Unknown params
04-29 20:11:38.534 11241 11497 W MSF.S.AppProcessInfo: binderDied appProcessName = com.tencent.mobileqq:gameservice, keepProcessAlive = false, isBinderConnectOptEnable = false
04-29 20:11:38.535 29889 31784 E Wadl_WadlProxyServiceManager: binderDied, diedCount=3
04-29 20:11:38.535 29889 31784 I Wadl_WadlProxyServiceMonitor: setCheckRate rate=1.0,checkInterval=30000,isServiceDied=true
04-29 20:11:38.535 11241 11406 D MSF.S.AppProcessInfo: setAppDisConnected appProcessName = com.tencent.mobileqq:gameservice, isAppConnected = false, halfCloseStatus = false, keepProcessAlive = false, preCallback = 639ff51
04-29 20:11:38.535 11241 11406 W MSF.S.AppProcessManager: DeadObjectException process=com.tencent.mobileqq:gameservice cost=48, isBinderConnectOptEnable = falseandroid.os.DeadObjectException
04-29 20:11:38.535 11241 11406 W MSF.S.AppProcessManager: 	at android.os.BinderProxy.transactNative(Native Method)
04-29 20:11:38.535 11241 11406 W MSF.S.AppProcessManager: 	at android.os.BinderProxy.transact(BinderProxy.java:624)
04-29 20:11:38.535 11241 11406 W MSF.S.AppProcessManager: 	at com.tencent.qphone.base.remote.IMsfServiceCallbacker$Stub$Proxy.onReceivePushResp(P:260)
04-29 20:11:38.535 11241 11406 W MSF.S.AppProcessManager: 	at com.tencent.mobileqq.msf.service.b.a(P:686)
04-29 20:11:38.535 11241 11406 W MSF.S.AppProcessManager: 	at com.tencent.mobileqq.msf.service.b.a(P:603)
04-29 20:11:38.535 11241 11406 W MSF.S.AppProcessManager: 	at com.tencent.mobileqq.msf.service.b.a(P:472)
04-29 20:11:38.535 11241 11406 W MSF.S.AppProcessManager: 	at com.tencent.mobileqq.msf.service.b.run(P:375)
04-29 20:11:38.535 11241 11406 I MSF.S.AppProcessManager: SendToApp PUSH process:com.tencent.mobileqq:mini fromServiceMsg: FromServiceMsg msName:unknown ssoSeq:-1826952635 serviceCmd:MessageSvc.PushForceOffline appSeq:-1826952635 failCode:2013 cost = 0 needBoot=false from.len = 325
04-29 20:11:38.535   840   840 I Zygote  : Process 11164 exited due to signal 9 (Killed)
04-29 20:11:38.535  1667  6177 D PerfImpl: perfHint
04-29 20:11:38.536  1094  1094 E vendor.qti.hardware.perf@2.2-service: Unknown params
04-29 20:11:38.536  1094  1118 E ANDR-PERF-LM: MetaMeter: handleAsync() 166: AdaptLaunch Invalid Async
04-29 20:11:38.536  1667  6177 D PerfImpl: perfHint
04-29 20:11:38.536  1094  1094 E vendor.qti.hardware.perf@2.2-service: Unknown params
04-29 20:11:38.536  1667  6177 D PerfImpl: perfGetFeedback
04-29 20:11:38.536  1094  1094 E vendor.qti.hardware.perf@2.2-service: Unknown params
04-29 20:11:38.536  1667  4174 I ActivityManager: Process com.tencent.mobileqq:gameservice (pid 11164) has died: vis BTOP
04-29 20:11:38.536  1667  6177 D PerfImpl: perfHint
04-29 20:11:38.536  1094  1094 E vendor.qti.hardware.perf@2.2-service: Unknown params
04-29 20:11:38.536  1667  2176 I libprocessgroup: Successfully killed process cgroup uid 10304 pid 11164 in 0ms
04-29 20:11:38.536 11673 11673 D SystemTools: killPictureProcess...
04-29 20:11:38.537  1667  6177 D PerfImpl: perfIOPrefetchStart
04-29 20:11:38.537  1667  6177 E ANDR-PERF-JNI: com_qualcomm_qtiperformance_native_perf_io_prefetch_start
04-29 20:11:38.537  1094  1118 E ANDR-PERF-LM: MetaMeter: handleAsync() 166: AdaptLaunch Invalid Async
04-29 20:11:38.537  1094  1118 E ANDR-PERF-LM: MetaMeter: handleAsync() 166: AdaptLaunch Invalid Async
04-29 20:11:38.537  1667  6177 D MiuiFreeFormManagerService: onStartActivityInner as = Task{86eb98f #1789 type=standard A=10304:com.tencent.mobileqq U=0 visible=true mode=fullscreen translucent=false sz=1} op = null
04-29 20:11:38.537  1667  6177 D MiuiFreeFormManagerService: onStartActivityInner as = Task{86eb98f #1789 type=standard A=10304:com.tencent.mobileqq U=0 visible=true mode=fullscreen translucent=false sz=1} op = null
04-29 20:11:38.537  1667  6177 D PerfImpl: perfColdLaunchBoost: android, -1, 1
04-29 20:11:38.537  1094  1094 E vendor.qti.hardware.perf@2.2-service: Unknown params
04-29 20:11:38.538 29889 31784 D Wadl_QQGameTrpcServiceImpl: reportAtta reportData={"target":1,"report_list":[{"data":{"itimestamp":"1651234298","domain":"1","sq_ver":"8.8.68","gamecenter_ver":"","gamecenter_ver_type":"2","device_type":"Xiaomi","net_type":"4G","resolution":"1440*3007","is_red_point":"0","is_new_status":"0","ret_id":"0","oper_moudle":"558","oper_id":"204685","apk_volume":"0","gamecenter_src":"1","ext1":"55801","ext3":"1","ext4":"444","ext36":"{\"leftMemorySize\":3699}","ext11":"4","ext12":"430","ext14":"M2102K1AC","ext15":"12","ext16":"0","ext48":"service dlied","ext49":"3699","ext50":"171732"},"dc_id":"08a00036462"}]}
04-29 20:11:38.538  1667  6177 D CompatibilityChangeReporter: Compat change id reported: 174042980; UID 10304; state: DISABLED
04-29 20:11:38.538 29889 31784 D Wadl_QQGameTrpcServiceImpl: createTrpcInvokeReq cmdId=/v1/11,sendOnly=true,data=[B@fc77f89
04-29 20:11:38.538 29889 31784 D Wadl_QQGameTrpcServiceImpl: requestTrpc trpcListReq=com.tencent.gamecenter.wadl.biz.entity.TrpcProxy$TrpcListReq@dc33b8e,extra=null,appRuntime=com.tencent.mobileqq.app.QQAppInterface@c566f13
04-29 20:11:38.538 29889 31784 E mqq     : can not send intent ,false|true|false
04-29 20:11:38.538  1667  6177 D CompatibilityChangeReporter: Compat change id reported: 184838306; UID 10304; state: DISABLED
04-29 20:11:38.539  1667  6177 D CompatibilityChangeReporter: Compat change id reported: 185004937; UID 10304; state: DISABLED
04-29 20:11:38.539  1092  4843 E ANDR-IOP: io prefetch is disabled
04-29 20:11:38.541  1667  6177 D PerfImpl: perfWarmLaunchBoost: com.tencent.mobileqq, -1, 2
04-29 20:11:38.541  1094  1094 E vendor.qti.hardware.perf@2.2-service: Unknown params
04-29 20:11:38.541  1094  1117 E ANDR-PERF-OPTSHANDLER: Perflock resource /sys/class/devfreq/soc:qcom,cpubw/max_freq not supported
04-29 20:11:38.541  1094  1117 E ANDR-PERF-RESOURCEQS: Failed to apply optimization [6, 6]
04-29 20:11:38.541  1094  1117 E ANDR-PERF-OPTSHANDLER: Perflock resource /sys/class/devfreq/soc:qcom,cpubw/min_freq not supported
04-29 20:11:38.541  1094  1117 E ANDR-PERF-RESOURCEQS: Failed to apply optimization [6, 0]
04-29 20:11:38.542  1667  6177 W MiuiFreeFormGesturePointerEventListener: setMiuiFreeFormTouchExcludeRegion mTouchExcludeRegion = SkRegion((0,0,1440,137)(0,1963,1440,3337))
04-29 20:11:38.545  1667  4174 W ActivityManager: Scheduling restart of crashed service com.tencent.mobileqq/com.tencent.gamecenter.wadl.api.impl.WadlProxyService in 4000ms for connection
04-29 20:11:38.545  6175  6205 I com.xiaomi.xms: oneway function results for code 3 on binder at 0xb4000073aecc6a80 will be dropped but finished with status UNKNOWN_TRANSACTION
04-29 20:11:38.546  1667  3127 I MiuiNetworkPolicy: updateUidState uid = 10164, uidState = 19
04-29 20:11:38.548 29889 29889 D MiniAppDesktop: [DesktopDataManager], onReceive, type = 100 , mContentView = com.tencent.mobileqq.mini.entry.desktop.MiniAppDesktopLayout{619cfaf V.E...... .......D 0,0-1440,3200}
04-29 20:11:38.549 29889 29889 D MobileQQ: dispatchAE  onLogou
04-29 20:11:38.550 29889 29889 D TextHook: updateFont, checked state failed, supportFont : root is null : false
04-29 20:11:38.550 29889 29889 I SharedPreferencesProxyManager: getProxyInner from mLocalSPs
04-29 20:11:38.550 11673 11673 D SystemTools: killImageService...
04-29 20:11:38.550 29889 29889 E VasIPCModule: onCall missing action = com.tencent.mobileqq.vas.tianshu.TianshuWebManagerImpl$setTraceInfoOfLastClick
04-29 20:11:38.550 29889 29889 I TianshuWebManagerImpl: setTraceInfoOfLastClick:{}
04-29 20:11:38.551 29889 29889 D MobileQQ: dispatchAE S onLogou
04-29 20:11:38.551 29889 29889 D MobileQQ: dispatchAE S onLogou
04-29 20:11:38.551 29889 29889 D QQPlayerService: [onLogout]
04-29 20:11:38.551 11673 11673 I mqq     : [AppRuntime]QzoneMainRuntime (*1077) onDestroy
04-29 20:11:38.551 29889 29889 D MobileQQ: dispatchAE S onLogou
04-29 20:11:38.551 29889 29889 D MobileQQ: dispatchAE S onLogou
04-29 20:11:38.552 29889 29889 I Wadl_WadlProxyServiceManager: onServiceDisconnected
04-29 20:11:38.552 29889 29889 I app.AppEventReporter: onActivityPause(), activity=com.tencent.mobileqq.activity.SplashActivity@c3b82c2
04-29 20:11:38.552 29889 29889 D QQDtReporter: 848QQDT _report eventKey: dt_pgout, appKey:0S200MNJT807V3GE, type: NORMAL, isQCircle: false, isMsfImme: false, reportPolicy: 0, params: {client_page_name=com.tencent.mobileqq.activity.SplashActivity_0, dt_starttype=0, dt_wxopenid=, dt_refpg_contentid=242532830, dt_seqtime=1644307391650, app_bld=2538, dt_fchlid=, os_vrsn=Android 12, dt_mchlid=, client_process_name=com.tencent.mobileqq, dt_tid=, dt_guid=5141f1aa58ea5d8f94bdebbb338cbaf2, dt_usstmp=1651232962784, dt_pg_contentid=242638869, dt_ref_pgid=pg_aio, dt_pgstp=14, dt_callfrom=, dt_qq=2448021077, dt_usid=1651232962784600, dt_ussn=1644303311680505, dt_lvtm=22674, dt_qqopenid=, dt_omgbzid=, dt_seqid=7636, os=1, dt_mainlogin=, udf_kv={"uin_to":"944427937","ref_pg":{"uin_to":"944427937","type_aio_pg":"1","pg_contentid":"242532830","pgid":"pg_aio","source_aio_appear":"0","aio_send_msg_cnt":"0","aio_session_time":"98357572556696","aio_recv_msg_cnt":"4","aio_disappear_type":"3"},"type_aio_pg":"1","pgid":"pg_aio","aio_send_msg_cnt":"0","source_aio_appear":"14","aio_session_time":"98463611899937","aio_recv_msg_cnt":"1","pg_stp":14,"lvtm":22674,"pg_contentid":"242638869","aio_disappear_type":"3"}, dt_is_interactive_flag=1, dt_protoversion=1, dt_wbopenid=, dt_callschema=, dt_simtype=3, qq_appid=537112593, dt_pgid=pg_aio, dt_oaid=, dt_adcode=, dt_wxunionid=, dt_accountid=2448021077, ui_vrsn=MIUI V130, dt_sdkversion=2300, app_vr=8.8.68, dt_coldstart=1}
04-29 20:11:38.552 29889 29889 I ElementExposure.ElementExposureReporter: onPageOut(), pageId = pg_aio
04-29 20:11:38.553 11673 11673 I mqq     : [AppRuntime]QZoneAppInterface (*1077) onDestroy
04-29 20:11:38.553 11673 11673 I Process : Sending signal. PID: 11673 SIG: 9
04-29 20:11:38.553  1667  4174 D ActivityManager: report kill process: killerPid is:11673, killedPid is:11673
04-29 20:11:38.554 29889 29889 I Q.aio.ChatFragment: onHiddenChanged hidden = true, code=26782904
04-29 20:11:38.554 29889 29889 D [cmshow]ChatPieApolloViewController: onPause
04-29 20:11:38.554 29889 29889 I ListenTogether.Manager: onExitAio. mLastEnterAIOId:204707925 aioId:204707925
04-29 20:11:38.554 29889 29889 I ArkApp.ArkAioContainerWrapper: doArkAppEvent type:0
04-29 20:11:38.555 29889 30796 D LebaQCirclePartImpl: onConfigChange
04-29 20:11:38.555 29889 30796 I QzoneConfig: enableDirectIpQZoneConfig:true
04-29 20:11:38.555 29889 30796 I QzoneConfig: enableDirectIpQZoneConfig:true
04-29 20:11:38.556 29889 29889 D AIODtReportHelper_850_reportEvent: onStop report show: params = {uin_to=944427937, is_return=0, type_aio_pg=1, source_aio_appear=14, A8=2448021077, cur_time=1651234298556, stay_time=22965}
04-29 20:11:38.556 29889 29889 D MainFragment: onHiddenChangedfalse
04-29 20:11:38.557  7761 10429 D MirrorManager:  sendAcceptInput 0 0
04-29 20:11:38.558 29889 29889 I InputContainer: android.widget.TextView{506981c VFED..CL. .F....ID 21,0-261,81 #7f0b5e3f app:id/t0x aid=1073741825}
04-29 20:11:38.558 29889 29889 D AIOSendAnimationHelper: hasBeenUpdate: true
04-29 20:11:38.558 29889 29889 D AIOSendAnimationHelper: drawWithListAnimation failed:  mInputBarSize == null || mItemBitmap == null
04-29 20:11:38.558 29889 29889 E AIOSendAnimationHelper: drawWithListAnimation param wrong：DrawParamInvalid
04-29 20:11:38.559 29889 29889 D MSF.D.AppNetInfoNewImpl: unRegisterNetInfoHandler c339855
04-29 20:11:38.559 29889 29889 D FriendChatPie: AIOTime doOnUnRegReceivers :truehashCode = c339855
04-29 20:11:38.559 29889 29889 D [cmshow]ChatPieApolloViewController: onDestroy
04-29 20:11:38.559 29889 29889 I [cmshow][scripted]SpriteScriptManager: reset
04-29 20:11:38.559 29889 29889 W [cmshow][scripted]SpriteContext: clear
04-29 20:11:38.559 29889 29889 E [cmshow]ChatPieApolloViewController: [onDestory] isViewAvailable:false
04-29 20:11:38.559 29889 29889 I IceBreak.HotPic: onMoveToState destroy.
04-29 20:11:38.559 29889 29889 D SDK_SHARE.ForwardShareByServerHelper: hideWaiteDialog
04-29 20:11:38.559 29889 29889 I QEffectBgProvider: destroy qeffect, duration:0
04-29 20:11:38.559 29889 29889 I AIOMusicSkin: leave
04-29 20:11:38.559 29889 29889 I ListenTogether.Manager: onDestroyAIO. type: 2 uin:944427937 mLastEnterAIOId:204707925 aioId:204707925
04-29 20:11:38.559 29889 29889 D OnLineStatusHelper: getOnlineStatusItem status=online onlineStatusIDValue=0
04-29 20:11:38.559 29889 12885 E mqq     : can not send intent ,false|true|false
04-29 20:11:38.560 29889 29889 D OnLineStatusHelper: getOnlineStatusItem status=online onlineStatusIDValue=0
04-29 20:11:38.560 29889 29889 D OnLineStatusHelper: getOnlineStatusItem status=online onlineStatusIDValue=0
04-29 20:11:38.560 29889 29889 D OnLineStatusHelper: getOnlineStatusItem status=online onlineStatusIDValue=0
04-29 20:11:38.560 29889 29889 D SDK_SHARE.ForwardSDKB77AIOHelper: hideWaiteDialog
04-29 20:11:38.560 29889 29889 D SDK_SHARE.ForwardSDKB77AIOHelper: onMoveToState DESTROY
04-29 20:11:38.560 29889 29889 D AIODtReportHelper: doOnDestroy: mRootView = null ? false
04-29 20:11:38.560 29889 29889 E page.PageSwitchObserver: postAppearDetectionTask: unable to detect activity
04-29 20:11:38.560 29889 29889 I ArkHelper: $Counter@226023324 onDestroy | currentReferenceCount = 0
04-29 20:11:38.560 29889 29889 I ArkHelper: onDestroy | ArkHelper@97565202 dispatch release ark container event
04-29 20:11:38.560 29889 29889 I ArkApp.ArkAioContainerWrapper: doArkAppEvent type:2
04-29 20:11:38.560 29889 29889 I QQAioUserHomeListView: onDestroy: 
04-29 20:11:38.561 29889 29889 I placeholder: fitSystemWindows this:com.tencent.widget.FitSystemWindowsRelativeLayout{cb26de6 V.E...... ......ID 0,0-1440,3200 #7f0b026f app:id/ir} insets is Rect(0, 0 - 0, 0)
04-29 20:11:38.561 29889 18337 I DbCacheDatabase: [DB]382b4f3e0b0897d7d031e61bde0a2c9a  attach sessionId:228417956mAttachCount:15
04-29 20:11:38.561  1667  6692 D PerfImpl: perfWarmLaunchBoost: com.tencent.mobileqq, -1, 2
04-29 20:11:38.562  1094  1094 E vendor.qti.hardware.perf@2.2-service: Unknown params
04-29 20:11:38.562  1094  1117 E ANDR-PERF-OPTSHANDLER: Perflock resource /sys/class/devfreq/soc:qcom,cpubw/max_freq not supported
04-29 20:11:38.562  1094  1117 E ANDR-PERF-RESOURCEQS: Failed to apply optimization [6, 6]
04-29 20:11:38.562  1094  1117 E ANDR-PERF-OPTSHANDLER: Perflock resource /sys/class/devfreq/soc:qcom,cpubw/min_freq not supported
04-29 20:11:38.562  1094  1117 E ANDR-PERF-RESOURCEQS: Failed to apply optimization [6, 0]
04-29 20:11:38.562  1667  6692 D PerfImpl: perfColdLaunchBoost: com.tencent.mobileqq, 29889, 102
04-29 20:11:38.562  1094  1094 E vendor.qti.hardware.perf@2.2-service: Unknown params
04-29 20:11:38.563  1667  6692 W ActivityTaskManager: Tried to set launchTime (0) < mLastActivityLaunchTime (97435758)
04-29 20:11:38.563  1667  3127 I MiuiNetworkPolicy: updateUidState uid = 10164, uidState = 5
04-29 20:11:38.564  1667  6692 W MiuiFreeFormGesturePointerEventListener: setMiuiFreeFormTouchExcludeRegion mTouchExcludeRegion = SkRegion((0,0,1440,3337))
04-29 20:11:38.564  1667  6692 D WindowManager: Input focus has changed to null display=0
04-29 20:11:38.565  1094  1118 E ANDR-PERF-LM: MetaMeter: handleAsync() 166: AdaptLaunch Invalid Async
04-29 20:11:38.565  1667  6692 W MiuiFreeFormGesturePointerEventListener: setMiuiFreeFormTouchExcludeRegion mTouchExcludeRegion = SkRegion((0,0,1440,3337))
04-29 20:11:38.565 29889 29889 W QQProxyForQlink: receive qqAccountbroacast action=mqq.intent.action.ACCOUNT_KICKED
04-29 20:11:38.565  6199 20846 I BeautyService: beaty service exit
04-29 20:11:38.566 29889 12910 I UECPageStayReportManager: UECReportTimeLongTask time = 3
04-29 20:11:38.566 29889 12910 I UECPageStayReportManager: UECReportTimeLongTask time = 3
04-29 20:11:38.567  1667  6895 W MiuiFreeFormGesturePointerEventListener: setMiuiFreeFormTouchExcludeRegion mTouchExcludeRegion = SkRegion((0,0,1440,3337))
04-29 20:11:38.567  6199 29158 I GuardService: notifyChange! preName = ComponentInfo{com.tencent.mobileqq/com.tencent.mobileqq.activity.SplashActivity}; curName = ComponentInfo{com.tencent.mobileqq/com.tencent.mobileqq.activity.NotificationActivity}
04-29 20:11:38.568  1667  6177 W InputManager-JNI: Input channel object 'ba321df Toast (client)' was disposed without first being removed with the input manager!
04-29 20:11:38.568  5678  5678 I IMEBottomManager: rootViewHeight : 3063 fullScreenHeight:0 inputAreaHeight:2854 miuiBottomHeight:209
04-29 20:11:38.568  5678  5678 I IMEBottomManager: heightLeftForMIUI 209
04-29 20:11:38.568  5678  5678 I IMEBottomManager: rootViewHeight : 3063 fullScreenHeight:0 inputAreaHeight:2854 miuiBottomHeight:209
04-29 20:11:38.568  5678  5678 I IMEBottomManager: heightLeftForMIUI 209
04-29 20:11:38.568  5678  5678 I IMEBottomManager: rootViewHeight : 3063 fullScreenHeight:0 inputAreaHeight:2854 miuiBottomHeight:209
04-29 20:11:38.568  5678  5678 I IMEBottomManager: heightLeftForMIUI 209
04-29 20:11:38.568  5678  5678 I IMEBottomManager: rootViewHeight : 3063 fullScreenHeight:0 inputAreaHeight:2854 miuiBottomHeight:209
04-29 20:11:38.568  5678  5678 I IMEBottomManager: heightLeftForMIUI 209
04-29 20:11:38.568  5678  5678 I IMEBottomManager: rootViewHeight : 3063 fullScreenHeight:0 inputAreaHeight:2854 miuiBottomHeight:209
04-29 20:11:38.568  5678  5678 I IMEBottomManager: heightLeftForMIUI 209
04-29 20:11:38.568  5678  5678 I IMEBottomManager: rootViewHeight : 3063 fullScreenHeight:0 inputAreaHeight:2854 miuiBottomHeight:209
04-29 20:11:38.568  5678  5678 I IMEBottomManager: heightLeftForMIUI 209
04-29 20:11:38.568  5678  5678 I IMEBottomManager: rootViewHeight : 3063 fullScreenHeight:0 inputAreaHeight:2854 miuiBottomHeight:209
04-29 20:11:38.568  5678  5678 I IMEBottomManager: heightLeftForMIUI 209
04-29 20:11:38.568  5678  5678 I IMEBottomManager: rootViewHeight : 3063 fullScreenHeight:0 inputAreaHeight:2854 miuiBottomHeight:209
04-29 20:11:38.568  5678  5678 I IMEBottomManager: heightLeftForMIUI 209
04-29 20:11:38.568  5678  5678 I IMEBottomManager: rootViewHeight : 3063 fullScreenHeight:0 inputAreaHeight:2854 miuiBottomHeight:209
04-29 20:11:38.568  5678  5678 I IMEBottomManager: heightLeftForMIUI 209
04-29 20:11:38.570  1667  6177 W MiuiFreeFormGesturePointerEventListener: setMiuiFreeFormTouchExcludeRegion mTouchExcludeRegion = SkRegion((0,0,1440,3337))
04-29 20:11:38.570  1667  6895 I WindowManager: input method visible height changed 1307
04-29 20:11:38.570  1667  6895 I InputDispatcher: inputdispatcher notifyMiuiInputConfigChanged configType:3, changes:8
04-29 20:11:38.570  1667  6895 I InputManager-JNI: NativeInputManager notifyMiuiInputConfigChanged configType:3, changes:8
04-29 20:11:38.570  1667  6895 I KnockService: notifyMiuiInputConfigChanged configType:3, changes:8
04-29 20:11:38.570  1667  6895 I InputReader: inputreader notifyMiuiInputConfigChanged configType:3, changes:8
04-29 20:11:38.570 29889 29889 W QQProxyForQlink: receive qqAccountbroacast action=mqq.intent.action.LOGOUT
04-29 20:11:38.571 29889 18337 I DbCacheDatabase: [DB]382b4f3e0b0897d7d031e61bde0a2c9a  detach sessionId:228417956mAttachCount:14
04-29 20:11:38.571  1667  3208 D MiuiFreeFormGestureController: handleFreeFormReceiver intent=Intent { act=miui.intent.action.INPUT_METHOD_VISIBLE_HEIGHT_CHANGED flg=0x10 (has extras) }
04-29 20:11:38.572  1667  6895 W MiuiFreeFormGesturePointerEventListener: setMiuiFreeFormTouchExcludeRegion mTouchExcludeRegion = SkRegion((0,0,1440,3337))
04-29 20:11:38.574  1667  6895 W MiuiFreeFormGesturePointerEventListener: setMiuiFreeFormTouchExcludeRegion mTouchExcludeRegion = SkRegion((0,0,1440,3337))
04-29 20:11:38.578 11241 11497 W MSF.S.AppProcessInfo: binderDied appProcessName = com.tencent.mobileqq:peak, keepProcessAlive = false, isBinderConnectOptEnable = false
04-29 20:11:38.578 29889 31683 I LiteSDKForCrossProcess: ilive onConnectUnbind, [com.tencent.mobileqq:peak]
04-29 20:11:38.578  1667  1722 I ActivityManager: Process com.tencent.mobileqq:peak (pid 11816) has died: svc SVC 
04-29 20:11:38.578  1667  2176 I libprocessgroup: Successfully killed process cgroup uid 10304 pid 11816 in 0ms
04-29 20:11:38.579 29889 29889 D VipUtils: conversation doUpdate id = 944427937 nameplateVipType = 0
04-29 20:11:38.579 29889 29889 D VipUtils: bindView: vip = 0
04-29 20:11:38.581 29889 29889 I MutualMarkDataCenter: getRecentListIconDrawableInfos friendUin:944427937 info:MutualMarkForDisplayInfo{type=5, level=1, count=0.0, continue_days=16, last_action_time=1651231681, last_change_time=1649779200, icon_status=0, icon_status_end_time=0, sub_level=0, hasRemindInContact=false, remindAnimStartTime=0, sortKeyForNormal=18, isInAIOTitleLeft2=false, sortKeyForAIOTitle=5, name='畅聊之火', disableLocalResource=false, iconResId=2130854547, iconApngUrl='', icon_static_url='', icon_name='', user_close_flag=false}
04-29 20:11:38.581  5678 28751 I OpenGLRenderer: Davey! duration=9223273550269ms; Flags=0, FrameTimelineVsyncId=6360213, IntendedVsync=98486584840374, Vsync=98486584840374, InputEventId=0, HandleInputStart=98486585161908, AnimationStart=98486585162845, PerformTraversalsStart=98486585163053, DrawStart=98486590016647, FrameDeadline=98486604840374, FrameInterval=98486585148053, FrameStartTime=8333333, SyncQueued=98486590197897, SyncStart=98486590247012, IssueDrawCommandsStart=98486590312793, SwapBuffers=98486591181387, FrameCompleted=9223372036854775807, DequeueBufferDuration=12864, QueueBufferDuration=276927, GpuCompleted=9223372036854775807, SwapBuffersCompleted=98486595932585, DisplayPresentTime=0, 
04-29 20:11:38.581 29889 30796 D LebaQCirclePartImpl: onConfigChange
04-29 20:11:38.581 29889 30796 I QzoneConfig: enableDirectIpQZoneConfig:true
04-29 20:11:38.581 29889 30796 I QzoneConfig: enableDirectIpQZoneConfig:true
04-29 20:11:38.581  6175  6205 I com.xiaomi.xms: oneway function results for code 3 on binder at 0xb4000073aecc6a80 will be dropped but finished with status UNKNOWN_TRANSACTION
04-29 20:11:38.582   840   840 I Zygote  : Process 11816 exited due to signal 9 (Killed)
04-29 20:11:38.583  6199  6199 I c       : startRecord newCounts: 87
04-29 20:11:38.583 29889 29889 D VipUtils: conversation doUpdate id = 2432137034 nameplateVipType = 0
04-29 20:11:38.583 29889 29889 D VipUtils: bindView: vip = 0
04-29 20:11:38.584 29889 29889 D VipUtils: conversation doUpdate id = 3108928547 nameplateVipType = 2
04-29 20:11:38.584 29889 29889 D VipUtils: bindView: vip = 0
04-29 20:11:38.584 29889 29889 I FriendIntimateRelationshipHelper: isUpgradeOpen res:true
04-29 20:11:38.585 29889 29889 I MutualMarkDataCenter: getRecentListIconDrawableInfos friendUin:3108928547 info:MutualMarkForDisplayInfo{type=2, level=2, count=0.0, continue_days=39, last_action_time=0, last_change_time=0, icon_status=0, icon_status_end_time=0, sub_level=0, hasRemindInContact=false, remindAnimStartTime=0, sortKeyForNormal=14, isInAIOTitleLeft2=true, sortKeyForAIOTitle=1, name='殿堂级闺蜜', disableLocalResource=false, iconResId=2130854561, iconApngUrl='', icon_static_url='', icon_name='', user_close_flag=false}
04-29 20:11:38.585 29889 29889 I MutualMarkDataCenter: getRecentListIconDrawableInfos friendUin:3108928547 info:MutualMarkForDisplayInfo{type=17, level=1, count=0.0, continue_days=0, last_action_time=1651161600, last_change_time=0, icon_status=0, icon_status_end_time=0, sub_level=0, hasRemindInContact=false, remindAnimStartTime=0, sortKeyForNormal=17, isInAIOTitleLeft2=false, sortKeyForAIOTitle=0, name='幸运字符', disableLocalResource=true, iconResId=2130854586, iconApngUrl='', icon_static_url='https://static-res.qq.com/static-res/v_klzhou/sd_8/Copain/Copain/42/Copain-42-7@2x.png', icon_name='Copain', user_close_flag=false}
04-29 20:11:38.585 29889 29889 I MutualMarkDataCenter: getRecentListIconDrawableInfos friendUin:3108928547 info:MutualMarkForDisplayInfo{type=5, level=1, count=0.0, continue_days=7, last_action_time=1651161600, last_change_time=1651203617, icon_status=0, icon_status_end_time=0, sub_level=0, hasRemindInContact=false, remindAnimStartTime=0, sortKeyForNormal=18, isInAIOTitleLeft2=false, sortKeyForAIOTitle=5, name='畅聊之火', disableLocalResource=false, iconResId=2130854547, iconApngUrl='https://static-res.qq.com/static-res/interactiveResource/fire/1_0.png', icon_static_url='https://static-res.qq.com/static-res/interactiveResource/fire/1_0.png', icon_name='', user_close_flag=false}
04-29 20:11:38.591 29889 29889 D ConversationTitleBtnCtrl: updateQQCircle false ,isZplanBtnShow: false
04-29 20:11:38.591 29889 29889 E QzoneConfig: key = qqcircle secondaryKey= qqcircle_show_entrance_on_message_tab value= 1
04-29 20:11:38.591 29889 29889 E QzoneConfig: key = qqcircle secondaryKey= qqcircle_show_entrance_on_message_tab value= 1
04-29 20:11:38.591 29889 29889 I QzoneGiftManager: MSG_RECYCLE_VIEW
04-29 20:11:38.591 29889 29889 I ArkApp.ArkAppContainerMRUUpdater: do clear
04-29 20:11:38.595  1667  2156 I WindowManager: input method visible height changed 0
04-29 20:11:38.595 29889 29889 I qqBaseActivity: initInjectVariable 之后，sInstanceCallbacks: com.tencent.mobileqq.app.lifecycle.MiniAIOBaseActivityLifecycleCallback@cf7138b
04-29 20:11:38.595 29889 29889 I qqBaseActivity: initInjectVariable 之后，sInstanceCallbacks: com.tencent.mobileqq.app.lifecycle.DarkModeLifecycleImpl@5a9dc68
04-29 20:11:38.595  1667  2156 I InputDispatcher: inputdispatcher notifyMiuiInputConfigChanged configType:3, changes:8
04-29 20:11:38.595 29889 29889 I qqBaseActivity: initInjectVariable 之后，sInjectModuleProviderList: com.tencent.mobileqq.app.activitymodule.DefaultActivityModuleProvider@62e20b4
04-29 20:11:38.595  1667  2156 I InputManager-JNI: NativeInputManager notifyMiuiInputConfigChanged configType:3, changes:8
04-29 20:11:38.595  1667  2156 I KnockService: notifyMiuiInputConfigChanged configType:3, changes:8
04-29 20:11:38.595  1667  2156 I InputReader: inputreader notifyMiuiInputConfigChanged configType:3, changes:8
04-29 20:11:38.596  1667  3208 D MiuiFreeFormGestureController: handleFreeFormReceiver intent=Intent { act=miui.intent.action.INPUT_METHOD_VISIBLE_HEIGHT_CHANGED flg=0x10 (has extras) }
04-29 20:11:38.597  6199  6199 I c       : endRecord usedTime: 626075
04-29 20:11:38.598  1667  2156 W MiuiFreeFormGesturePointerEventListener: setMiuiFreeFormTouchExcludeRegion mTouchExcludeRegion = SkRegion((0,0,1440,3200))
04-29 20:11:38.598 29889 29889 D LocaleManager: tryApplyLocaleIfNeeded, resLocale:zh_CN
04-29 20:11:38.598 29889 29889 D LocaleManager: queryCurrentLocale, currentLocale:zh_CN
04-29 20:11:38.598 29889 29889 D GlobalDisplayMetricsManager: sDeviceWidth is 1440
04-29 20:11:38.598 29889 29889 I GlobalDisplayMetricsManager: do not need adjust
04-29 20:11:38.598 29889 29889 D GlobalDisplayMetricsManager: sDeviceWidth is 1440
04-29 20:11:38.598 29889 29889 I GlobalDisplayMetricsManager: do not need adjust
04-29 20:11:38.598 29889 29889 I plugin_tag: onActivityCreated: com.tencent.mobileqq.activity.NotificationActivity@ffca93b
04-29 20:11:38.599 29889 12162 D ViewContentFactory: initViewContentFetcherClass
04-29 20:11:38.599 29889 12162 I ContentCatcher: ViewContentFetcher : ViewContentFetcher
04-29 20:11:38.599 29889 12162 D ViewContentFactory: createInterceptor took 0ms
04-29 20:11:38.600 29889 29889 D DecorView[]: getWindowModeFromSystem  windowmode is 1
04-29 20:11:38.603 29889 29889 D TextHook: updateFont, checked state failed, supportFont : root is null : false
04-29 20:11:38.603 29889 29889 I SharedPreferencesProxyManager: getProxyInner from mLocalSPs
04-29 20:11:38.603 29889 29889 D NotificationActivity: notification activity type:5
04-29 20:11:38.604 29889 29889 I NotificationActivity: myShowDialog: invoked.  id: 5
04-29 20:11:38.606 29889 29889 D FrozenNotifyDlgHelper: FrozenNotifyDlgHelper newInstance
04-29 20:11:38.606 29889 29889 D FrozenNotifyDlgHelper: isKickedForModifyPwd kickedForMdfPwd: false
04-29 20:11:38.606 29889 29889 D FrozenNotifyDlgHelper: isKickedForViolation kickedForViolation: false
04-29 20:11:38.607   981  1164 E minksocket: MinkIPC_QRTR_Service: client with node 1 port 49f7 went down
04-29 20:11:38.607 29889 29889 D SkinEngine: get index : 55834582813
04-29 20:11:38.607   981  1164 E minksocket: MinkIPC_QRTR_Service: client with node 1 port 49f8 went down
04-29 20:11:38.607   981  1164 E minksocket: MinkIPC_QRTR_Service: client with node 1 port 49f9 went down
04-29 20:11:38.607 29889 29889 D SkinEngine: get index : 55834577634
04-29 20:11:38.608 29889 29889 D SkinEngine: get index : 4294971032
04-29 20:11:38.608 29889 29889 D SkinEngine: get index : 4294970111
04-29 20:11:38.608 29889 29889 D SkinEngine: get index : 4294971034
04-29 20:11:38.609 29889 29889 D SkinEngine: get index : 4294970114
04-29 20:11:38.609   981  1164 E minksocket: MinkIPC_QRTR_Service: client with node 1 port 49fb went down
04-29 20:11:38.609 29889 29889 D SkinEngine: get index : 4294970113
04-29 20:11:38.609 29889 29889 D SkinEngine: get index : 4294970112
04-29 20:11:38.610   981  1164 E minksocket: MinkIPC_QRTR_Service: client with node 1 port 49fc went down
04-29 20:11:38.610   981  1164 E minksocket: MinkIPC_QRTR_Service: client with node 1 port 49fd went down
04-29 20:11:38.610 29889 29889 D SkinEngine: get index : 4294969019
04-29 20:11:38.612 29889 29889 D SkinEngine: get index : 55834594686
04-29 20:11:38.612 29889 29889 D SkinEngine: get index : 55834594551
04-29 20:11:38.613 29889 29889 D SkinEngine: get index : 55834577548
04-29 20:11:38.613 29889 29889 D SkinEngine: get index : 55834594461
04-29 20:11:38.613 29889 29889 D SkinEngine: get index : 55834594460
04-29 20:11:38.615 29889 29889 D SkinEngine: get index : 55834582458
04-29 20:11:38.615 29889 29889 D SkinEngine: get index : 55834603697
04-29 20:11:38.615 29889 29889 D SkinEngine: get index : 55834603696
04-29 20:11:38.616 29889 29889 D SkinEngine: get index : 55834603695
04-29 20:11:38.616 29889 29889 D SkinEngine: get index : 55834603694
04-29 20:11:38.616 29889 29889 D SkinEngine: get index : 55834582459
04-29 20:11:38.616 29889 29889 D SkinEngine: get index : 55834603700
04-29 20:11:38.617 29889 29889 D SkinEngine: get index : 55834603699
04-29 20:11:38.617 29889 29889 D SkinEngine: get index : 55834603698
04-29 20:11:38.617 29889 29889 D SkinEngine: get index : 55834582382
04-29 20:11:38.618 29889 29889 D SkinEngine: get index : 55834577637
04-29 20:11:38.618 29889 29889 D SkinEngine: get index : 55834594508
04-29 20:11:38.619 29889 29889 D SkinEngine: get index : 55834577639
04-29 20:11:38.619 29889 29889 D SkinEngine: get index : 55834594510
04-29 20:11:38.621 29889 29889 I NotificationActivity: showDialog: invoked.  inResume: false isDialogShow: false
04-29 20:11:38.622 29889 29889 I app.AppEventReporter: onActivityStarted(), activity=com.tencent.mobileqq.activity.NotificationActivity@ffca93b
04-29 20:11:38.622 29889 29889 D LocaleManager: tryApplyLocaleIfNeeded, resLocale:zh_CN
04-29 20:11:38.622 29889 29889 D LocaleManager: queryCurrentLocale, currentLocale:zh_CN
04-29 20:11:38.622 29889 29889 D GlobalDisplayMetricsManager: sDeviceWidth is 1440
04-29 20:11:38.622 29889 29889 I GlobalDisplayMetricsManager: do not need adjust
04-29 20:11:38.623 29889 29889 D DtSdkInitStep: 848QQDT [ignoreAppEvent] activity: com.tencent.mobileqq.activity.NotificationActivity@ffca93b
04-29 20:11:38.623 29889 29889 I app.AppEventReporter: onActivityResume(), activity=com.tencent.mobileqq.activity.NotificationActivity@ffca93b
04-29 20:11:38.623 29889 31700 W RMonitor_manager_Launcher: no monitor turned on!
04-29 20:11:38.623  1667  2174 W BroadcastQueue: Can't deliver broadcast to com.tencent.mobileqq:mini (pid 11670). Crashing it.
04-29 20:11:38.623  1667  2174 I ActivityManager: Killing 11670:com.tencent.mobileqq:mini/u0a304 (adj 905): scheduleCrash for 'can't deliver broadcast' failed
04-29 20:11:38.624  1667  2174 D PerfImpl: perfProcessKillBoost: com.tencent.mobileqq:mini, 11670, 0
04-29 20:11:38.624 29889 29889 I NotificationActivity: showDialog: invoked.  inResume: true isDialogShow: false
04-29 20:11:38.624  1094  1094 E vendor.qti.hardware.perf@2.2-service: Unknown params
04-29 20:11:38.624  1667  2174 W BroadcastQueue: Failure sending broadcast Intent { act=action_app_in_out flg=0x10 pkg=com.tencent.mobileqq (has extras) }
04-29 20:11:38.624  1667  2174 W BroadcastQueue: android.os.DeadObjectException
04-29 20:11:38.624  1667  2174 W BroadcastQueue: 	at android.os.BinderProxy.transactNative(Native Method)
04-29 20:11:38.624  1667  2174 W BroadcastQueue: 	at android.os.BinderProxy.transact(BinderProxy.java:624)
04-29 20:11:38.624  1667  2174 W BroadcastQueue: 	at android.app.IApplicationThread$Stub$Proxy.scheduleRegisteredReceiver(IApplicationThread.java:1872)
04-29 20:11:38.624  1667  2174 W BroadcastQueue: 	at com.android.server.am.BroadcastQueue.performReceiveLocked(BroadcastQueue.java:608)
04-29 20:11:38.624  1667  2174 W BroadcastQueue: 	at com.android.server.am.BroadcastQueue.deliverToRegisteredReceiverLocked(BroadcastQueue.java:865)
04-29 20:11:38.624  1667  2174 W BroadcastQueue: 	at com.android.server.am.BroadcastQueue.processNextBroadcastLocked(BroadcastQueue.java:1072)
04-29 20:11:38.624  1667  2174 W BroadcastQueue: 	at com.android.server.am.BroadcastQueue.processNextBroadcast(BroadcastQueue.java:1025)
04-29 20:11:38.624  1667  2174 W BroadcastQueue: 	at com.android.server.am.BroadcastQueue.access$000(BroadcastQueue.java:79)
04-29 20:11:38.624  1667  2174 W BroadcastQueue: 	at com.android.server.am.BroadcastQueue$BroadcastHandler.handleMessage(BroadcastQueue.java:197)
04-29 20:11:38.624  1667  2174 W BroadcastQueue: 	at android.os.Handler.dispatchMessage(Handler.java:106)
04-29 20:11:38.624  1667  2174 W BroadcastQueue: 	at android.os.Looper.loopOnce(Looper.java:210)
04-29 20:11:38.624  1667  2174 W BroadcastQueue: 	at android.os.Looper.loop(Looper.java:299)
04-29 20:11:38.624  1667  2174 W BroadcastQueue: 	at android.os.HandlerThread.run(HandlerThread.java:67)
04-29 20:11:38.624  1667  2174 W BroadcastQueue: 	at com.android.server.ServiceThread.run(ServiceThread.java:46)
04-29 20:11:38.625  1667  2176 I libprocessgroup: Successfully killed process cgroup uid 10304 pid 11670 in 0ms
04-29 20:11:38.628  1667  1722 D WindowManager: Input focus has changed to Window{ce2523c u0 com.tencent.mobileqq/com.tencent.mobileqq.activity.NotificationActivity} display=0
04-29 20:11:38.628  1667  7043 D ConnectivityService: ConnectivityService NetworkRequestInfo binderDied(uid/pid:10304/11670, android.os.BinderProxy@da05628)
04-29 20:11:38.628  1667  3542 D ConnectivityService: ConnectivityService NetworkRequestInfo binderDied(uid/pid:10304/11670, android.os.BinderProxy@2750f41)
04-29 20:11:38.628 11241 11497 W MSF.S.AppProcessInfo: binderDied appProcessName = com.tencent.mobileqq:mini, keepProcessAlive = false, isBinderConnectOptEnable = false
04-29 20:11:38.629 29889 30449 I LiteSDKForCrossProcess: ilive onConnectUnbind, [com.tencent.mobileqq:mini]
04-29 20:11:38.629  1667  3140 D ConnectivityService: releasing NetworkRequest [ REQUEST id=1519, [ Capabilities: INTERNET&NOT_RESTRICTED&TRUSTED&NOT_VCN_MANAGED Uid: 10304 RequestorUid: 10304 RequestorPkg: com.tencent.mobileqq] ] (release request)
04-29 20:11:38.630   840   840 I Zygote  : Process 11670 exited due to signal 9 (Killed)
04-29 20:11:38.630 29889 29889 D DecorView[]: getWindowModeFromSystem  windowmode is 1
04-29 20:11:38.631 11241 11406 D MSF.S.AppProcessInfo: setAppDisConnected appProcessName = com.tencent.mobileqq:mini, isAppConnected = false, halfCloseStatus = false, keepProcessAlive = false, preCallback = d2c6093
04-29 20:11:38.631 11241 11406 W MSF.S.AppProcessManager: DeadObjectException process=com.tencent.mobileqq:mini cost=96, isBinderConnectOptEnable = falseandroid.os.DeadObjectException
04-29 20:11:38.631 11241 11406 W MSF.S.AppProcessManager: 	at android.os.BinderProxy.transactNative(Native Method)
04-29 20:11:38.631 11241 11406 W MSF.S.AppProcessManager: 	at android.os.BinderProxy.transact(BinderProxy.java:624)
04-29 20:11:38.631 11241 11406 W MSF.S.AppProcessManager: 	at com.tencent.qphone.base.remote.IMsfServiceCallbacker$Stub$Proxy.onReceivePushResp(P:260)
04-29 20:11:38.631 11241 11406 W MSF.S.AppProcessManager: 	at com.tencent.mobileqq.msf.service.b.a(P:686)
04-29 20:11:38.631 11241 11406 W MSF.S.AppProcessManager: 	at com.tencent.mobileqq.msf.service.b.a(P:603)
04-29 20:11:38.631 11241 11406 W MSF.S.AppProcessManager: 	at com.tencent.mobileqq.msf.service.b.a(P:472)
04-29 20:11:38.631 11241 11406 W MSF.S.AppProcessManager: 	at com.tencent.mobileqq.msf.service.b.run(P:375)
04-29 20:11:38.632  1667  3127 I MiuiNetworkPolicy: updateUidState uid = 99119, uidState = 10
04-29 20:11:38.633  1667  6249 I ActivityManager: Killing 12278:com.google.android.webview:sandboxed_process0:org.chromium.content.app.SandboxedProcessService0:0/u0a304i119 (adj 0): isolated not needed
04-29 20:11:38.633 12278 12278 I cr_ChildProcessService: Destroying ChildProcessService pid=12278
04-29 20:11:38.633  1667  1722 V MiuiActivityTaskManagerServiceEx: dispatchActivityLifeState state = onResume
04-29 20:11:38.633  1667  1722 V MiuiActivityTaskManagerServiceEx: dispatchActivityLifeState r = ActivityRecord{5fad3e0 u0 com.tencent.mobileqq/.activity.NotificationActivity t1789}
04-29 20:11:38.634  3828  3828 D RecentsImpl: mActivityStateObserver com.tencent.mobileqq.activity.NotificationActivity
04-29 20:11:38.634 12278 12278 I ocessService0:: System.exit called, status: 0
04-29 20:11:38.634 12278 12278 I AndroidRuntime: VM exiting with result code 0, cleanup skipped.
04-29 20:11:38.635  1667  6249 D PerfImpl: perfProcessKillBoost: com.google.android.webview:sandboxed_process0:org.chromium.content.app.SandboxedProcessService0:0, 12278, 0
04-29 20:11:38.635  1094  1094 E vendor.qti.hardware.perf@2.2-service: Unknown params
04-29 20:11:38.636  3828  3828 W RecentsImpl: onResumed className=com.tencent.mobileqq.activity.NotificationActivity   mIsInAnotherPro=false   isKeyguardLocked=false
04-29 20:11:38.636  6175  6205 I com.xiaomi.xms: oneway function results for code 3 on binder at 0xb4000073aecc6a80 will be dropped but finished with status UNKNOWN_TRANSACTION
04-29 20:11:38.636  3828  3828 D RecentsImpl: showNavStubView
04-29 20:11:38.637  3828  3971 W RecentsImpl: disableTouchBySwipeStatusBar    disable=false
04-29 20:11:38.637  3828  3971 W RecentsImpl: disableBackStubWindow    disableTouch=false
04-29 20:11:38.637  3828  3971 D RecentsImpl: showBackStubWindow  hasNavigationBar=true
04-29 20:11:38.637  3828  3971 W GestureStubView: adaptRotation   currentRotation=0   mRotation=0
04-29 20:11:38.637  3828  3971 D GestureStubView: resetRenderProperty: showGestureStub
04-29 20:11:38.637  3828  3971 D GestureStubView: showGestureStub
04-29 20:11:38.637  3828  3971 W GestureStubView: adaptRotation   currentRotation=0   mRotation=0
04-29 20:11:38.637  3828  3971 D GestureStubView: resetRenderProperty: showGestureStub
