--------- beginning of main
04-29 20:11:32.281  1667  3937 E Tethering: [api31.BpfCoordinatorShimImpl] ERROR Fail to fetch tethering stats from BPF map: : getNextMapKey failed: EBADF (Bad file descriptor)
04-29 20:11:32.281  1667  3937 E Tethering: android.system.ErrnoException: getNextMapKey failed: EBADF (Bad file descriptor)
04-29 20:11:32.281  1667  3937 E Tethering: 	at com.android.networkstack.tethering.BpfMap.getNextMapKey(Native Method)
04-29 20:11:32.281  1667  3937 E Tethering: 	at com.android.networkstack.tethering.BpfMap.getNextRawKey(BpfMap.java:199)
04-29 20:11:32.281  1667  3937 E Tethering: 	at com.android.networkstack.tethering.BpfMap.getNextKeyInternal(BpfMap.java:177)
04-29 20:11:32.281  1667  3937 E Tethering: 	at com.android.networkstack.tethering.BpfMap.getFirstKey(BpfMap.java:206)
04-29 20:11:32.281  1667  3937 E Tethering: 	at com.android.networkstack.tethering.BpfMap.forEach(BpfMap.java:243)
04-29 20:11:32.281  1667  3937 E Tethering: 	at com.android.networkstack.tethering.apishim.api31.BpfCoordinatorShimImpl.tetherOffloadGetStats(BpfCoordinatorShimImpl.java:241)
04-29 20:11:32.281  1667  3937 E Tethering: 	at com.android.networkstack.tethering.BpfCoordinator.updateForwardedStats(BpfCoordinator.java:1844)
04-29 20:11:32.281  1667  3937 E Tethering: 	at com.android.networkstack.tethering.BpfCoordinator.lambda$new$0(BpfCoordinator.java:249)
04-29 20:11:32.281  1667  3937 E Tethering: 	at com.android.networkstack.tethering.BpfCoordinator.$r8$lambda$11zi2so53-tPlRpKnlSkWOpxReo(Unknown Source:0)
04-29 20:11:32.281  1667  3937 E Tethering: 	at com.android.networkstack.tethering.BpfCoordinator$$ExternalSyntheticLambda0.run(Unknown Source:2)
04-29 20:11:32.281  1667  3937 E Tethering: 	at android.os.Handler.handleCallback(Handler.java:938)
04-29 20:11:32.281  1667  3937 E Tethering: 	at android.os.Handler.dispatchMessage(Handler.java:99)
04-29 20:11:32.281  1667  3937 E Tethering: 	at android.os.Looper.loopOnce(Looper.java:210)
04-29 20:11:32.281  1667  3937 E Tethering: 	at android.os.Looper.loop(Looper.java:299)
04-29 20:11:32.281  1667  3937 E Tethering: 	at android.os.HandlerThread.run(HandlerThread.java:67)
04-29 20:11:32.281  1667  3937 E Tethering: [BpfCoordinator] ERROR Problem fetching tethering stats
04-29 20:11:32.324  1273  4363 W VsyncModulator: setTransactionSchedule: Unexpected EarlyEnd
04-29 20:11:32.325  1094  1094 E vendor.qti.hardware.perf@2.2-service: Unknown params
04-29 20:11:32.321  1094  1094 W perf@2.2-servic: type=1400 audit(0.0:870674): avc: denied { search } for name="1273" dev="proc" ino=15645186 scontext=u:r:vendor_hal_perf_default:s0 tcontext=u:r:surfaceflinger:s0 tclass=dir permissive=0
04-29 20:11:32.321  1094  1094 W perf@2.2-servic: type=1400 audit(0.0:870675): avc: denied { search } for name="1273" dev="proc" ino=15645186 scontext=u:r:vendor_hal_perf_default:s0 tcontext=u:r:surfaceflinger:s0 tclass=dir permissive=0
04-29 20:11:32.325  1094  1117 E ANDR-PERF-OPTSHANDLER: Can't process request: noroot_thread is not running
04-29 20:11:32.326  1094  1117 E ANDR-PERF-RESOURCEQS: Failed to apply optimization [7, 3]
04-29 20:11:32.330 29889 31784 I OpenGLRenderer: Davey! duration=9223273556520ms; Flags=0, FrameTimelineVsyncId=6359440, IntendedVsync=98480334072073, Vsync=98480334072073, InputEventId=0, HandleInputStart=98480334491754, AnimationStart=98480334495347, PerformTraversalsStart=98480334645920, DrawStart=98480335127275, FrameDeadline=98480354072073, FrameInterval=98480334473212, FrameStartTime=8333333, SyncQueued=98480335715087, SyncStart=98480335856545, IssueDrawCommandsStart=98480336205660, SwapBuffers=98480338760868, FrameCompleted=9223372036854775807, DequeueBufferDuration=39740, QueueBufferDuration=1312500, GpuCompleted=9223372036854775807, SwapBuffersCompleted=98480346064150, DisplayPresentTime=0, 
04-29 20:11:32.562 29889 30753 I GameCenterMsg.GameMsgManager: [getSessionInfoList] folder session:GameCenterSessionInfo{sessionType=0, sessionId='9223372036854775801', gameId='1104466820', gameName='王者荣耀', faceUrl='http://thirdqq.qlogo.cn/qqapp/1104466820/77E61A313EE9B0A92E3003E802664391/100', nickName='#熊熊有责', firstMsg='null', firstMsgTime=1646961784, requestCount=0, lastMsg='666', lastMsgTime=1646961784, unreadMsg=0, onlienType=3, roleId='41d4d384032da1f1', myRoleId='41d4d3840cb3bdf5', onLineDesc='离线', gameIcon='https://img.gamecenter.qq.com/gc_img/gc/formal/common/1104466820/thumImg.png', fromTinyId='144115226124738548', toTinyId='144115263564654709', qqUin='2532140204', qqNick='2112011002宗宇祥'}
04-29 20:11:32.563 29889 29889 D TextHook: updateFont, checked state failed, supportFont : root is null : false
04-29 20:11:32.563 29889 29889 I SharedPreferencesProxyManager: getProxyInner from mLocalSPs
04-29 20:11:32.564 29889 29889 D TextHook: updateFont, checked state failed, supportFont : root is null : false
04-29 20:11:32.564 29889 29889 I SharedPreferencesProxyManager: getProxyInner from mLocalSPs
04-29 20:11:32.564 29889 29889 D TextHook: updateFont, checked state failed, supportFont : root is null : false
04-29 20:11:32.564 29889 29889 I SharedPreferencesProxyManager: getProxyInner from mLocalSPs
04-29 20:11:32.564 29889 29889 D TextHook: updateFont, checked state failed, supportFont : root is null : false
04-29 20:11:32.564 29889 29889 I SharedPreferencesProxyManager: getProxyInner from mLocalSPs
04-29 20:11:32.564 29889 29889 D OnLineStatusHelper: getOnlineStatusItem status=online onlineStatusIDValue=0
04-29 20:11:32.564 29889 29889 D OnLineStatusHelper: getOnlineStatusItem status=online onlineStatusIDValue=0
04-29 20:11:32.564 29889 29889 D OnLineStatusHelper: getOnlineStatusItem status=online onlineStatusIDValue=0
04-29 20:11:32.564 29889 29889 D OnLineStatusHelper: getOnlineStatusItem status=online onlineStatusIDValue=0
04-29 20:11:32.565 29889 29889 I StatusConversationHelper: checkAndSetGuideAsync
04-29 20:11:32.565 29889 12835 I StatusConversationHelper: checkAndSetGuide configBean error
04-29 20:11:32.565 29889 12835 I StatusConversationHelper: hideConversationGuideViewDelay no visibility
04-29 20:11:32.823  1273  4363 W VsyncModulator: setTransactionSchedule: Unexpected EarlyEnd
04-29 20:11:32.824  1094  1094 E vendor.qti.hardware.perf@2.2-service: Unknown params
04-29 20:11:32.821  1094  1094 W perf@2.2-servic: type=1400 audit(0.0:870676): avc: denied { search } for name="1273" dev="proc" ino=15645186 scontext=u:r:vendor_hal_perf_default:s0 tcontext=u:r:surfaceflinger:s0 tclass=dir permissive=0
04-29 20:11:32.826  1094  1117 E ANDR-PERF-OPTSHANDLER: Can't process request: noroot_thread is not running
04-29 20:11:32.821  1094  1094 W perf@2.2-servic: type=1400 audit(0.0:870677): avc: denied { search } for name="1273" dev="proc" ino=15645186 scontext=u:r:vendor_hal_perf_default:s0 tcontext=u:r:surfaceflinger:s0 tclass=dir permissive=0
04-29 20:11:32.869 11241 11416 D MSF.C.CodecWarppertrue: recv Packet ssoSeq:68903, uin:*1077
04-29 20:11:32.869 11241 11416 D MSF.C.NetConnTag.true: netRecv ssoSeq:68903 uin:*1077 cmd:GRIBLjU2IAk8IH4zPywQNC4mMTgZNzA0Pg 70415 cross:0
04-29 20:11:32.870 11241 11406 I MSF.S.AppProcessManager: SendToApp process:com.tencent.mobileqq fromServiceMsg: FromServiceMsg msName:unknown ssoSeq:68903 serviceCmd:SQQzoneSvc.getUndealCount appSeq:917 failCode:1000 cos t =0 needBoot=false to.len = 1608 from.len = 1415
04-29 20:11:32.872 29889 31784 D MSF.D.Proxy: onReceiveResp, fromServiceMsg = SQQzoneSvc.getUndealCount, ssoSeq = 68903, length = 1415
04-29 20:11:32.879 29889 30532 I UndealCount.QZoneUnreadServletLogic: setUdealCountLastGetTime: [{"key":4294967295,"value":1651234293},{"key":33,"value":1651234167},{"key":35,"value":1651233125},{"key":1001,"value":1651233800},{"key":1002,"value":1651234167},{"key":1003,"value":1651200626},{"key":1004,"value":1651234167},{"key":1005,"value":1651200626},{"key":1007,"value":1649643831},{"key":48,"value":1651234292},{"key":1008,"value":1651233124},{"key":1010,"value":1651200626},{"key":1013,"value":1651044348}]
04-29 20:11:32.879 29889 30532 I UndealCount.QZoneUnreadServletLogic: recv Qzone Unread Push: Feed实时更新未读
04-29 20:11:32.881 29889 30532 D UndealCount.QZoneUnreadServletLogic: setExtendInfo uin:2448021077 extend_info:33=1
04-29 20:11:32.882 29889 29889 I QZoneCommBroadReceiver: FeedUpdate: Qzone Push action:com.qzone.push_feed_unread
04-29 20:11:32.883 11673 11673 I QZoneCommBroadReceiver: FeedUpdate: Qzone Push action:com.qzone.push_feed_unread
04-29 20:11:32.885 11673 11782 D CompatibilityChangeReporter: Compat change id reported: 150939131; UID 10304; state: DISABLED
04-29 20:11:32.886 29889 30532 E UndealCount.QZoneUnreadServletLogic: creditlevel:3 message:
04-29 20:11:32.886 29889 30532 W UndealCount.QZoneUnreadServletLogic: get FeedSoft command, 0timestamp 1651234292886
04-29 20:11:32.886 29889 30532 D UndealCount.QZoneUnreadServletLogic: handleCancellationStatus status:0
04-29 20:11:32.888 29889 29889 I UndealCount.QZoneObserver: QZoneObserver onGetQZoneFeedCountFin, isSuc=true,hasNew=true,type=4855443616702598
04-29 20:11:32.888 29889 29889 E QzoneConfig: key = qqcircle secondaryKey= qqcircle_show_entrance_on_recommend_tab value= 1
04-29 20:11:32.888 29889 29889 E QCircleConfigHelper: isQQCircleShowLebaEntrance:1
04-29 20:11:32.889 29889 29889 E QCircleEeveeRedPoint_LebaQCirclePartImpl: updateQQCircleRedFlag hide
04-29 20:11:32.890 29889 12798 I miniapp-process_AppBrandLaunchManager: checkPreloadApp MiniAppUsed:true
04-29 20:11:32.890 29889 12798 I MiniSdkLauncher: enableMiniAppPreload: true
04-29 20:11:32.890 29889 12794 I MainAssistObserver.LebaTabRedTouch: isOnlyShowQzone is no eModel
04-29 20:11:32.891 29889 12794 D nearby.redpoint: getNearbyRedPoint, needShow, isNewTab=true, redType=0, redInfo=com.tencent.mobileqq.nearby.redtouch.impl.NearbyRedInfoImpl@10e1488
04-29 20:11:32.891 29889 12794 I [zplan]ZPlanRequestImpl: not arm64 phone
04-29 20:11:32.891 29889 12794 I QZoneApiProxyImpl: getExpContentInSimpleUI from postBtnExp isExpGroup= true
04-29 20:11:32.891 29889 12794 I QZoneApiProxyImpl: getExpContentInSimpleUI from postBtnExp expValue=exp_shouq_dongtai_jianjie_B
04-29 20:11:32.891 29889 12794 I MainAssistObserver.LebaTabRedTouch: getRedTouchInfoForLeba result = nullpathList = getRedTouchInfoForLeba:redpoint path List:, for 100400 isNewFlag exposure_max error00
04-29 20:11:32.892 29889 12794 E QzoneConfig: key = qqcircle secondaryKey= qqcircle_show_entrance_on_recommend_tab value= 1
04-29 20:11:32.892 29889 12794 E QCircleConfigHelper: isQQCircleShowLebaEntrance:1
04-29 20:11:32.892 29889 12798 I MiniSdkLauncher: tbsVersion=45912 minTbsVersion=0
04-29 20:11:32.892 29889 12794 E QzoneConfig: key = qqcircle secondaryKey= qqcircle_show_entrance_on_message_tab value= 1
04-29 20:11:32.892 29889 12798 I [MiniSDK]minisdk-start_MiniSDK: preloadMiniApp
04-29 20:11:32.892 29889 12798 I [MiniSDK]minisdk-start_MiniSDKImpl: preloadMiniApp
04-29 20:11:32.892 29889 12794 I MainAssistObserver.LebaTabRedTouch: updateTabLebaNotify: totalCount=0, qz=0, numRedTouch=0, redNumPointNums=0, readInJoyNotifyCount=0, nearbyNum=0, storyRedNum=0, allPeopleVoteRedNumCount=mIsShowNewLeba=falsetroop red point-->redPointNums= 0, redNumPointNums=0, isBuluoEntryShow=0nearby red point-->nearbyNum= 0, nearbyHasRedPoint=false, isNearbyEntryShow=truebusiness red point-->numRedTouch=0QZone red point-->qzonMsgCount=0readInJoy red point-->readInJoyNotifyCount=0, isReadinjoyNotifyNeedsDisplay=false, isKanDianEntryShow=confessRedPoitfalse,false,falsematchChatRedNum,0matchFriendChatRedNum,0
04-29 20:11:32.892 29889 12794 D UndealCount.MainAssistObserver: isNewQzoneMsgExist: 1
04-29 20:11:32.892 29889 12794 I MainAssistObserver.LebaTabRedTouch: updateTabLebaNotify hasReddot; redpointMums = 0,isReadinjoyNotifyNeedsDisplayfalse,nearbyHasRedPoint = false, finalConfessShowRedDot=false
04-29 20:11:32.893 29889 29889 D RedPointLog.RedTouchManager: red touch in appSet:0 had reported expose once,and expose switch is:3
04-29 20:11:32.893 29889 12798 D [MiniSDK]minisdk-start_LaunchManagerService: No need to preload mini process preload_app. Already has preloading task {com.tencent.mobileqq:mini=preload_app}
04-29 20:11:32.893 29889 12798 D qzone_launch: preloadQzone from: MainAssistObserver
04-29 20:11:32.894 29889 12798 D plugin_tag: checkUpdate:qzone_plugin.apk, com.qzone.preview.service.PictureService
04-29 20:11:32.895 29889 12798 D plugin_tag.Dex2Oat: same fingerprint:Xiaomi/mars/mars:12/SKQ1.211006.001/V13.0.9.0.SKACNXM:user/release-keys
04-29 20:11:32.895 29889 12798 D plugin_tag: doInstallAndLaunch. confirmCode, pluginId:2,qzone_plugin.apk, true
04-29 20:11:32.895 29889 12798 E plugin_tag: Do not need to report this plugin launch event!
04-29 20:11:32.895 29889 12798 D plugin_tag: pluginStartupAttachInfo dex2Oat 0lib 0download 0apk 0
04-29 20:11:32.896 11673 11782 I SharedPreferencesProxy: create new ContentProviderClient: QZONE_VIP_INFO
04-29 20:11:32.901 11673 12839 D qzone_launch: preloadFriendFeedResource hasPreloaded:true
04-29 20:11:32.928 11241 11416 D MSF.C.NetConnTag.true: netRecv Delay FromServiceMsg ssoSeq:-1646366108 scmd: SSO.LoginMerge len: 492 uncompressed len: 492
04-29 20:11:32.928 11241 11416 D MSF.C.CodecWarppertrue: recv Packet ssoSeq:68896, uin:*1077
04-29 20:11:32.929 11241 11416 D MSF.C.NetConnTag.true: netRecv ssoSeq:68896 uin:*1077 cmd:BSo0NgkuJnQlKjQ2BWg9PnJx 68917 cross:0
04-29 20:11:32.929 11241 11416 D MSF.C.CodecWarppertrue: recv Packet ssoSeq:68902, uin:*1077
04-29 20:11:32.930 11241 11406 I MSF.S.AppProcessManager: SendToApp process:com.tencent.mobileqq fromServiceMsg: FromServiceMsg msName:unknown ssoSeq:68896 serviceCmd:OidbSvc.oidb_0xd82 appSeq:912 failCode:1000 cos t =0 needBoot=false to.len = 35 from.len = 21
04-29 20:11:32.930 11241 11416 D MSF.C.NetConnTag.true: netRecv ssoSeq:68902 uin:*1077 cmd:BSo0NgkuJnR6O2dtawd1 68932 cross:0
04-29 20:11:32.931 11241 11416 D MSF.C.CodecWarppertrue: recv Packet ssoSeq:68901, uin:*1077
04-29 20:11:32.931 29889 31784 D MSF.D.Proxy: onReceiveResp, fromServiceMsg = OidbSvc.oidb_0xd82, ssoSeq = 68896, length = 21
04-29 20:11:32.932 11241 11416 D MSF.C.NetConnTag.true: netRecv ssoSeq:68901 uin:*1077 cmd:GjE/MjM0IAkvMSY9OT1rCihtAjErFiAiPhApJy49KBc5JH4TKDcwKg 68920 cross:0
04-29 20:11:32.932 11241 11406 I MSF.S.AppProcessManager: SendToApp process:com.tencent.mobileqq fromServiceMsg: FromServiceMsg msName:unknown ssoSeq:68902 serviceCmd:OidbSvc.0x791_0 appSeq:916 failCode:1000 cos t =0 needBoot=false to.len = 35 from.len = 30
04-29 20:11:32.932 11241 11416 D MSF.C.CodecWarppertrue: recv Packet ssoSeq:68897, uin:*1077
04-29 20:11:32.932 11241 11416 D MSF.C.NetConnTag.true: netRecv ssoSeq:68897 uin:*1077 cmd:BSo0NgkuJnR6O2hsPgd1 68941 cross:0
04-29 20:11:32.932 29889 31945 D MSF.D.Proxy: onReceiveResp, fromServiceMsg = OidbSvc.0x791_0, ssoSeq = 68902, length = 30
04-29 20:11:32.933 11241 11416 D MSF.C.CodecWarppertrue: recv Packet ssoSeq:68898, uin:*1077
04-29 20:11:32.933 11241 11406 I MSF.S.AppProcessManager: SendToApp process:com.tencent.mobileqq fromServiceMsg: FromServiceMsg msName:unknown ssoSeq:68901 serviceCmd:ProfileService.Pb.ReqNextSystemMsg.Group appSeq:915 failCode:1000 cos t =0 needBoot=false to.len = 50 from.len = 19
04-29 20:11:32.933 11241 11416 D MSF.C.NetConnTag.true: netRecv ssoSeq:68898 uin:*1077 cmd:BSo0NgkuJnR6O2hsPgd1 68941 cross:0
04-29 20:11:32.933 29889 31945 D MSF.D.Proxy: onReceiveResp, fromServiceMsg = ProfileService.Pb.ReqNextSystemMsg.Group, ssoSeq = 68901, length = 19
04-29 20:11:32.934 11241 11406 I MSF.S.AppProcessManager: SendToApp process:com.tencent.mobileqq fromServiceMsg: FromServiceMsg msName:unknown ssoSeq:68897 serviceCmd:OidbSvc.0x88d_0 appSeq:913 failCode:1000 cos t =0 needBoot=false to.len = 37 from.len = 44
04-29 20:11:32.934 11241 11416 D MSF.C.CodecWarppertrue: recv Packet ssoSeq:68904, uin:*1077
04-29 20:11:32.934 11241 11416 D MSF.C.NetConnTag.true: netRecv ssoSeq:68904 uin:*1077 cmd:BSo0NgkuJnQpLjRkIm4mPg 69065 cross:0
04-29 20:11:32.934 29889 31945 D MSF.D.Proxy: onReceiveResp, fromServiceMsg = OidbSvc.0x88d_0, ssoSeq = 68897, length = 44
04-29 20:11:32.935 11241 11406 I MSF.S.AppProcessManager: SendToApp process:com.tencent.mobileqq fromServiceMsg: FromServiceMsg msName:unknown ssoSeq:68898 serviceCmd:OidbSvc.0x88d_0 appSeq:914 failCode:1000 cos t =0 needBoot=false to.len = 37 from.len = 43
04-29 20:11:32.936 29889 31945 D MSF.D.Proxy: onReceiveResp, fromServiceMsg = OidbSvc.0x88d_0, ssoSeq = 68898, length = 43
04-29 20:11:32.937 11241 11406 I MSF.S.AppProcessManager: SendToApp process:com.tencent.mobileqq fromServiceMsg: FromServiceMsg msName:unknown ssoSeq:68904 serviceCmd:OidbSvc.cmd0x6cd appSeq:918 failCode:1000 cos t =0 needBoot=false to.len = 222 from.len = 161
04-29 20:11:32.938 29889 31945 D MSF.D.Proxy: onReceiveResp, fromServiceMsg = OidbSvc.cmd0x6cd, ssoSeq = 68904, length = 161
04-29 20:11:32.940 29889 30532 I LocalRedTouchManager: onGetRedPointInfo, list size=1, hasMore=false
04-29 20:11:32.941 29889 29889 D KandianMergeManager: onGameCenterMsgReceive | redTouchObserver received a notification 
04-29 20:11:32.941 29889 29889 D RedPointLog.RedTouchManager: getAppInfoByPath path = 1130
04-29 20:11:32.941 29889 29889 D KandianMergeManager: handlerRedPntCenterNotify | receive a red point push notify, size : 1
04-29 20:11:32.941 29889 29889 D KandianMergeManager: handlerRedPntCenterNotify | parse redPntInfo type :  -1
04-29 20:11:32.941 29889 29889 D KandianMergeManager: handlerRedPntCenterNotify end !
04-29 20:11:32.942 29889 12798 D MainAssistObserver: updateTabSettingNotify me count=64
04-29 20:11:32.942 29889 12841 I MainAssistObserver.LebaTabRedTouch: isOnlyShowQzone is no eModel
04-29 20:11:32.942 29889 29889 D RedPointLog.RedTouchManager: red touch in appSet:1 had reported expose once,and expose switch is:3
04-29 20:11:32.943 29889 12841 D nearby.redpoint: getNearbyRedPoint, needShow, isNewTab=true, redType=0, redInfo=com.tencent.mobileqq.nearby.redtouch.impl.NearbyRedInfoImpl@3fdac71
04-29 20:11:32.943 29889 12841 I [zplan]ZPlanRequestImpl: not arm64 phone
04-29 20:11:32.944 29889 12841 I QZoneApiProxyImpl: getExpContentInSimpleUI from postBtnExp isExpGroup= true
04-29 20:11:32.944 29889 12841 I QZoneApiProxyImpl: getExpContentInSimpleUI from postBtnExp expValue=exp_shouq_dongtai_jianjie_B
04-29 20:11:32.944 29889 12841 I MainAssistObserver.LebaTabRedTouch: getRedTouchInfoForLeba result = nullpathList = getRedTouchInfoForLeba:redpoint path List:, for 100400 isNewFlag exposure_max error00
04-29 20:11:32.944 29889 12841 E QzoneConfig: key = qqcircle secondaryKey= qqcircle_show_entrance_on_recommend_tab value= 1
04-29 20:11:32.945 29889 12841 E QCircleConfigHelper: isQQCircleShowLebaEntrance:1
04-29 20:11:32.945 29889 12841 E QzoneConfig: key = qqcircle secondaryKey= qqcircle_show_entrance_on_message_tab value= 1
04-29 20:11:32.945 29889 12841 I MainAssistObserver.LebaTabRedTouch: updateTabLebaNotify: totalCount=0, qz=0, numRedTouch=0, redNumPointNums=0, readInJoyNotifyCount=0, nearbyNum=0, storyRedNum=0, allPeopleVoteRedNumCount=mIsShowNewLeba=falsetroop red point-->redPointNums= 0, redNumPointNums=0, isBuluoEntryShow=0nearby red point-->nearbyNum= 0, nearbyHasRedPoint=false, isNearbyEntryShow=truebusiness red point-->numRedTouch=0QZone red point-->qzonMsgCount=0readInJoy red point-->readInJoyNotifyCount=0, isReadinjoyNotifyNeedsDisplay=false, isKanDianEntryShow=confessRedPoitfalse,false,falsematchChatRedNum,0matchFriendChatRedNum,0
04-29 20:11:32.945 29889 12841 D UndealCount.MainAssistObserver: isNewQzoneMsgExist: 1
04-29 20:11:32.945 29889 29889 D NearbyNewRedDotManager: RedpointObserver.onDataChange: isSucc=true
04-29 20:11:32.945 29889 12794 D MainAssistObserver: updateTabSettingNotify me count=64
04-29 20:11:32.945 29889 12841 I MainAssistObserver.LebaTabRedTouch: updateTabLebaNotify hasReddot; redpointMums = 0,isReadinjoyNotifyNeedsDisplayfalse,nearbyHasRedPoint = false, finalConfessShowRedDot=false
04-29 20:11:32.945 29889 29889 D RedPointLog.RedTouchManager: getNumRedBusiInfoByAppId : cannot find the info by appid
04-29 20:11:32.946 29889 29889 D RedPointLog.RedTouchManager: red touch in appSet:0 had reported expose once,and expose switch is:3
04-29 20:11:32.946 29889 29889 D RedPointLog.RedTouchManager: red touch in appSet:1 had reported expose once,and expose switch is:3
04-29 20:11:32.953 29889 29889 D RedPointLog.RedTouchManager: getAppInfoByPath path = 120000
04-29 20:11:32.953 29889 29889 I Q.recent: handleMessageForUpdatePlusRedTouch: needsExposeRedTouchUpward = false
04-29 20:11:32.953 29889 29889 D RedPointLog.RedTouchManager: getAppInfoByPath path = 130500
04-29 20:11:32.973  1273  4363 W VsyncModulator: setTransactionSchedule: Unexpected EarlyEnd
04-29 20:11:32.973  1094  1094 E vendor.qti.hardware.perf@2.2-service: Unknown params
04-29 20:11:32.974  1094  1117 E ANDR-PERF-OPTSHANDLER: Can't process request: noroot_thread is not running
04-29 20:11:32.975  1094  1117 E ANDR-PERF-RESOURCEQS: Failed to apply optimization [7, 3]
04-29 20:11:33.239 11241 11368 W Settings: Setting airplane_mode_on has moved from android.provider.Settings.System to android.provider.Settings.Global, returning read-only value.
04-29 20:11:33.242 11241 11368 W Settings: Setting airplane_mode_on has moved from android.provider.Settings.System to android.provider.Settings.Global, returning read-only value.
04-29 20:11:33.243 11241 11368 W Settings: Setting airplane_mode_on has moved from android.provider.Settings.System to android.provider.Settings.Global, returning read-only value.
04-29 20:11:33.245 11241 11368 W Settings: Setting airplane_mode_on has moved from android.provider.Settings.System to android.provider.Settings.Global, returning read-only value.
04-29 20:11:33.246 11241 11368 W Settings: Setting airplane_mode_on has moved from android.provider.Settings.System to android.provider.Settings.Global, returning read-only value.
04-29 20:11:33.248 11241 11368 W Settings: Setting airplane_mode_on has moved from android.provider.Settings.System to android.provider.Settings.Global, returning read-only value.
04-29 20:11:33.250 11241 11368 W Settings: Setting airplane_mode_on has moved from android.provider.Settings.System to android.provider.Settings.Global, returning read-only value.
04-29 20:11:33.254 11241 11368 W Settings: Setting airplane_mode_on has moved from android.provider.Settings.System to android.provider.Settings.Global, returning read-only value.
04-29 20:11:33.255 11241 11368 W Settings: Setting airplane_mode_on has moved from android.provider.Settings.System to android.provider.Settings.Global, returning read-only value.
04-29 20:11:33.256 11241 11368 W Settings: Setting airplane_mode_on has moved from android.provider.Settings.System to android.provider.Settings.Global, returning read-only value.
04-29 20:11:33.257 11241 11368 W Settings: Setting airplane_mode_on has moved from android.provider.Settings.System to android.provider.Settings.Global, returning read-only value.
04-29 20:11:33.259 11241 11368 W Settings: Setting airplane_mode_on has moved from android.provider.Settings.System to android.provider.Settings.Global, returning read-only value.
04-29 20:11:33.260 11241 11368 W Settings: Setting airplane_mode_on has moved from android.provider.Settings.System to android.provider.Settings.Global, returning read-only value.
04-29 20:11:33.261 11241 11368 W Settings: Setting airplane_mode_on has moved from android.provider.Settings.System to android.provider.Settings.Global, returning read-only value.
04-29 20:11:33.262 11241 11368 W Settings: Setting airplane_mode_on has moved from android.provider.Settings.System to android.provider.Settings.Global, returning read-only value.
04-29 20:11:33.263 11241 11368 W Settings: Setting airplane_mode_on has moved from android.provider.Settings.System to android.provider.Settings.Global, returning read-only value.
04-29 20:11:33.264 11241 11368 W Settings: Setting airplane_mode_on has moved from android.provider.Settings.System to android.provider.Settings.Global, returning read-only value.
04-29 20:11:33.265 11241 11368 W Settings: Setting airplane_mode_on has moved from android.provider.Settings.System to android.provider.Settings.Global, returning read-only value.
04-29 20:11:33.267 11241 11368 W Settings: Setting airplane_mode_on has moved from android.provider.Settings.System to android.provider.Settings.Global, returning read-only value.
04-29 20:11:33.329  1273  4363 W VsyncModulator: setTransactionSchedule: Unexpected EarlyEnd
04-29 20:11:33.329  1094  1094 E vendor.qti.hardware.perf@2.2-service: Unknown params
04-29 20:11:33.325  1094  1094 W perf@2.2-servic: type=1400 audit(0.0:870680): avc: denied { search } for name="1273" dev="proc" ino=15645186 scontext=u:r:vendor_hal_perf_default:s0 tcontext=u:r:surfaceflinger:s0 tclass=dir permissive=0
04-29 20:11:33.325  1094  1094 W perf@2.2-servic: type=1400 audit(0.0:870681): avc: denied { search } for name="1273" dev="proc" ino=15645186 scontext=u:r:vendor_hal_perf_default:s0 tcontext=u:r:surfaceflinger:s0 tclass=dir permissive=0
04-29 20:11:33.331  1094  1117 E ANDR-PERF-OPTSHANDLER: Can't process request: noroot_thread is not running
04-29 20:11:33.331  1094  1117 E ANDR-PERF-RESOURCEQS: Failed to apply optimization [7, 3]
04-29 20:11:33.332 28153 28153 W adbd    : timeout expired while flushing socket, closing
04-29 20:11:33.826  1273  4363 W VsyncModulator: setTransactionSchedule: Unexpected EarlyEnd
04-29 20:11:33.827  1094  1094 E vendor.qti.hardware.perf@2.2-service: Unknown params
04-29 20:11:33.825  1094  1094 W perf@2.2-servic: type=1400 audit(0.0:870682): avc: denied { search } for name="1273" dev="proc" ino=15645186 scontext=u:r:vendor_hal_perf_default:s0 tcontext=u:r:surfaceflinger:s0 tclass=dir permissive=0
04-29 20:11:33.825  1094  1094 W perf@2.2-servic: type=1400 audit(0.0:870683): avc: denied { search } for name="1273" dev="proc" ino=15645186 scontext=u:r:vendor_hal_perf_default:s0 tcontext=u:r:surfaceflinger:s0 tclass=dir permissive=0
04-29 20:11:33.828  1094  1117 E ANDR-PERF-OPTSHANDLER: Can't process request: noroot_thread is not running
04-29 20:11:33.828  1094  1117 E ANDR-PERF-RESOURCEQS: Failed to apply optimization [7, 3]
04-29 20:11:33.932   981  1164 E minksocket: MinkIPC_QRTR_Service: client with node 1 port 49f2 went down
04-29 20:11:33.934   981  1164 E minksocket: MinkIPC_QRTR_Service: client with node 1 port 49f6 went down
04-29 20:11:33.960  1051   680 E sensors-hal: handle_sns_client_event:52, gesture_detect_event: ts=242657120922770, event=1.000000
04-29 20:11:34.332  1273  4363 W VsyncModulator: setTransactionSchedule: Unexpected EarlyEnd
04-29 20:11:34.333  1094  1094 E vendor.qti.hardware.perf@2.2-service: Unknown params
04-29 20:11:34.329  1094  1094 W perf@2.2-servic: type=1400 audit(0.0:870684): avc: denied { search } for name="1273" dev="proc" ino=15645186 scontext=u:r:vendor_hal_perf_default:s0 tcontext=u:r:surfaceflinger:s0 tclass=dir permissive=0
04-29 20:11:34.329  1094  1094 W perf@2.2-servic: type=1400 audit(0.0:870685): avc: denied { search } for name="1273" dev="proc" ino=15645186 scontext=u:r:vendor_hal_perf_default:s0 tcontext=u:r:surfaceflinger:s0 tclass=dir permissive=0
04-29 20:11:34.335  1094  1117 E ANDR-PERF-OPTSHANDLER: Can't process request: noroot_thread is not running
04-29 20:11:34.335  1094  1117 E ANDR-PERF-RESOURCEQS: Failed to apply optimization [7, 3]
04-29 20:11:34.401  3824  4059 D MobileSignalController: slot: 0 ,Current state: 0 mobile State:0
04-29 20:11:34.425  1273  4363 W VsyncModulator: setTransactionSchedule: Unexpected EarlyEnd
04-29 20:11:34.426  1094  1094 E vendor.qti.hardware.perf@2.2-service: Unknown params
04-29 20:11:34.421  1094  1094 W perf@2.2-servic: type=1400 audit(0.0:870686): avc: denied { search } for name="1273" dev="proc" ino=15645186 scontext=u:r:vendor_hal_perf_default:s0 tcontext=u:r:surfaceflinger:s0 tclass=dir permissive=0
04-29 20:11:34.421  1094  1094 W perf@2.2-servic: type=1400 audit(0.0:870687): avc: denied { search } for name="1273" dev="proc" ino=15645186 scontext=u:r:vendor_hal_perf_default:s0 tcontext=u:r:surfaceflinger:s0 tclass=dir permissive=0
04-29 20:11:34.427  1094  1117 E ANDR-PERF-OPTSHANDLER: Can't process request: noroot_thread is not running
04-29 20:11:34.427  1094  1117 E ANDR-PERF-RESOURCEQS: Failed to apply optimization [7, 3]
04-29 20:11:34.673 11673 11881 E SQLiteLog: (5) statement aborts at 1: [PRAGMA journal_mode=PERSIST] database is locked
04-29 20:11:34.674 11673 11881 W SQLiteConnection: Could not change the database journal mode of '/data/user/0/com.tencent.mobileqq/databases/6bb61e3b7bce0931da574d19d1d82c88' from 'wal' to 'PERSIST' because the database is locked.  This usually means that there are other open connections to the database which prevents the database from enabling or disabling write-ahead logging mode.  Proceeding without changing the journal mode.
04-29 20:11:34.676 11673 11881 E QZLog   : PRAGMA synchronous=OFF executed
04-29 20:11:34.686 11673 11881 I DbCacheDatabase: [DB]6bb61e3b7bce0931da574d19d1d82c88  attach sessionId:248085257mAttachCount:1
04-29 20:11:34.692 11673 11881 I DbCacheDatabase.CacheManager: encrypt success mTableName:UserInfoTB
04-29 20:11:34.696 11673 11881 I DbCacheDatabase: [DB]6bb61e3b7bce0931da574d19d1d82c88  attach sessionId:32534554mAttachCount:2
04-29 20:11:34.697 11673 11881 I DbCacheDatabase.CacheManager: encrypt success mTableName:MachineInfoTB
04-29 20:11:34.835  1273  4363 W VsyncModulator: setTransactionSchedule: Unexpected EarlyEnd
04-29 20:11:34.836  1094  1094 E vendor.qti.hardware.perf@2.2-service: Unknown params
04-29 20:11:34.837  1094  1117 E ANDR-PERF-OPTSHANDLER: Can't process request: noroot_thread is not running
04-29 20:11:34.837  1094  1117 E ANDR-PERF-RESOURCEQS: Failed to apply optimization [7, 3]
04-29 20:11:34.833  1094  1094 W perf@2.2-servic: type=1400 audit(0.0:870688): avc: denied { search } for name="1273" dev="proc" ino=15645186 scontext=u:r:vendor_hal_perf_default:s0 tcontext=u:r:surfaceflinger:s0 tclass=dir permissive=0
04-29 20:11:34.833  1094  1094 W perf@2.2-servic: type=1400 audit(0.0:870689): avc: denied { search } for name="1273" dev="proc" ino=15645186 scontext=u:r:vendor_hal_perf_default:s0 tcontext=u:r:surfaceflinger:s0 tclass=dir permissive=0
--------- beginning of system
04-29 20:11:34.962  1667  2152 I EdgeSuppressionManager: Lay status is 2
04-29 20:11:34.962  1667  2152 I EdgeSuppressionManager: isAbsolute = true, result = 0
04-29 20:11:34.962  1667  2152 I EdgeSuppressionManager: isAbsolute = false, result = 0
04-29 20:11:34.963  1667  2152 I ITouchFeature: current device and process support version:2
04-29 20:11:34.967  1667  2152 I android_os_HwBinder: HwBinder: Starting thread pool for getting: vendor.xiaomi.hw.touchfeature@1.0::ITouchFeature/default
04-29 20:11:35.072  1667  3937 E Tethering: [api31.BpfCoordinatorShimImpl] ERROR Could not add interface 17: android.system.ErrnoException: writeToMapEntry failed: EBADF (Bad file descriptor)
04-29 20:11:35.072  1667  3937 E Tethering: [api31.BpfCoordinatorShimImpl] ERROR Could not add interface 35: android.system.ErrnoException: writeToMapEntry failed: EBADF (Bad file descriptor)
04-29 20:11:35.074  1667  3937 E Tethering: [api31.BpfCoordinatorShimImpl] ERROR Could not get stats entry of interface index 17: : findMapEntry failed: EBADF (Bad file descriptor)
04-29 20:11:35.074  1667  3937 E Tethering: android.system.ErrnoException: findMapEntry failed: EBADF (Bad file descriptor)
04-29 20:11:35.074  1667  3937 E Tethering: 	at com.android.networkstack.tethering.BpfMap.findMapEntry(Native Method)
04-29 20:11:35.074  1667  3937 E Tethering: 	at com.android.networkstack.tethering.BpfMap.getRawValue(BpfMap.java:231)
04-29 20:11:35.074  1667  3937 E Tethering: 	at com.android.networkstack.tethering.BpfMap.getValue(BpfMap.java:220)
04-29 20:11:35.074  1667  3937 E Tethering: 	at com.android.networkstack.tethering.apishim.api31.BpfCoordinatorShimImpl.tetherOffloadSetInterfaceQuota(BpfCoordinatorShimImpl.java:260)
04-29 20:11:35.074  1667  3937 E Tethering: 	at com.android.networkstack.tethering.BpfCoordinator.sendDataLimitToBpfMap(BpfCoordinator.java:1646)
04-29 20:11:35.074  1667  3937 E Tethering: 	at com.android.networkstack.tethering.BpfCoordinator.updateDataLimit(BpfCoordinator.java:1670)
04-29 20:11:35.074  1667  3937 E Tethering: 	at com.android.networkstack.tethering.BpfCoordinator.maybeSetLimit(BpfCoordinator.java:1682)
04-29 20:11:35.074  1667  3937 E Tethering: 	at com.android.networkstack.tethering.BpfCoordinator.access$2000(BpfCoordinator.java:95)
04-29 20:11:35.074  1667  3937 E Tethering: 	at com.android.networkstack.tethering.BpfCoordinator$BpfConntrackEventConsumer.accept(BpfCoordinator.java:1609)
04-29 20:11:35.074  1667  3937 E Tethering: 	at android.net.ip.ConntrackMonitor.processNetlinkMessage(ConntrackMonitor.java:196)
04-29 20:11:35.074  1667  3937 E Tethering: 	at android.net.ip.NetlinkMonitor.handlePacket(NetlinkMonitor.java:124)
04-29 20:11:35.074  1667  3937 E Tethering: 	at android.net.ip.NetlinkMonitor.handlePacket(NetlinkMonitor.java:54)
04-29 20:11:35.074  1667  3937 E Tethering: 	at com.android.networkstack.tethering.util.FdEventsReader.handleInput(FdEventsReader.java:246)
04-29 20:11:35.074  1667  3937 E Tethering: 	at com.android.networkstack.tethering.util.FdEventsReader.lambda$createAndRegisterFd$0(FdEventsReader.java:204)
04-29 20:11:35.074  1667  3937 E Tethering: 	at com.android.networkstack.tethering.util.FdEventsReader.$r8$lambda$ozTqz6s4K_T002rxqL3mi1wWqWs(Unknown Source:0)
04-29 20:11:35.074  1667  3937 E Tethering: 	at com.android.networkstack.tethering.util.FdEventsReader$$ExternalSyntheticLambda0.onFileDescriptorEvents(Unknown Source:2)
04-29 20:11:35.074  1667  3937 E Tethering: 	at android.os.MessageQueue.dispatchEvents(MessageQueue.java:295)
04-29 20:11:35.074  1667  3937 E Tethering: 	at android.os.MessageQueue.nativePollOnce(Native Method)
04-29 20:11:35.074  1667  3937 E Tethering: 	at android.os.MessageQueue.next(MessageQueue.java:337)
04-29 20:11:35.074  1667  3937 E Tethering: 	at android.os.Looper.loopOnce(Looper.java:168)
04-29 20:11:35.074  1667  3937 E Tethering: 	at android.os.Looper.loop(Looper.java:299)
04-29 20:11:35.074  1667  3937 E Tethering: 	at android.os.HandlerThread.run(HandlerThread.java:67)
04-29 20:11:35.074  1667  3937 E Tethering: [BpfCoordinator] ERROR Setting data limit for rmnet_data3 failed.
04-29 20:11:35.077  1667  3937 E Tethering: [api31.BpfCoordinatorShimImpl] ERROR Could not insert entry (iif: 35, dstMac: d6:75:ba:4e:dc:ef, l4proto: 6, src4: /192.168.218.16, dst4: /20.44.229.112, srcPort: 58836, dstPort: 443, oif: 17, ethDstMac: 00:00:00:00:00:00, ethSrcMac: 00:00:00:00:00:00, ethProto: 2048, pmtu: 1500, src46: /10.31.199.218, dst46: /20.44.229.112, srcPort: 58836, dstPort: 443, lastUsed: 0): android.system.ErrnoException: writeToMapEntry failed: EBADF (Bad file descriptor)
04-29 20:11:35.080  1667  3937 E Tethering: [api31.BpfCoordinatorShimImpl] ERROR Could not insert entry (iif: 17, dstMac: 00:00:00:00:00:00, l4proto: 6, src4: /20.44.229.112, dst4: /10.31.199.218, srcPort: 443, dstPort: 58836, oif: 35, ethDstMac: ec:2e:98:cb:fa:99, ethSrcMac: d6:75:ba:4e:dc:ef, ethProto: 2048, pmtu: 1500, src46: /20.44.229.112, dst46: /192.168.218.16, srcPort: 443, dstPort: 58836, lastUsed: 0): android.system.ErrnoException: writeToMapEntry failed: EBADF (Bad file descriptor)
04-29 20:11:35.335  1273  4363 W VsyncModulator: setTransactionSchedule: Unexpected EarlyEnd
04-29 20:11:35.336  1094  1094 E vendor.qti.hardware.perf@2.2-service: Unknown params
04-29 20:11:35.333  1094  1094 W perf@2.2-servic: type=1400 audit(0.0:870690): avc: denied { search } for name="1273" dev="proc" ino=15645186 scontext=u:r:vendor_hal_perf_default:s0 tcontext=u:r:surfaceflinger:s0 tclass=dir permissive=0
04-29 20:11:35.337  1094  1117 E ANDR-PERF-OPTSHANDLER: Can't process request: noroot_thread is not running
04-29 20:11:35.337  1094  1117 E ANDR-PERF-RESOURCEQS: Failed to apply optimization [7, 3]
04-29 20:11:35.333  1094  1094 W perf@2.2-servic: type=1400 audit(0.0:870691): avc: denied { search } for name="1273" dev="proc" ino=15645186 scontext=u:r:vendor_hal_perf_default:s0 tcontext=u:r:surfaceflinger:s0 tclass=dir permissive=0
04-29 20:11:35.344   991 25531 I vendor.qti.bluetooth@1.0-ibs_handler: ProcessIbsCmd: Received IBS_WAKE_IND: 0xFD
04-29 20:11:35.344   991 25531 D vendor.qti.bluetooth@1.0-ibs_handler: SerialClockVote: vote for UART CLK ON
04-29 20:11:35.345   991 25531 D vendor.qti.bluetooth@1.0-wake_lock: Acquire wakelock is acquired 
04-29 20:11:35.345   991 25531 I vendor.qti.bluetooth@1.0-ibs_handler: ProcessIbsCmd: Writing IBS_WAKE_ACK
04-29 20:11:35.360  4180 25616 D MiuiMiHomeConnectController: getDeviceTimes
04-29 20:11:35.361  4180 25616 D MiuiMiHomeConnectController: result.getRssi = -6800:00:00:D6:76:FD
04-29 20:11:35.366  4180 25616 D MiuiMiHomeDownloadManager: check local file : null
04-29 20:11:35.366  4180 25616 D MiuiMiHomeDownloadManager: device: 4944    return rssiNum: -50
04-29 20:11:35.366  4180 25616 D MiuiMiHomeConnectController: rssi num is not fit cloud data 
04-29 20:11:35.386   991 25531 I vendor.qti.bluetooth@1.0-ibs_handler: ProcessIbsCmd: Received IBS_SLEEP_IND: 0xFE
04-29 20:11:35.386   991 25531 D vendor.qti.bluetooth@1.0-ibs_handler: SerialClockVote: vote for UART CLK OFF
04-29 20:11:35.398 29889 30313 E plugin_tag: Do not need to report this plugin launch event!
04-29 20:11:35.417  3824  4059 D MobileSignalController: slot: 0 ,Current state: 0 mobile State:0
04-29 20:11:35.442  1273  4363 W VsyncModulator: setTransactionSchedule: Unexpected EarlyEnd
04-29 20:11:35.443  1094  1094 E vendor.qti.hardware.perf@2.2-service: Unknown params
04-29 20:11:35.441  1094  1094 W perf@2.2-servic: type=1400 audit(0.0:870692): avc: denied { search } for name="1273" dev="proc" ino=15645186 scontext=u:r:vendor_hal_perf_default:s0 tcontext=u:r:surfaceflinger:s0 tclass=dir permissive=0
04-29 20:11:35.441  1094  1094 W perf@2.2-servic: type=1400 audit(0.0:870693): avc: denied { search } for name="1273" dev="proc" ino=15645186 scontext=u:r:vendor_hal_perf_default:s0 tcontext=u:r:surfaceflinger:s0 tclass=dir permissive=0
04-29 20:11:35.445  1094  1117 E ANDR-PERF-OPTSHANDLER: Can't process request: noroot_thread is not running
04-29 20:11:35.445  1094  1117 E ANDR-PERF-RESOURCEQS: Failed to apply optimization [7, 3]
04-29 20:11:35.537   991 25482 D vendor.qti.bluetooth@1.0-wake_lock: Release wakelock is released 
04-29 20:11:35.829  1273  4363 W VsyncModulator: setTransactionSchedule: Unexpected EarlyEnd
04-29 20:11:35.830  1094  1094 E vendor.qti.hardware.perf@2.2-service: Unknown params
04-29 20:11:35.829  1094  1094 W perf@2.2-servic: type=1400 audit(0.0:870694): avc: denied { search } for name="1273" dev="proc" ino=15645186 scontext=u:r:vendor_hal_perf_default:s0 tcontext=u:r:surfaceflinger:s0 tclass=dir permissive=0
04-29 20:11:35.832  1094  1117 E ANDR-PERF-OPTSHANDLER: Can't process request: noroot_thread is not running
04-29 20:11:35.832  1094  1117 E ANDR-PERF-RESOURCEQS: Failed to apply optimization [7, 3]
04-29 20:11:36.007  1273  4363 W VsyncModulator: setTransactionSchedule: Unexpected EarlyEnd
04-29 20:11:36.008  1094  1094 E vendor.qti.hardware.perf@2.2-service: Unknown params
04-29 20:11:36.009  1094  1117 E ANDR-PERF-OPTSHANDLER: Can't process request: noroot_thread is not running
04-29 20:11:36.009  1094  1117 E ANDR-PERF-RESOURCEQS: Failed to apply optimization [7, 3]
04-29 20:11:36.303  3794  4133 D FiveGDataOptimize: TxRx: 293726, Tx: 267959, Rx: 25681, Hit: 0
04-29 20:11:36.331  1273  4363 W VsyncModulator: setTransactionSchedule: Unexpected EarlyEnd
04-29 20:11:36.331  1094  1094 E vendor.qti.hardware.perf@2.2-service: Unknown params
04-29 20:11:36.332  1094  1117 E ANDR-PERF-OPTSHANDLER: Can't process request: noroot_thread is not running
04-29 20:11:36.332  1094  1117 E ANDR-PERF-RESOURCEQS: Failed to apply optimization [7, 3]
04-29 20:11:36.427  3824  4059 D MobileSignalController: slot: 0 ,Current state: 0 mobile State:0
04-29 20:11:36.441  1273  4363 W VsyncModulator: setTransactionSchedule: Unexpected EarlyEnd
04-29 20:11:36.442  1094  1094 E vendor.qti.hardware.perf@2.2-service: Unknown params
04-29 20:11:36.437  1094  1094 W perf@2.2-servic: type=1400 audit(0.0:870700): avc: denied { search } for name="1273" dev="proc" ino=15645186 scontext=u:r:vendor_hal_perf_default:s0 tcontext=u:r:surfaceflinger:s0 tclass=dir permissive=0
04-29 20:11:36.437  1094  1094 W perf@2.2-servic: type=1400 audit(0.0:870701): avc: denied { search } for name="1273" dev="proc" ino=15645186 scontext=u:r:vendor_hal_perf_default:s0 tcontext=u:r:surfaceflinger:s0 tclass=dir permissive=0
04-29 20:11:36.443  1094  1117 E ANDR-PERF-OPTSHANDLER: Can't process request: noroot_thread is not running
04-29 20:11:36.443  1094  1117 E ANDR-PERF-RESOURCEQS: Failed to apply optimization [7, 3]
04-29 20:11:36.508  1667  3937 I Tethering: [OffloadController] notifyAlertReached
04-29 20:11:36.834  1273  4363 W VsyncModulator: setTransactionSchedule: Unexpected EarlyEnd
04-29 20:11:36.835  1094  1094 E vendor.qti.hardware.perf@2.2-service: Unknown params
04-29 20:11:36.833  1094  1094 W perf@2.2-servic: type=1400 audit(0.0:870702): avc: denied { search } for name="1273" dev="proc" ino=15645186 scontext=u:r:vendor_hal_perf_default:s0 tcontext=u:r:surfaceflinger:s0 tclass=dir permissive=0
04-29 20:11:36.833  1094  1094 W perf@2.2-servic: type=1400 audit(0.0:870703): avc: denied { search } for name="1273" dev="proc" ino=15645186 scontext=u:r:vendor_hal_perf_default:s0 tcontext=u:r:surfaceflinger:s0 tclass=dir permissive=0
04-29 20:11:36.836  1094  1117 E ANDR-PERF-OPTSHANDLER: Can't process request: noroot_thread is not running
04-29 20:11:36.836  1094  1117 E ANDR-PERF-RESOURCEQS: Failed to apply optimization [7, 3]
04-29 20:11:37.284  1667  3937 E Tethering: [api31.BpfCoordinatorShimImpl] ERROR Fail to fetch tethering stats from BPF map: : getNextMapKey failed: EBADF (Bad file descriptor)
04-29 20:11:37.284  1667  3937 E Tethering: android.system.ErrnoException: getNextMapKey failed: EBADF (Bad file descriptor)
04-29 20:11:37.284  1667  3937 E Tethering: 	at com.android.networkstack.tethering.BpfMap.getNextMapKey(Native Method)
04-29 20:11:37.284  1667  3937 E Tethering: 	at com.android.networkstack.tethering.BpfMap.getNextRawKey(BpfMap.java:199)
04-29 20:11:37.284  1667  3937 E Tethering: 	at com.android.networkstack.tethering.BpfMap.getNextKeyInternal(BpfMap.java:177)
04-29 20:11:37.284  1667  3937 E Tethering: 	at com.android.networkstack.tethering.BpfMap.getFirstKey(BpfMap.java:206)
04-29 20:11:37.284  1667  3937 E Tethering: 	at com.android.networkstack.tethering.BpfMap.forEach(BpfMap.java:243)
04-29 20:11:37.284  1667  3937 E Tethering: 	at com.android.networkstack.tethering.apishim.api31.BpfCoordinatorShimImpl.tetherOffloadGetStats(BpfCoordinatorShimImpl.java:241)
04-29 20:11:37.284  1667  3937 E Tethering: 	at com.android.networkstack.tethering.BpfCoordinator.updateForwardedStats(BpfCoordinator.java:1844)
04-29 20:11:37.284  1667  3937 E Tethering: 	at com.android.networkstack.tethering.BpfCoordinator.lambda$new$0(BpfCoordinator.java:249)
04-29 20:11:37.284  1667  3937 E Tethering: 	at com.android.networkstack.tethering.BpfCoordinator.$r8$lambda$11zi2so53-tPlRpKnlSkWOpxReo(Unknown Source:0)
04-29 20:11:37.284  1667  3937 E Tethering: 	at com.android.networkstack.tethering.BpfCoordinator$$ExternalSyntheticLambda0.run(Unknown Source:2)
04-29 20:11:37.284  1667  3937 E Tethering: 	at android.os.Handler.handleCallback(Handler.java:938)
04-29 20:11:37.284  1667  3937 E Tethering: 	at android.os.Handler.dispatchMessage(Handler.java:99)
04-29 20:11:37.284  1667  3937 E Tethering: 	at android.os.Looper.loopOnce(Looper.java:210)
04-29 20:11:37.284  1667  3937 E Tethering: 	at android.os.Looper.loop(Looper.java:299)
04-29 20:11:37.284  1667  3937 E Tethering: 	at android.os.HandlerThread.run(HandlerThread.java:67)
04-29 20:11:37.285  1667  3937 E Tethering: [BpfCoordinator] ERROR Problem fetching tethering stats
04-29 20:11:37.338  1273  4363 W VsyncModulator: setTransactionSchedule: Unexpected EarlyEnd
04-29 20:11:37.338  1094  1094 E vendor.qti.hardware.perf@2.2-service: Unknown params
04-29 20:11:37.337  1094  1094 W perf@2.2-servic: type=1400 audit(0.0:870704): avc: denied { search } for name="1273" dev="proc" ino=15645186 scontext=u:r:vendor_hal_perf_default:s0 tcontext=u:r:surfaceflinger:s0 tclass=dir permissive=0
04-29 20:11:37.340  1094  1117 E ANDR-PERF-OPTSHANDLER: Can't process request: noroot_thread is not running
04-29 20:11:37.341  1094  1117 E ANDR-PERF-RESOURCEQS: Failed to apply optimization [7, 3]
04-29 20:11:37.405   991 25531 I vendor.qti.bluetooth@1.0-ibs_handler: ProcessIbsCmd: Received IBS_WAKE_IND: 0xFD
04-29 20:11:37.405   991 25531 D vendor.qti.bluetooth@1.0-ibs_handler: SerialClockVote: vote for UART CLK ON
04-29 20:11:37.406   991 25531 D vendor.qti.bluetooth@1.0-wake_lock: Acquire wakelock is acquired 
04-29 20:11:37.406   991 25531 I vendor.qti.bluetooth@1.0-ibs_handler: ProcessIbsCmd: Writing IBS_WAKE_ACK
04-29 20:11:37.423  4180 25616 D MiuiMiHomeConnectController: getDeviceTimes
04-29 20:11:37.425  4180 25616 D MiuiMiHomeConnectController: result.getRssi = -6800:00:00:D6:76:FD
04-29 20:11:37.431  4180 25616 D MiuiMiHomeDownloadManager: check local file : null
04-29 20:11:37.431  4180 25616 D MiuiMiHomeDownloadManager: device: 4944    return rssiNum: -50
04-29 20:11:37.431  4180 25616 D MiuiMiHomeConnectController: rssi num is not fit cloud data 
04-29 20:11:37.447   991 25531 I vendor.qti.bluetooth@1.0-ibs_handler: ProcessIbsCmd: Received IBS_SLEEP_IND: 0xFE
04-29 20:11:37.447   991 25531 D vendor.qti.bluetooth@1.0-ibs_handler: SerialClockVote: vote for UART CLK OFF
04-29 20:11:37.598   991 25482 D vendor.qti.bluetooth@1.0-wake_lock: Release wakelock is released 
04-29 20:11:37.737  3794  3794 D TelephonyManager: requestModemActivityInfo: Sending result to app: ModemActivityInfo{ mTimestamp=242661015 mSleepTimeMs=136637106 mIdleTimeMs=899350 mTxTimeMs[]=[2995785, 157735, 202917, 141022, 106650] mRxTimeMs=93859720}
04-29 20:11:37.834  1273  4363 W VsyncModulator: setTransactionSchedule: Unexpected EarlyEnd
04-29 20:11:37.835  1094  1094 E vendor.qti.hardware.perf@2.2-service: Unknown params
04-29 20:11:37.833  1094  1094 W perf@2.2-servic: type=1400 audit(0.0:870706): avc: denied { search } for name="1273" dev="proc" ino=15645186 scontext=u:r:vendor_hal_perf_default:s0 tcontext=u:r:surfaceflinger:s0 tclass=dir permissive=0
04-29 20:11:37.833  1094  1094 W perf@2.2-servic: type=1400 audit(0.0:870707): avc: denied { search } for name="1273" dev="proc" ino=15645186 scontext=u:r:vendor_hal_perf_default:s0 tcontext=u:r:surfaceflinger:s0 tclass=dir permissive=0
04-29 20:11:37.837  1094  1117 E ANDR-PERF-OPTSHANDLER: Can't process request: noroot_thread is not running
04-29 20:11:37.837  1094  1117 E ANDR-PERF-RESOURCEQS: Failed to apply optimization [7, 3]
04-29 20:11:38.209 11241 11416 D MSF.C.CodecWarppertrue: recv Packet ssoSeq:-1443510972, uin:*1077
04-29 20:11:38.210 11241 11416 D MSF.C.NetConnTag.true: netRecv ssoSeq:-1443510972 uin:*1077 cmd:BS08PTQ9FS85K34GPykVLzkr -1443510668 cross:0
04-29 20:11:38.211 11241 11406 I MSF.S.AppProcessManager: SendToApp PUSH process:com.tencent.mobileqq fromServiceMsg: FromServiceMsg msName:onRecvPushMsg ssoSeq:-1443510972 serviceCmd:OnlinePush.ReqPush appSeq:-1443510972 failCode:1000 cost = 1 needBoot=true from.len = 213
04-29 20:11:38.212 29889 31945 D MSF.D.Proxy: onRecvServicePushResp, fromServiceMsg cmd = OnlinePush.ReqPush, ssoSeq = -1443510972, length = 213
04-29 20:11:38.218 11241 11259 D MSF.C.NetConnTag.true: add 68914 cmd:BS08PTQ9FS85K34GPys1Cj8wOA uin: *1077 len: 102 msg to GRAfehY3IjMkDjUmPT0 delayWaitSendList
04-29 20:11:38.280 11241 11324 D MemoryCeilingMonitor: [handleMemoryCalculate]
04-29 20:11:38.281 11241 11324 D MemoryCeilingMonitor: [calculate] tot: 8105935, max: 268435456, free: 2280895, heap: 5825040, per: 0.021699965000152588
04-29 20:11:38.338  1273  4363 W VsyncModulator: setTransactionSchedule: Unexpected EarlyEnd
04-29 20:11:38.339  1094  1094 E vendor.qti.hardware.perf@2.2-service: Unknown params
04-29 20:11:38.340  1094  1117 E ANDR-PERF-OPTSHANDLER: Can't process request: noroot_thread is not running
04-29 20:11:38.340  1094  1117 E ANDR-PERF-RESOURCEQS: Failed to apply optimization [7, 3]
04-29 20:11:38.337  1094  1094 W perf@2.2-servic: type=1400 audit(0.0:870708): avc: denied { search } for name="1273" dev="proc" ino=15645186 scontext=u:r:vendor_hal_perf_default:s0 tcontext=u:r:surfaceflinger:s0 tclass=dir permissive=0
04-29 20:11:38.337  1094  1094 W perf@2.2-servic: type=1400 audit(0.0:870709): avc: denied { search } for name="1273" dev="proc" ino=15645186 scontext=u:r:vendor_hal_perf_default:s0 tcontext=u:r:surfaceflinger:s0 tclass=dir permissive=0
04-29 20:11:38.437 11241 11416 D MSF.C.CodecWarppertrue: recv Packet ssoSeq:-1826952635, uin:*1077
04-29 20:11:38.437 11241 11416 D MSF.C.NetConnTag.true: netRecv ssoSeq:-1826952635 uin:*1077 cmd:ByYjJzs/IAk8IH4ELystHCUxMzEVPiM2Iy01 -1826952211 cross:0
04-29 20:11:38.448  3824  4059 D MobileSignalController: slot: 0 ,Current state: 0 mobile State:0
04-29 20:11:38.451 11241 11416 D MSF.C.AccountCenter: setMainAccount from=*1077 to=0 src: onKicked
04-29 20:11:38.458 11241 11416 D msfCore : stopPCActivePolling by onKicked
04-29 20:11:38.464 11241 11416 D PCActiveEchoManager: stopEcho succ
04-29 20:11:38.464 11241 11406 I MSF.S.AppProcessManager: SendToApp PUSH process:com.tencent.mobileqq:qzone fromServiceMsg: FromServiceMsg msName:unknown ssoSeq:-1826952635 serviceCmd:MessageSvc.PushForceOffline appSeq:-1826952635 failCode:2013 cost = 0 needBoot=false from.len = 325
04-29 20:11:38.465 11673 12788 D MSF.D.Proxy: onRecvServicePushResp, fromServiceMsg cmd = MessageSvc.PushForceOffline, ssoSeq = -1826952635, length = 325
