04-29 20:12:17.216  1084  1084 E SDM     : HWCSession::GetClientTargetProperty: GetClinetTargetProperty interface enter
04-29 20:12:17.217  1084  1084 E SDM     : HWCDisplay::GetClientTargetProperty: QIPL: GetClinetTargetProperty func enter
04-29 20:12:17.225  1084  1084 E SDM     : HWCSession::GetClientTargetProperty: GetClinetTargetProperty interface enter
04-29 20:12:17.225  1084  1084 E SDM     : HWCDisplay::GetClientTargetProperty: QIPL: GetClinetTargetProperty func enter
04-29 20:12:17.233  1084  1084 E SDM     : HWCSession::GetClientTargetProperty: GetClinetTargetProperty interface enter
04-29 20:12:17.233  1084  1084 E SDM     : HWCDisplay::GetClientTargetProperty: QIPL: GetClinetTargetProperty func enter
04-29 20:12:17.241  1084  1084 E SDM     : HWCSession::GetClientTargetProperty: GetClinetTargetProperty interface enter
04-29 20:12:17.241  1084  1084 E SDM     : HWCDisplay::GetClientTargetProperty: QIPL: GetClinetTargetProperty func enter
04-29 20:12:17.250  1084  1084 E SDM     : HWCSession::GetClientTargetProperty: GetClinetTargetProperty interface enter
04-29 20:12:17.250  1084  1084 E SDM     : HWCDisplay::GetClientTargetProperty: QIPL: GetClinetTargetProperty func enter
04-29 20:12:17.258  1084  1084 E SDM     : HWCSession::GetClientTargetProperty: GetClinetTargetProperty interface enter
04-29 20:12:17.258  1084  1084 E SDM     : HWCDisplay::GetClientTargetProperty: QIPL: GetClinetTargetProperty func enter
04-29 20:12:17.266  1084  1084 E SDM     : HWCSession::GetClientTargetProperty: GetClinetTargetProperty interface enter
04-29 20:12:17.266  1084  1084 E SDM     : HWCDisplay::GetClientTargetProperty: QIPL: GetClinetTargetProperty func enter
04-29 20:12:17.275  1084  1084 E SDM     : HWCSession::GetClientTargetProperty: GetClinetTargetProperty interface enter
04-29 20:12:17.275  1084  1084 E SDM     : HWCDisplay::GetClientTargetProperty: QIPL: GetClinetTargetProperty func enter
04-29 20:12:17.283  1084  1084 E SDM     : HWCSession::GetClientTargetProperty: GetClinetTargetProperty interface enter
04-29 20:12:17.283  1084  1084 E SDM     : HWCDisplay::GetClientTargetProperty: QIPL: GetClinetTargetProperty func enter
04-29 20:12:17.291  1084  1084 E SDM     : HWCSession::GetClientTargetProperty: GetClinetTargetProperty interface enter
04-29 20:12:17.291  1084  1084 E SDM     : HWCDisplay::GetClientTargetProperty: QIPL: GetClinetTargetProperty func enter
04-29 20:12:17.300  1084  1084 E SDM     : HWCSession::GetClientTargetProperty: GetClinetTargetProperty interface enter
04-29 20:12:17.300  1084  1084 E SDM     : HWCDisplay::GetClientTargetProperty: QIPL: GetClinetTargetProperty func enter
04-29 20:12:17.307  1667  3937 E Tethering: [api31.BpfCoordinatorShimImpl] ERROR Fail to fetch tethering stats from BPF map: : getNextMapKey failed: EBADF (Bad file descriptor)
04-29 20:12:17.307  1667  3937 E Tethering: android.system.ErrnoException: getNextMapKey failed: EBADF (Bad file descriptor)
04-29 20:12:17.307  1667  3937 E Tethering: 	at com.android.networkstack.tethering.BpfMap.getNextMapKey(Native Method)
04-29 20:12:17.307  1667  3937 E Tethering: 	at com.android.networkstack.tethering.BpfMap.getNextRawKey(BpfMap.java:199)
04-29 20:12:17.307  1667  3937 E Tethering: 	at com.android.networkstack.tethering.BpfMap.getNextKeyInternal(BpfMap.java:177)
04-29 20:12:17.307  1667  3937 E Tethering: 	at com.android.networkstack.tethering.BpfMap.getFirstKey(BpfMap.java:206)
04-29 20:12:17.307  1667  3937 E Tethering: 	at com.android.networkstack.tethering.BpfMap.forEach(BpfMap.java:243)
04-29 20:12:17.307  1667  3937 E Tethering: 	at com.android.networkstack.tethering.apishim.api31.BpfCoordinatorShimImpl.tetherOffloadGetStats(BpfCoordinatorShimImpl.java:241)
04-29 20:12:17.307  1667  3937 E Tethering: 	at com.android.networkstack.tethering.BpfCoordinator.updateForwardedStats(BpfCoordinator.java:1844)
04-29 20:12:17.307  1667  3937 E Tethering: 	at com.android.networkstack.tethering.BpfCoordinator.lambda$new$0(BpfCoordinator.java:249)
04-29 20:12:17.307  1667  3937 E Tethering: 	at com.android.networkstack.tethering.BpfCoordinator.$r8$lambda$11zi2so53-tPlRpKnlSkWOpxReo(Unknown Source:0)
04-29 20:12:17.307  1667  3937 E Tethering: 	at com.android.networkstack.tethering.BpfCoordinator$$ExternalSyntheticLambda0.run(Unknown Source:2)
04-29 20:12:17.307  1667  3937 E Tethering: 	at android.os.Handler.handleCallback(Handler.java:938)
04-29 20:12:17.307  1667  3937 E Tethering: 	at android.os.Handler.dispatchMessage(Handler.java:99)
04-29 20:12:17.307  1667  3937 E Tethering: 	at android.os.Looper.loopOnce(Looper.java:210)
04-29 20:12:17.307  1667  3937 E Tethering: 	at android.os.Looper.loop(Looper.java:299)
04-29 20:12:17.307  1667  3937 E Tethering: 	at android.os.HandlerThread.run(HandlerThread.java:67)
04-29 20:12:17.308  1667  3937 E Tethering: [BpfCoordinator] ERROR Problem fetching tethering stats
04-29 20:12:17.308  1084  1084 E SDM     : HWCSession::GetClientTargetProperty: GetClinetTargetProperty interface enter
04-29 20:12:17.308  1084  1084 E SDM     : HWCDisplay::GetClientTargetProperty: QIPL: GetClinetTargetProperty func enter
04-29 20:12:17.316  1084  1084 E SDM     : HWCSession::GetClientTargetProperty: GetClinetTargetProperty interface enter
04-29 20:12:17.316  1084  1084 E SDM     : HWCDisplay::GetClientTargetProperty: QIPL: GetClinetTargetProperty func enter
04-29 20:12:17.324  1084  1084 E SDM     : HWCSession::GetClientTargetProperty: GetClinetTargetProperty interface enter
04-29 20:12:17.324  1084  1084 E SDM     : HWCDisplay::GetClientTargetProperty: QIPL: GetClinetTargetProperty func enter
04-29 20:12:17.333  1084  1084 E SDM     : HWCSession::GetClientTargetProperty: GetClinetTargetProperty interface enter
04-29 20:12:17.333  1084  1084 E SDM     : HWCDisplay::GetClientTargetProperty: QIPL: GetClinetTargetProperty func enter
04-29 20:12:17.341  1084  1084 E SDM     : HWCSession::GetClientTargetProperty: GetClinetTargetProperty interface enter
04-29 20:12:17.341  1084  1084 E SDM     : HWCDisplay::GetClientTargetProperty: QIPL: GetClinetTargetProperty func enter
04-29 20:12:17.350  1084  1084 E SDM     : HWCSession::GetClientTargetProperty: GetClinetTargetProperty interface enter
04-29 20:12:17.350  1084  1084 E SDM     : HWCDisplay::GetClientTargetProperty: QIPL: GetClinetTargetProperty func enter
04-29 20:12:17.358  1084  1084 E SDM     : HWCSession::GetClientTargetProperty: GetClinetTargetProperty interface enter
04-29 20:12:17.358  1084  1084 E SDM     : HWCDisplay::GetClientTargetProperty: QIPL: GetClinetTargetProperty func enter
04-29 20:12:17.366  1084  1084 E SDM     : HWCSession::GetClientTargetProperty: GetClinetTargetProperty interface enter
04-29 20:12:17.366  1084  1084 E SDM     : HWCDisplay::GetClientTargetProperty: QIPL: GetClinetTargetProperty func enter
04-29 20:12:17.374  1084  1084 E SDM     : HWCSession::GetClientTargetProperty: GetClinetTargetProperty interface enter
04-29 20:12:17.374  1084  1084 E SDM     : HWCDisplay::GetClientTargetProperty: QIPL: GetClinetTargetProperty func enter
04-29 20:12:17.383  1084  1084 E SDM     : HWCSession::GetClientTargetProperty: GetClinetTargetProperty interface enter
04-29 20:12:17.383  1084  1084 E SDM     : HWCDisplay::GetClientTargetProperty: QIPL: GetClinetTargetProperty func enter
04-29 20:12:17.391  1084  1084 E SDM     : HWCSession::GetClientTargetProperty: GetClinetTargetProperty interface enter
04-29 20:12:17.391  1084  1084 E SDM     : HWCDisplay::GetClientTargetProperty: QIPL: GetClinetTargetProperty func enter
04-29 20:12:17.399  1084  1084 E SDM     : HWCSession::GetClientTargetProperty: GetClinetTargetProperty interface enter
04-29 20:12:17.399  1084  1084 E SDM     : HWCDisplay::GetClientTargetProperty: QIPL: GetClinetTargetProperty func enter
04-29 20:12:17.406  6199  6199 I BatteryInfoReceiver: ACTION_BATTERY_CHANGED
04-29 20:12:17.407  7761  8276 D PowerCheckerService: onBatteryChanged, mBatteryLevel = 23, status = 2, level = 23, plug = 2, scale = 100
04-29 20:12:17.408  7761  8136 D PowerKeeper.FrozenApp: onBatteryChanged plug=true mBatteryPlugged=2
04-29 20:12:17.408  1084  1084 E SDM     : HWCSession::GetClientTargetProperty: GetClinetTargetProperty interface enter
04-29 20:12:17.408  1084  1084 E SDM     : HWCDisplay::GetClientTargetProperty: QIPL: GetClinetTargetProperty func enter
04-29 20:12:17.409 29889 29889 D TESDownloadManager: AppSystemReceiver onReceive
04-29 20:12:17.409  6199  6199 I android_os_HwBinder: HwBinder: Starting thread pool for getting: vendor.xiaomi.hardware.micharge@1.0::IMiCharge/default
04-29 20:12:17.409 29889 29889 D TESDownloadManager: action:android.intent.action.BATTERY_CHANGED
04-29 20:12:17.410  3779  3779 V DeviceStatisticsService: chargerType=2 batteryLevel=23 totalBatteryCapacity=4436000
04-29 20:12:17.410  1125  1125 I vendor.xiaomi.hardware.micharge@1.0-service: ReadFilePathValue path = /sys/class/qcom-battery/night_charging value = 0
04-29 20:12:17.411  6199  6199 I ChargeProtectionUtils: getNightChargingState: 0
04-29 20:12:17.412  3828  3828 D TaskStackViewTouchHandler: onChildDismissedEnd, taskView=com.miui.home.recents.views.TaskView{9a8074c VFE...CL. ........ 63,992-688,2528}
04-29 20:12:17.412  3828  3828 D RecentsContainer: removeTask: [id=1789 stackId=0 windowingMode=1 user=0 lastActiveTime=242661951, component=ComponentInfo{com.tencent.mobileqq/com.tencent.mobileqq.activity.SplashActivity}] QQ
04-29 20:12:17.413  1667  6891 I ProcessManager: Kill reason SwipeUpClean from pid=3828
04-29 20:12:17.413  1667  6891 D ProcessManager: update DY:[com.milink.service, com.iflytek.inputmethod.miui, com.miui.voip, com.xiaomi.miplay_client, com.xiaomi.mirror, com.miui.mishare.connectivity]
04-29 20:12:17.415  1667  6891 D WindowProcessUtils: remove task: Task{86eb98f #1789 type=standard A=10304:com.tencent.mobileqq U=0 visible=false mode=fullscreen translucent=true sz=2}
04-29 20:12:17.416  1084  1084 E SDM     : HWCSession::GetClientTargetProperty: GetClinetTargetProperty interface enter
04-29 20:12:17.416  1084  1084 E SDM     : HWCDisplay::GetClientTargetProperty: QIPL: GetClinetTargetProperty func enter
04-29 20:12:17.417 29889 29889 I NotificationActivity: doOnDestroy: invoked.  isDialogShow: true
04-29 20:12:17.422  1667  6788 W InputManager-JNI: Input channel object 'ce2523c com.tencent.mobileqq/com.tencent.mobileqq.activity.NotificationActivity (client)' was disposed without first being removed with the input manager!
04-29 20:12:17.424  1667  6788 W MiuiFreeFormGesturePointerEventListener: setMiuiFreeFormTouchExcludeRegion mTouchExcludeRegion = SkRegion((0,0,1440,137))
04-29 20:12:17.425  1084  1084 E SDM     : HWCSession::GetClientTargetProperty: GetClinetTargetProperty interface enter
04-29 20:12:17.425  1084  1084 E SDM     : HWCDisplay::GetClientTargetProperty: QIPL: GetClinetTargetProperty func enter
04-29 20:12:17.426 29889 29889 E page.PageSwitchObserver: postAppearDetectionTask: unable to detect activity
04-29 20:12:17.427 29889 29889 I app.AppEventReporter: onActivityDestroyed(), activity=com.tencent.mobileqq.activity.NotificationActivity@ffca93b
04-29 20:12:17.427 29889 29889 W encent.mobileq: Accessing hidden field Landroid/view/inputmethod/InputMethodManager;->mCurRootView:Landroid/view/ViewRootImpl; (blocked, reflection, denied)
04-29 20:12:17.429  1667  6452 E TaskPersister: File error accessing recents directory (directory doesn't exist?).
04-29 20:12:17.430 23021 23161 D IdProviderImpl: getOAID
04-29 20:12:17.430  1667  6788 W InputManager-JNI: Input channel object 'a2e7227 com.tencent.mobileqq/com.tencent.mobileqq.activity.NotificationActivity (client)' was disposed without first being removed with the input manager!
04-29 20:12:17.431  1667  6788 W MiuiFreeFormGesturePointerEventListener: setMiuiFreeFormTouchExcludeRegion mTouchExcludeRegion = SkRegion((0,0,1440,137))
04-29 20:12:17.433  1667  1740 W UsageStatsService: Unexpected activity event reported! (com.tencent.mobileqq/com.tencent.mobileqq.activity.NotificationActivity event : 23 instanceId : 97246691)
04-29 20:12:17.433 29889 29889 I app.AppEventReporter: onActivityDestroyed(), activity=com.tencent.mobileqq.activity.SplashActivity@c3b82c2
04-29 20:12:17.433  1084  1084 E SDM     : HWCSession::GetClientTargetProperty: GetClinetTargetProperty interface enter
04-29 20:12:17.433  1084  1084 E SDM     : HWCDisplay::GetClientTargetProperty: QIPL: GetClinetTargetProperty func enter
04-29 20:12:17.435 29889 29889 W encent.mobileq: Accessing hidden field Landroid/view/inputmethod/InputMethodManager;->mCurRootView:Landroid/view/ViewRootImpl; (blocked, reflection, denied)
04-29 20:12:17.439 29889 29889 D QCircleFrame: onDestroy: 
04-29 20:12:17.439 29889 29889 D QCircleFolderActivity: QCircleFolderActivity->doOnDestroy
04-29 20:12:17.439 29889 29889 D QCircleFragmentActivity: QCircleFragmentActivity->onDestroy
04-29 20:12:17.439 29889 29889 I app.AppEventReporter: onActivityDestroyed(), activity=com.tencent.biz.qqcircle.activity.QCircleFolderActivity@639a8d0#com.tencent.biz.qqcircle.immersive.QFSFolderFragment@35142ef
04-29 20:12:17.440 29889 29889 W encent.mobileq: Accessing hidden field Landroid/view/inputmethod/InputMethodManager;->mCurRootView:Landroid/view/ViewRootImpl; (blocked, reflection, denied)
04-29 20:12:17.440 29889 29889 D QFSFolderFragment: QFSFolderFragment->onDestroyView
04-29 20:12:17.440 29889 29889 D QFSFolderFragment: QFSFolderFragment->onDestroy
04-29 20:12:17.440 29889 29889 E QzoneConfig: key = qqcircle secondaryKey= qqcircle_quality_sample_switch value= null
04-29 20:12:17.440 29889 29889 E QzoneConfig: key = qqcircle secondaryKey= qqcircle_quality_sample_switch value= null
04-29 20:12:17.440 29889 29889 E QzoneConfig: key = qqcircle secondaryKey= qqcircle_quality_sample_switch value= null
04-29 20:12:17.440 29889 29889 D QCirclePopupWindowHelper: release
04-29 20:12:17.440 29889 29889 W encent.mobileq: Accessing hidden field Landroid/view/inputmethod/InputMethodManager;->mCurRootView:Landroid/view/ViewRootImpl; (blocked, reflection, denied)
04-29 20:12:17.441 29889 29889 D RFWMemoryLeakUtils: [fixInputLeak] input leak...
04-29 20:12:17.441 29889 29889 D QCircleFolderFunnelCollect: record period:exit_circle,start :1651234337441,cost:1651234337441ms
04-29 20:12:17.441 29889 29889 D QFSFolderFragment: QFSFolderFragment->onDetach
04-29 20:12:17.441 29889 29889 D QCircleReportHelper: popPageScene scene:-1
04-29 20:12:17.441 29889 29889 D QCircleGlobalInfo: exit a page currentPageCount:0
04-29 20:12:17.441 29889 29889 I QCircleGlobalInfo: releaseWhenAccountChange , forceRelease = false , sPageCounts = 0
04-29 20:12:17.441 29889 29889 D QCircleVolumeController: reset false not start
04-29 20:12:17.441  1084  1084 E SDM     : HWCSession::GetClientTargetProperty: GetClinetTargetProperty interface enter
04-29 20:12:17.441  1084  1084 E SDM     : HWCDisplay::GetClientTargetProperty: QIPL: GetClinetTargetProperty func enter
04-29 20:12:17.441 29889 29889 D QCircleOkHttpDW: release okHttpDW queue size:0
04-29 20:12:17.441 29889 29889 D QCircleOkHttpDW: release okHttpDW running size:0
04-29 20:12:17.441 29889 29889 D QCircleFeedPicLoader: feed pic release
04-29 20:12:17.441 29889 29889 E QzoneConfig: key = qqcircle secondaryKey= qqcircle_cache_invalidate_time_interval_after_exit value= null
04-29 20:12:17.442 29889 29889 I QCircleNativeSessionManager: exitQCircle  scheduleTask  delay = 600000
04-29 20:12:17.442 29889 29889 D QCircleReportHelper: popPageScene scene:0
04-29 20:12:17.442 29889 29889 D QCircleReportHelper: popPageScene success
04-29 20:12:17.442 29889 29889 W QCircleReportHelper: no QQCircle Page Alive,exit QQCircle
04-29 20:12:17.442 29889 29889 W QCircleReportHelper: retireSession
04-29 20:12:17.442 29889 29889 D QCircleReportHelper: reportQCircleActiveIntervalTime invalid intervalTime,direct return!
04-29 20:12:17.442 29889 29889 D ASNewPluginFragment: onDestroy
04-29 20:12:17.442 29889 29889 D Spring2022_SpringFestivalEntryManager: setTaskCallback clearAllTasks on callback=null isMain=true
04-29 20:12:17.442 29889 29889 D Spring2022_SpringFestivalEntryManager: setTaskCallback hasHoldTaskQueue=false callback=null
04-29 20:12:17.444 29889 29889 I [cmshow][SettingMeApolloViewController]: destroyApollo
04-29 20:12:17.444 29889 29889 I [cmshow][SettingMeApolloViewController]: onDestroy
04-29 20:12:17.444 29889 29889 D MiniAppDesktopAdapter: onDesktopDestroy
04-29 20:12:17.445 29889 29889 I [cmshow][SettingMeApolloViewController]: destroyApollo
04-29 20:12:17.445 29889 29889 I [cmshow][SettingMeApolloViewController]: onDestroy
04-29 20:12:17.445 29889 29889 D Q.msg.QQMessageFacade: deleteObserver() called with: o = [com.tencent.mobileqq.onlinestatus.repository.AccountPanelRepository$6@b2ead70], NOT contains
04-29 20:12:17.445 29889 29889 I UniformDownloadMgr_Impl: [UniformDL] UniformDownloadMgr onQQProcessExit...
04-29 20:12:17.445 29889 29889 I SucDownloadInfoMgr: [UniformDL] clearSucDownloadInfo...size:0
04-29 20:12:17.445 29889 29889 I DownloadingRbResmeInfoMgr: [UniformDL] clearDownloadingRbResmeInfo...
04-29 20:12:17.445 29889 29889 I TMAssistantDownloadManager: enter
04-29 20:12:17.445 29889 30313 I UniformDownloadMgr_Impl: [UniformDL] UniformDownloadMgr onQQProcessExit releaseABSdkClient...
04-29 20:12:17.446 29889 29889 I TMAssistantDownloadManager: manager minstance == null
04-29 20:12:17.446 29889 29889 I TMAssistantDownloadManager: exit
04-29 20:12:17.446 29889 30313 W UniformDownloaderAppBabySdk: [UniformDL] releaseABSdkClient. client had be stoped
04-29 20:12:17.446 29889 29889 D QCircleThirdTabConfig: onMainDestroy
04-29 20:12:17.448  1667  6707 W InputManager-JNI: Input channel object '4432868 com.tencent.mobileqq/com.tencent.mobileqq.activity.SplashActivity (client)' was disposed without first being removed with the input manager!
04-29 20:12:17.449  1667  6707 W MiuiFreeFormGesturePointerEventListener: setMiuiFreeFormTouchExcludeRegion mTouchExcludeRegion = SkRegion((0,0,1440,137))
04-29 20:12:17.450 29889 29889 D MiniAppDesktop: [DesktopDataManager], onReceive, type = 103 , mContentView = com.tencent.mobileqq.mini.entry.desktop.MiniAppDesktopLayout{619cfaf V.E...... .......D 0,0-1440,3200}
04-29 20:12:17.450 29889 29889 D SkinEngine: get index : 55834579056
04-29 20:12:17.450  1667  1740 W UsageStatsService: Unexpected activity event reported! (com.tencent.mobileqq/com.tencent.mobileqq.activity.SplashActivity event : 23 instanceId : 248036675)
04-29 20:12:17.451 29889 29889 D SkinEngine: get index : 55834579057
04-29 20:12:17.451 29889 29889 D SkinEngine: get index : 55834579064
04-29 20:12:17.453  1667  2157 W ActivityTaskManager: Can't find TaskDisplayArea to determine support for multi window. Task id=1789 attached=false
04-29 20:12:17.453  1667  2157 W ActivityTaskManager: Can't find TaskDisplayArea to determine support for multi window. Task id=1789 attached=false
04-29 20:12:17.453  1667  2157 W MiuiFreeFormGesturePointerEventListener: setMiuiFreeFormTouchExcludeRegion mTouchExcludeRegion = SkRegion((0,0,1440,137))
04-29 20:12:17.458  1084  1084 E SDM     : HWCSession::GetClientTargetProperty: GetClinetTargetProperty interface enter
04-29 20:12:17.458  1084  1084 E SDM     : HWCDisplay::GetClientTargetProperty: QIPL: GetClinetTargetProperty func enter
04-29 20:12:17.518  3828 14235 D RecentsModel: onTaskStackChangedBackground
04-29 20:12:17.519  3828  4256 D RecentsModel: onTaskStackChangedBackground    MSG_TASK_STACK_CHANGE
04-29 20:12:17.519  3828  4256 D RecentsModel: preloadRecents
04-29 20:12:17.519  3828  4256 W RecentsModel: getRunningTask
04-29 20:12:17.520  3828  4256 W RecentsModel: getRunningTask   taskInfo=TaskInfo{userId=0 taskId=2 displayId=0 isRunning=true baseIntent=Intent { act=android.intent.action.MAIN cat=[android.intent.category.HOME] flg=0x10800100 cmp=com.miui.home/.launcher.Launcher } baseActivity=ComponentInfo{com.miui.home/com.miui.home.launcher.Launcher} topActivity=ComponentInfo{com.miui.home/com.miui.home.launcher.Launcher} origActivity=null realActivity=ComponentInfo{com.miui.home/com.miui.home.launcher.Launcher} numActivities=1 lastActiveTime=242700798 supportsSplitScreenMultiWindow=true supportsMultiWindow=true resizeMode=2 isResizeable=true token=WCT{android.window.IWindowContainerToken$Stub$Proxy@913d447} topActivityType=2 pictureInPictureParams=PictureInPictureParams( aspectRatio=null sourceRectHint=null hasSetActions=false isAutoPipEnabled=false isSeamlessResizeEnabled=true) displayCutoutSafeInsets=null topActivityInfo=ActivityInfo{e093474 com.miui.home.launcher.Launcher} launchCookies=[] positionInParent=Point(0, 0) parentTaskId=-1 isFocused=true isVisible=true topActivityInSizeCompat=false locusId= null windowMode=1}
04-29 20:12:17.520  3828  4256 W RecentsModel: getTaskInfoIgnoreHomeAndFreeform   taskInfo=ComponentInfo{com.miui.home/com.miui.home.launcher.Launcher}
04-29 20:12:17.520  3828  4256 E ActivityManagerWrapper: get all recent tasks force including 2
04-29 20:12:17.521  3828  4256 E ActivityManagerWrapper: getRecentTasks: size=3
04-29 20:12:17.521  3828  4256 E ActivityManagerWrapper: getRecentTasks: taskId=1792   userId=0   baseIntent=Intent { act=android.intent.action.MAIN cat=[android.intent.category.LAUNCHER] flg=0x10000000 cmp=com.example.newag/.mvp.ui.main.SplashActivity }
04-29 20:12:17.521  3828  4256 E ActivityManagerWrapper: getRecentTasks: taskId=1793   userId=0   baseIntent=Intent { flg=0x10800000 cmp=com.miui.thirdappassistant/.ui.NotificationDetailActivity }
04-29 20:12:17.521  3828  4256 E ActivityManagerWrapper: getRecentTasks: taskId=1791   userId=0   baseIntent=Intent { act=android.intent.action.MAIN cat=[android.intent.category.LAUNCHER] flg=0x10200000 cmp=com.android.settings/.MainSettings }
04-29 20:12:17.527  1667  3092 D MIUIInput: [MotionEvent] publisher action=0x4, 98525548, channel '2c2cf71 LauncherOverlayWindow:com.miui.newhome (server)'
04-29 20:12:17.527  1667  3092 D MIUIInput: [MotionEvent] publisher action=0x4, 98525548, channel 'ab73600 LauncherOverlayWindow:com.miui.personalassistant (server)'
04-29 20:12:17.527  1667  3092 D MIUIInput: [MotionEvent] publisher action=0x0, 98525548, channel 'b7cf31a com.miui.home/com.miui.home.launcher.Launcher (server)'
04-29 20:12:17.528  3828  3828 D EventBus: No subscribers registered for event class com.miui.home.launcher.common.messages.EndSpringAnimatorMessage
04-29 20:12:17.528  3828  3828 D EventBus: No subscribers registered for event class org.greenrobot.eventbus.NoSubscriberEvent
04-29 20:12:17.528  3828  3828 D TaskStackViewTouchHandler: handleTouchEvent, mActiveTaskView=com.miui.home.recents.views.TaskView{78db411 VFE...CL. ........ 63,1099-688,2635}
04-29 20:12:17.528  1667  3092 D MIUIInput: [MotionEvent] publisher action=0x0, 98525548, channel 'fbe42e0 com.miui.miwallpaper.wallpaperservice.MiuiKeyguardPictorialWallpaper (server)'
04-29 20:12:17.528  1667  3092 D MIUIInput: [MotionEvent] publisher action=0x0, 98525548, channel '9e3eea0 com.miui.miwallpaper.wallpaperservice.ImageWallpaper (server)'
04-29 20:12:17.539  1094  1094 E vendor.qti.hardware.perf@2.2-service: Unknown params
04-29 20:12:17.539  1273  1352 W VsyncModulator: setTransactionSchedule: Unexpected EarlyEnd
04-29 20:12:17.540  1094  1117 E ANDR-PERF-OPTSHANDLER: Can't process request: noroot_thread is not running
04-29 20:12:17.540  1094  1117 E ANDR-PERF-RESOURCEQS: Failed to apply optimization [7, 3]
04-29 20:12:17.541  1084  1084 E SDM     : HWCSession::GetClientTargetProperty: GetClinetTargetProperty interface enter
04-29 20:12:17.541  1084  1084 E SDM     : HWCDisplay::GetClientTargetProperty: QIPL: GetClinetTargetProperty func enter
04-29 20:12:17.549  1084  1084 E SDM     : HWCSession::GetClientTargetProperty: GetClinetTargetProperty interface enter
04-29 20:12:17.549  1084  1084 E SDM     : HWCDisplay::GetClientTargetProperty: QIPL: GetClinetTargetProperty func enter
04-29 20:12:17.557  1084  1084 E SDM     : HWCSession::GetClientTargetProperty: GetClinetTargetProperty interface enter
04-29 20:12:17.557  1084  1084 E SDM     : HWCDisplay::GetClientTargetProperty: QIPL: GetClinetTargetProperty func enter
04-29 20:12:17.566  1084  1084 E SDM     : HWCSession::GetClientTargetProperty: GetClinetTargetProperty interface enter
04-29 20:12:17.566  1084  1084 E SDM     : HWCDisplay::GetClientTargetProperty: QIPL: GetClinetTargetProperty func enter
04-29 20:12:17.574  1084  1084 E SDM     : HWCSession::GetClientTargetProperty: GetClinetTargetProperty interface enter
04-29 20:12:17.574  1084  1084 E SDM     : HWCDisplay::GetClientTargetProperty: QIPL: GetClinetTargetProperty func enter
04-29 20:12:17.574  3828  3828 D TaskStackViewTouchHandler: reset by scroll up
04-29 20:12:17.575  3828  3828 E QuickstepAppTransitionManagerImpl: getActivityLaunchOptions   iconLoc=Rect(0, 0 - 0, 0)
04-29 20:12:17.576  1667  3092 D MIUIInput: [MotionEvent] publisher action=0x1, 98525595, channel 'b7cf31a com.miui.home/com.miui.home.launcher.Launcher (server)'
04-29 20:12:17.576  1667  3092 D MIUIInput: [MotionEvent] publisher action=0x1, 98525595, channel 'fbe42e0 com.miui.miwallpaper.wallpaperservice.MiuiKeyguardPictorialWallpaper (server)'
04-29 20:12:17.576  1667  3092 D MIUIInput: [MotionEvent] publisher action=0x1, 98525595, channel '9e3eea0 com.miui.miwallpaper.wallpaperservice.ImageWallpaper (server)'
04-29 20:12:17.579 23021 23161 D IdProviderImpl: getOAID
04-29 20:12:17.582  1084  1084 E SDM     : HWCSession::GetClientTargetProperty: GetClinetTargetProperty interface enter
04-29 20:12:17.583  1084  1084 E SDM     : HWCDisplay::GetClientTargetProperty: QIPL: GetClinetTargetProperty func enter
04-29 20:12:17.584  1667  6707 W MiuiFreeFormGesturePointerEventListener: setMiuiFreeFormTouchExcludeRegion mTouchExcludeRegion = SkRegion((0,0,1440,137))
04-29 20:12:17.585  1667  6707 D WindowManager: Input focus has changed to null display=0
04-29 20:12:17.585  1667  6707 D PerfImpl: perfWarmLaunchBoost: com.example.newag, -1, 1
04-29 20:12:17.585  1094  1094 E vendor.qti.hardware.perf@2.2-service: Unknown params
04-29 20:12:17.586  1094  1117 E ANDR-PERF-OPTSHANDLER: Perflock resource /sys/class/devfreq/soc:qcom,cpubw/max_freq not supported
04-29 20:12:17.586  1094  1117 E ANDR-PERF-RESOURCEQS: Failed to apply optimization [6, 6]
04-29 20:12:17.586  1094  1117 E ANDR-PERF-OPTSHANDLER: Perflock resource /sys/class/devfreq/soc:qcom,cpubw/min_freq not supported
04-29 20:12:17.586  1094  1117 E ANDR-PERF-RESOURCEQS: Failed to apply optimization [6, 0]
04-29 20:12:17.586 23021 23161 D IdProviderImpl: getOAID
04-29 20:12:17.590  1667  6707 W MiuiFreeFormGesturePointerEventListener: setMiuiFreeFormTouchExcludeRegion mTouchExcludeRegion = SkRegion((0,0,1440,137))
04-29 20:12:17.591  1084  1084 E SDM     : HWCSession::GetClientTargetProperty: GetClinetTargetProperty interface enter
04-29 20:12:17.591  1084  1084 E SDM     : HWCDisplay::GetClientTargetProperty: QIPL: GetClinetTargetProperty func enter
04-29 20:12:17.591  3828  3828 D Launcher.Lifecycle: onPause:UserHandle{0},db65ee8,true
04-29 20:12:17.591  3828  3828 D Launcher_UnlockAnimationStateMachine: setState:PAUSE_WAIT
04-29 20:12:17.591 21350 22138 D LauncherOverlay: setActivityState:1
04-29 20:12:17.591  5775  5794 D LauncherOverlay: setActivityState:1
04-29 20:12:17.591 21350 21350 D LauncherOverlay.Window: onPause
04-29 20:12:17.591  5775  5775 D LauncherOverlay.Window: onPause
04-29 20:12:17.592  1667  6891 D PerfImpl: perfWarmLaunchBoost: com.example.newag, -1, 1
04-29 20:12:17.592  1094  1094 E vendor.qti.hardware.perf@2.2-service: Unknown params
04-29 20:12:17.592  1094  1117 E ANDR-PERF-OPTSHANDLER: Perflock resource /sys/class/devfreq/soc:qcom,cpubw/max_freq not supported
04-29 20:12:17.592  1094  1117 E ANDR-PERF-RESOURCEQS: Failed to apply optimization [6, 6]
04-29 20:12:17.592  1094  1117 E ANDR-PERF-OPTSHANDLER: Perflock resource /sys/class/devfreq/soc:qcom,cpubw/min_freq not supported
04-29 20:12:17.592  1094  1117 E ANDR-PERF-RESOURCEQS: Failed to apply optimization [6, 0]
04-29 20:12:17.593  1667  6891 D PerfImpl: perfAnimBoost: com.example.newag
04-29 20:12:17.593  1094  1094 E vendor.qti.hardware.perf@2.2-service: Unknown params
04-29 20:12:17.596  7761 10430 D PerfEngineController: ForegroundInfo{mForegroundPackageName='com.example.newag', mForegroundUid=10353, mForegroundPid=7431, mLastForegroundPackageName='com.miui.home', mLastForegroundUid=10079, mLastForegroundPid=3828, mMultiWindowForegroundPackageName='null', mMultiWindowForegroundUid=-1, mFlags=0}
04-29 20:12:17.596 10064 16044 D AutoInstallService: onForegroundInfoChanged: com.example.newag
04-29 20:12:17.596  7789 31821 I GST     : forePkg: com.example.newag, preForePkg: com.miui.home
04-29 20:12:17.596  5969 20940 I SLAToast: foreground uid:10353, isColdStart:false, isLinkTurboEnable:false
04-29 20:12:17.596  7761  8289 D LS-ForegroundStatusManager: handleMessage ForegroundInfoChanged. pkg = com.example.newag, uid = 10353, mCurrentForegroundUid = 10079
04-29 20:12:17.596  7761  8289 D LS-ForegroundStatusManager: onForegroundChanged mCurrentForegroundUid = 10079, new uid = 10353
04-29 20:12:17.596 19915 19936 I ^_^MemoryTrim: onAppBackground()
04-29 20:12:17.596  7761  8030 I ThermalInfoCollector: collectForgroundAppsInfo
04-29 20:12:17.596  7761  8081 D PowerKeeper.AppBgIdle: setUidState, uid = 10353 allow = false
04-29 20:12:17.597  1667  6788 V LocationPolicy: writePolicyLocked()
04-29 20:12:17.597  1667  6891 W MiuiFreeFormGesturePointerEventListener: setMiuiFreeFormTouchExcludeRegion mTouchExcludeRegion = SkRegion((0,0,1440,3200))
04-29 20:12:17.597   991 25531 I vendor.qti.bluetooth@1.0-ibs_handler: ProcessIbsCmd: Received IBS_WAKE_IND: 0xFD
04-29 20:12:17.597  6199 26591 I ProcessMonitor: onForegroundInfoChanged: ForegroundInfo{mForegroundPackageName='com.example.newag', mForegroundUid=10353, mForegroundPid=7431, mLastForegroundPackageName='com.miui.home', mLastForegroundUid=10079, mLastForegroundPid=3828, mMultiWindowForegroundPackageName='null', mMultiWindowForegroundUid=-1, mFlags=0}
04-29 20:12:17.597   991 25531 D vendor.qti.bluetooth@1.0-ibs_handler: SerialClockVote: vote for UART CLK ON
04-29 20:12:17.597  6199 26591 I GameBoosterService: onForegroundInfoChanged: Cur=com.example.newag	 last=com.miui.home
04-29 20:12:17.598  3824  3824 D OneHandedController: stopOneHanded state isTransitioning or STATE_NONE
04-29 20:12:17.599   991 25531 D vendor.qti.bluetooth@1.0-wake_lock: Acquire wakelock is acquired 
04-29 20:12:17.599   991 25531 I vendor.qti.bluetooth@1.0-ibs_handler: ProcessIbsCmd: Writing IBS_WAKE_ACK
04-29 20:12:17.599  1084  1084 E SDM     : HWCSession::GetClientTargetProperty: GetClinetTargetProperty interface enter
04-29 20:12:17.599  1084  1084 E SDM     : HWCDisplay::GetClientTargetProperty: QIPL: GetClinetTargetProperty func enter
04-29 20:12:17.600  6199 26591 I GameBoosterReflectUtils: java.lang.NoSuchMethodException: android.app.IActivityManager$Stub$Proxy.getAllStackInfos []
04-29 20:12:17.600  6199 26591 D GameBoosterService: onGameStatusChange foreground:ForegroundInfo{mForegroundPackageName='com.example.newag', mForegroundUid=10353, mForegroundPid=7431, mLastForegroundPackageName='com.miui.home', mLastForegroundUid=10079, mLastForegroundPid=3828, mMultiWindowForegroundPackageName='null', mMultiWindowForegroundUid=-1, mFlags=0}
04-29 20:12:17.600  6199 26591 I GameBoosterService: onForegroundInfoChanged: Exit
04-29 20:12:17.600  6199 26591 I VideoBoxUtils: isSupportVideoBox: true
04-29 20:12:17.600  6199 26591 I VideoToolBoxService: onForegroundInfoChanged: Exit Vtb
04-29 20:12:17.602  1667  6707 D SurfaceControl: nativeSetScreenProjection ===> setScreenProjection
04-29 20:12:17.604  1667  6707 W MiuiFreeFormGesturePointerEventListener: setMiuiFreeFormTouchExcludeRegion mTouchExcludeRegion = SkRegion((0,0,1440,3200))
04-29 20:12:17.606  1667  3127 I MiuiNetworkPolicy: updateUidState uid = 10353, uidState = 2
04-29 20:12:17.607  3828  3828 D Launcher.Lifecycle: onWindowFocusChanged:false,UserHandle{0},db65ee8,true
04-29 20:12:17.608  1084  1084 E SDM     : HWCSession::GetClientTargetProperty: GetClinetTargetProperty interface enter
04-29 20:12:17.608  1084  1084 E SDM     : HWCDisplay::GetClientTargetProperty: QIPL: GetClinetTargetProperty func enter
04-29 20:12:17.608  1667  3127 I MiuiNetworkPolicyTrafficLimit: updateWhiteListUidForMobileTraffic uid=10353,add=true
04-29 20:12:17.609   838   930 E traffic : add TrafficMobileLimiter whitelist 10353
04-29 20:12:17.609  1094  1094 E vendor.qti.hardware.perf@2.2-service: Unknown params
04-29 20:12:17.610  1667  6707 W MiuiFreeFormGesturePointerEventListener: setMiuiFreeFormTouchExcludeRegion mTouchExcludeRegion = SkRegion((0,0,1440,3200))
04-29 20:12:17.612  7431  7455 D AppScoutStateMachine: 7431-ScoutStateMachinecreated
04-29 20:12:17.615  1667  3127 D MiuiNetworkPolicyTrafficLimit: updateWhiteListUidForMobileTraffic rst=true
04-29 20:12:17.616  1084  1084 E SDM     : HWCSession::GetClientTargetProperty: GetClinetTargetProperty interface enter
04-29 20:12:17.616  1084  1084 E SDM     : HWCDisplay::GetClientTargetProperty: QIPL: GetClinetTargetProperty func enter
04-29 20:12:17.618  1667  2157 W MiuiFreeFormGesturePointerEventListener: setMiuiFreeFormTouchExcludeRegion mTouchExcludeRegion = SkRegion((0,0,1440,137))
04-29 20:12:17.621  1667  2157 W MiuiFreeFormGesturePointerEventListener: setMiuiFreeFormTouchExcludeRegion mTouchExcludeRegion = SkRegion((0,0,1440,137))
04-29 20:12:17.623  3828 14235 W System.err: java.lang.NoSuchFieldException: android.view.RemoteAnimationTarget#packageName
04-29 20:12:17.623  3828 14235 W System.err: 	at miui.util.ReflectionUtils.findField(ReflectionUtils.java:105)
04-29 20:12:17.623  3828 14235 W System.err: 	at com.android.systemui.shared.recents.system.RemoteAnimationTargetCompat.<init>(RemoteAnimationTargetCompat.java:69)
04-29 20:12:17.623  3828 14235 W System.err: 	at com.android.systemui.shared.recents.system.RemoteAnimationTargetCompat.wrap(RemoteAnimationTargetCompat.java:99)
04-29 20:12:17.623  3828 14235 W System.err: 	at com.android.systemui.shared.recents.system.RemoteAnimationAdapterCompat$1.onAnimationStart(RemoteAnimationAdapterCompat.java:50)
04-29 20:12:17.623  3828 14235 W System.err: 	at com.android.systemui.shared.recents.system.RemoteAnimationAdapterCompat$1.onAnimationStart(RemoteAnimationAdapterCompat.java:77)
04-29 20:12:17.623  3828 14235 W System.err: 	at android.view.IRemoteAnimationRunner$Stub.onTransact(IRemoteAnimationRunner.java:117)
04-29 20:12:17.623  3828 14235 W System.err: 	at android.os.Binder.execTransactInternal(Binder.java:1187)
04-29 20:12:17.623  3828 14235 W System.err: 	at android.os.Binder.execTransact(Binder.java:1146)
04-29 20:12:17.623  3828 14235 W System.err: java.lang.NoSuchFieldException: android.view.RemoteAnimationTarget#packageName
04-29 20:12:17.623  3828 14235 W System.err: 	at miui.util.ReflectionUtils.findField(ReflectionUtils.java:105)
04-29 20:12:17.623  3828 14235 W System.err: 	at com.android.systemui.shared.recents.system.RemoteAnimationTargetCompat.<init>(RemoteAnimationTargetCompat.java:69)
04-29 20:12:17.623  3828 14235 W System.err: 	at com.android.systemui.shared.recents.system.RemoteAnimationTargetCompat.wrap(RemoteAnimationTargetCompat.java:99)
04-29 20:12:17.623  3828 14235 W System.err: 	at com.android.systemui.shared.recents.system.RemoteAnimationAdapterCompat$1.onAnimationStart(RemoteAnimationAdapterCompat.java:50)
04-29 20:12:17.623  3828 14235 W System.err: 	at com.android.systemui.shared.recents.system.RemoteAnimationAdapterCompat$1.onAnimationStart(RemoteAnimationAdapterCompat.java:77)
04-29 20:12:17.623  3828 14235 W System.err: 	at android.view.IRemoteAnimationRunner$Stub.onTransact(IRemoteAnimationRunner.java:117)
04-29 20:12:17.623  3828 14235 W System.err: 	at android.os.Binder.execTransactInternal(Binder.java:1187)
04-29 20:12:17.624  3828 14235 W System.err: 	at android.os.Binder.execTransact(Binder.java:1146)
04-29 20:12:17.624  3828 14235 E LauncherAnimationRunner: onAnimationStart
04-29 20:12:17.624  1084  1084 E SDM     : HWCSession::GetClientTargetProperty: GetClinetTargetProperty interface enter
04-29 20:12:17.624  1084  1084 E SDM     : HWCDisplay::GetClientTargetProperty: QIPL: GetClinetTargetProperty func enter
04-29 20:12:17.624  3828 14235 E LauncherAnimationRunner: onAnimationStart:   mode=1   taskId=2   isTranslucent=false
04-29 20:12:17.624  3828 14235 E LauncherAnimationRunner: onAnimationStart:   mode=0   taskId=1792   isTranslucent=false
04-29 20:12:17.626  1667  3542 W MiuiFreeFormGesturePointerEventListener: setMiuiFreeFormTouchExcludeRegion mTouchExcludeRegion = SkRegion((0,0,1440,137))
04-29 20:12:17.626  1667  3542 D WindowManager: Input focus has changed to Window{5f271bb u0 com.example.newag/com.example.newag.mvp.ui.my.ChangeMyActivity} display=0
04-29 20:12:17.627  1667  6707 V MiuiActivityTaskManagerServiceEx: dispatchActivityLifeState state = onResume
04-29 20:12:17.627  1667  6707 V MiuiActivityTaskManagerServiceEx: dispatchActivityLifeState r = ActivityRecord{731ca9f u0 com.example.newag/.mvp.ui.my.ChangeMyActivity t1792}
04-29 20:12:17.631  3828  3828 E ClipAnimationHelper: updateSourceStack  mSourceInsets=Rect(0, 137 - 0, 0), mSourceStackBounds=Rect(0, 0 - 1440, 3200)
04-29 20:12:17.631  3828  3828 E ClipAnimationHelper: updateHomeStack  mSourceInsets=Rect(0, 137 - 0, 0), mHomeStackBounds=Rect(0, 0 - 1440, 3200)
04-29 20:12:17.631  3828  3828 E ClipAnimationHelper: updateTargetRect  mSourceRect=RectF(0.0, 137.0, 1440.0, 3337.0)   mTargetRect=RectF(0.0, 0.0, 1440.0, 3200.0)   mSourceWindowClipInsets=RectF(0.0, 137.0, 0.0, 0.0)   mHomeStackBounds=Rect(0, 0 - 1440, 3200)   targetRect=Rect(0, 0 - 1440, 3200)
04-29 20:12:17.631  3828  3828 D TaskViewUtils: getRecentsWindowAnimatorNew, startRectF=RectF(63.320007, 1246.0, 688.67993, 2635.6887), endRectF=RectF(0.0, 0.0, 1440.0, 3200.0)
04-29 20:12:17.632  3828  3828 W DimLayer: createDimLayer
04-29 20:12:17.632  3828  3828 E RotationHelper: setCurrentStateRequest: request=0
04-29 20:12:17.632  3828  3828 E RotationHelper: notifyChange activityFlags=1, mMultiWindowRotationRequest=3, mCurrentTransitionRequest=0, mCurrentStateRequest=0
04-29 20:12:17.632  1084  1084 E SDM     : HWCSession::GetClientTargetProperty: GetClinetTargetProperty interface enter
04-29 20:12:17.632  1084  1084 E SDM     : HWCDisplay::GetClientTargetProperty: QIPL: GetClinetTargetProperty func enter
04-29 20:12:17.633  3828  3828 D RecentsImpl: mActivityStateObserver com.example.newag.mvp.ui.my.ChangeMyActivity
04-29 20:12:17.634  3828  3828 W RecentsImpl: onResumed className=com.example.newag.mvp.ui.my.ChangeMyActivity   mIsInAnotherPro=false   isKeyguardLocked=false
04-29 20:12:17.634  3828  3828 D RecentsImpl: showNavStubView
04-29 20:12:17.634  3828  3971 W RecentsImpl: disableTouchBySwipeStatusBar    disable=false
04-29 20:12:17.634  3828  3971 W RecentsImpl: disableBackStubWindow    disableTouch=false
04-29 20:12:17.634  3828  3971 D RecentsImpl: showBackStubWindow  hasNavigationBar=true
04-29 20:12:17.634  3828  3971 W GestureStubView: adaptRotation   currentRotation=0   mRotation=0
04-29 20:12:17.634  3828  3971 D GestureStubView: resetRenderProperty: showGestureStub
04-29 20:12:17.634  3828  3971 D GestureStubView: showGestureStub
04-29 20:12:17.635  3828  3971 W GestureStubView: adaptRotation   currentRotation=0   mRotation=0
04-29 20:12:17.635  3828  3971 D GestureStubView: resetRenderProperty: showGestureStub
04-29 20:12:17.635  3828  3971 D GestureStubView: showGestureStub
04-29 20:12:17.638  1094  1094 E vendor.qti.hardware.perf@2.2-service: Unknown params
04-29 20:12:17.638  4180 25616 D MiuiMiHomeConnectController: getDeviceTimes
04-29 20:12:17.639  4180 25616 D MiuiMiHomeConnectController: result.getRssi = -7300:00:00:D6:76:FD
04-29 20:12:17.639  1667  2157 W MiuiFreeFormGesturePointerEventListener: setMiuiFreeFormTouchExcludeRegion mTouchExcludeRegion = SkRegion((0,0,1440,137))
04-29 20:12:17.640  1667  2157 D PerfImpl: perfFirstDrawBoost: com.example.newag, 7431, 1
04-29 20:12:17.641  1094  1094 E vendor.qti.hardware.perf@2.2-service: Unknown params
04-29 20:12:17.641   991 25531 I vendor.qti.bluetooth@1.0-ibs_handler: ProcessIbsCmd: Received IBS_SLEEP_IND: 0xFE
04-29 20:12:17.641   991 25531 D vendor.qti.bluetooth@1.0-ibs_handler: SerialClockVote: vote for UART CLK OFF
04-29 20:12:17.641  1094  1094 E vendor.qti.hardware.perf@2.2-service: Unknown params
04-29 20:12:17.641  7431  7469 W SQLiteLog: (28) double-quoted string literal: "1651234275549"
04-29 20:12:17.641  7431  7469 W SQLiteLog: (28) double-quoted string literal: "59DBADAA6847F32292BC3DE6C0CD2BF8"
04-29 20:12:17.641  1084  1084 E SDM     : HWCSession::GetClientTargetProperty: GetClinetTargetProperty interface enter
04-29 20:12:17.641  1084  1084 E SDM     : HWCDisplay::GetClientTargetProperty: QIPL: GetClinetTargetProperty func enter
04-29 20:12:17.642  1667  2157 W MiuiFreeFormGesturePointerEventListener: setMiuiFreeFormTouchExcludeRegion mTouchExcludeRegion = SkRegion((0,0,1440,137))
04-29 20:12:17.643  4180 25616 D MiuiMiHomeDownloadManager: check local file : null
04-29 20:12:17.643  4180 25616 D MiuiMiHomeDownloadManager: device: 4944    return rssiNum: -50
04-29 20:12:17.643  4180 25616 D MiuiMiHomeConnectController: rssi num is not fit cloud data 
04-29 20:12:17.644  1667  2157 W MiuiFreeFormGesturePointerEventListener: setMiuiFreeFormTouchExcludeRegion mTouchExcludeRegion = SkRegion((0,0,1440,137))
04-29 20:12:17.644  7431  7455 I OpenGLRenderer: Davey! duration=77411ms; Flags=1, FrameTimelineVsyncId=6355954, IntendedVsync=98448248094805, Vsync=98448281428137, InputEventId=0, HandleInputStart=98448285049891, AnimationStart=98448285051037, PerformTraversalsStart=98448285215360, DrawStart=98448299576610, FrameDeadline=98448268094805, FrameInterval=98448285032703, FrameStartTime=8333333, SyncQueued=98448302270985, SyncStart=98448302435776, IssueDrawCommandsStart=98448302519162, SwapBuffers=98448304895672, FrameCompleted=98525659632205, DequeueBufferDuration=9218, QueueBufferDuration=448542, GpuCompleted=98525659632205, SwapBuffersCompleted=98448305700985, DisplayPresentTime=0, 
04-29 20:12:17.647  1667  6788 W MiuiFreeFormGesturePointerEventListener: setMiuiFreeFormTouchExcludeRegion mTouchExcludeRegion = SkRegion((0,0,1440,137))
04-29 20:12:17.649  3828  3971 D GestureStubView: gatherTransparentRegion: need render w:54  h:1920
04-29 20:12:17.649  1084  1084 E SDM     : HWCSession::GetClientTargetProperty: GetClinetTargetProperty interface enter
04-29 20:12:17.649  1084  1084 E SDM     : HWCDisplay::GetClientTargetProperty: QIPL: GetClinetTargetProperty func enter
04-29 20:12:17.651  1667  6707 W MiuiFreeFormGesturePointerEventListener: setMiuiFreeFormTouchExcludeRegion mTouchExcludeRegion = SkRegion((0,0,1440,137))
04-29 20:12:17.653  3828  3971 D GestureStubView: gatherTransparentRegion: need render w:54  h:1920
04-29 20:12:17.654  7431  7469 W SQLiteLog: (28) double-quoted string literal: "1651234275549"
04-29 20:12:17.654  7431  7469 W SQLiteLog: (28) double-quoted string literal: "0"
04-29 20:12:17.654  7431  7469 W SQLiteLog: (28) double-quoted string literal: ""
04-29 20:12:17.654  7431  7469 W SQLiteLog: (28) double-quoted string literal: ""
04-29 20:12:17.654  7431  7469 W SQLiteLog: (28) double-quoted string literal: "59DBADAA6847F32292BC3DE6C0CD2BF8"
04-29 20:12:17.658  1084  1084 E SDM     : HWCSession::GetClientTargetProperty: GetClinetTargetProperty interface enter
04-29 20:12:17.658  1084  1084 E SDM     : HWCDisplay::GetClientTargetProperty: QIPL: GetClinetTargetProperty func enter
04-29 20:12:17.658  1667  2157 W MiuiFreeFormGesturePointerEventListener: setMiuiFreeFormTouchExcludeRegion mTouchExcludeRegion = SkRegion((0,0,1440,137))
04-29 20:12:17.664  7431  7469 W SQLiteLog: (28) double-quoted string literal: "95B486ED63155A5E2C38BEACB6744723"
04-29 20:12:17.664  7431  7469 W SQLiteLog: (28) double-quoted string literal: ""
04-29 20:12:17.664  7431  7469 W SQLiteLog: (28) double-quoted string literal: "95B486ED63155A5E2C38BEACB6744723"
04-29 20:12:17.664  7431  7469 W SQLiteLog: (28) double-quoted string literal: "-1"
04-29 20:12:17.666  1084  1084 E SDM     : HWCSession::GetClientTargetProperty: GetClinetTargetProperty interface enter
04-29 20:12:17.666  1084  1084 E SDM     : HWCDisplay::GetClientTargetProperty: QIPL: GetClinetTargetProperty func enter
04-29 20:12:17.674  1084  1084 E SDM     : HWCSession::GetClientTargetProperty: GetClinetTargetProperty interface enter
04-29 20:12:17.674  1084  1084 E SDM     : HWCDisplay::GetClientTargetProperty: QIPL: GetClinetTargetProperty func enter
04-29 20:12:17.682  1084  1084 E SDM     : HWCSession::GetClientTargetProperty: GetClinetTargetProperty interface enter
04-29 20:12:17.682  1084  1084 E SDM     : HWCDisplay::GetClientTargetProperty: QIPL: GetClinetTargetProperty func enter
04-29 20:12:17.690  1084  1084 E SDM     : HWCSession::GetClientTargetProperty: GetClinetTargetProperty interface enter
04-29 20:12:17.691  1084  1084 E SDM     : HWCDisplay::GetClientTargetProperty: QIPL: GetClinetTargetProperty func enter
04-29 20:12:17.697  3828 14235 D RecentsModel: onTaskStackChangedBackground
04-29 20:12:17.697  3828  4256 D RecentsModel: onTaskStackChangedBackground    MSG_TASK_STACK_CHANGE
04-29 20:12:17.697  3828  4256 D RecentsModel: preloadRecents
04-29 20:12:17.697  3828  4256 W RecentsModel: getRunningTask
04-29 20:12:17.698  3828  4256 W RecentsModel: getRunningTask   taskInfo=TaskInfo{userId=0 taskId=1792 displayId=0 isRunning=true baseIntent=Intent { act=android.intent.action.MAIN cat=[android.intent.category.LAUNCHER] flg=0x10000000 cmp=com.example.newag/.mvp.ui.main.SplashActivity } baseActivity=ComponentInfo{com.example.newag/com.example.newag.mvp.ui.main.MainActivity} topActivity=ComponentInfo{com.example.newag/com.example.newag.mvp.ui.my.ChangeMyActivity} origActivity=null realActivity=ComponentInfo{com.example.newag/com.example.newag.mvp.ui.main.SplashActivity} numActivities=3 lastActiveTime=242700976 supportsSplitScreenMultiWindow=true supportsMultiWindow=true resizeMode=1 isResizeable=true token=WCT{android.window.IWindowContainerToken$Stub$Proxy@fdf7809} topActivityType=1 pictureInPictureParams=PictureInPictureParams( aspectRatio=null sourceRectHint=null hasSetActions=false isAutoPipEnabled=false isSeamlessResizeEnabled=true) displayCutoutSafeInsets=null topActivityInfo=ActivityInfo{8af0a0e com.example.newag.mvp.ui.my.ChangeMyActivity} launchCookies=[] positionInParent=Point(0, 0) parentTaskId=-1 isFocused=true isVisible=true topActivityInSizeCompat=false locusId= null windowMode=1}
04-29 20:12:17.698  3828  4256 W RecentsModel: getTaskInfoIgnoreHomeAndFreeform   taskInfo=ComponentInfo{com.example.newag/com.example.newag.mvp.ui.main.MainActivity}
04-29 20:12:17.698  3828  4256 E ActivityManagerWrapper: get all recent tasks force including 1792
04-29 20:12:17.698  3828  4256 E ActivityManagerWrapper: getRecentTasks: size=3
04-29 20:12:17.698  3828  4256 E ActivityManagerWrapper: getRecentTasks: taskId=1792   userId=0   baseIntent=Intent { act=android.intent.action.MAIN cat=[android.intent.category.LAUNCHER] flg=0x10000000 cmp=com.example.newag/.mvp.ui.main.SplashActivity }
04-29 20:12:17.698  3828  4256 E ActivityManagerWrapper: getRecentTasks: taskId=1793   userId=0   baseIntent=Intent { flg=0x10800000 cmp=com.miui.thirdappassistant/.ui.NotificationDetailActivity }
04-29 20:12:17.698  3828  4256 E ActivityManagerWrapper: getRecentTasks: taskId=1791   userId=0   baseIntent=Intent { act=android.intent.action.MAIN cat=[android.intent.category.LAUNCHER] flg=0x10200000 cmp=com.android.settings/.MainSettings }
04-29 20:12:17.699  3828  3951 D StatusBarController: handleMessage: flag 800000  disable false
04-29 20:12:17.699  1084  1084 E SDM     : HWCSession::GetClientTargetProperty: GetClinetTargetProperty interface enter
04-29 20:12:17.699  1084  1084 E SDM     : HWCDisplay::GetClientTargetProperty: QIPL: GetClinetTargetProperty func enter
04-29 20:12:17.707  1084  1084 E SDM     : HWCSession::GetClientTargetProperty: GetClinetTargetProperty interface enter
04-29 20:12:17.707  1084  1084 E SDM     : HWCDisplay::GetClientTargetProperty: QIPL: GetClinetTargetProperty func enter
04-29 20:12:17.707  1667  6707 W InputManager-JNI: Input channel object '14fc385 SnapshotStartingWindow for taskId=1792 (client)' was disposed without first being removed with the input manager!
04-29 20:12:17.710  1667  6707 W MiuiFreeFormGesturePointerEventListener: setMiuiFreeFormTouchExcludeRegion mTouchExcludeRegion = SkRegion((0,0,1440,137))
04-29 20:12:17.710  1667  2157 W MiuiFreeFormGesturePointerEventListener: setMiuiFreeFormTouchExcludeRegion mTouchExcludeRegion = SkRegion((0,0,1440,137))
04-29 20:12:17.716  1084  1084 E SDM     : HWCSession::GetClientTargetProperty: GetClinetTargetProperty interface enter
04-29 20:12:17.716  1084  1084 E SDM     : HWCDisplay::GetClientTargetProperty: QIPL: GetClinetTargetProperty func enter
04-29 20:12:17.724 12983 13114 I SharedPreferencesProxy: create new ContentProviderClient: SLIReport
04-29 20:12:17.724  1084  1084 E SDM     : HWCSession::GetClientTargetProperty: GetClinetTargetProperty interface enter
04-29 20:12:17.724  1084  1084 E SDM     : HWCDisplay::GetClientTargetProperty: QIPL: GetClinetTargetProperty func enter
04-29 20:12:17.732  1084  1084 E SDM     : HWCSession::GetClientTargetProperty: GetClinetTargetProperty interface enter
04-29 20:12:17.732  1084  1084 E SDM     : HWCDisplay::GetClientTargetProperty: QIPL: GetClinetTargetProperty func enter
04-29 20:12:17.733 12983 13114 D MeasureCore: filter report for key=cold_init_cost reason = COM_LIMIT
04-29 20:12:17.737 12983 13114 D MeasureCore: filter report for key=cold_init_suc reason = COM_LIMIT
04-29 20:12:17.740  1084  1084 E SDM     : HWCSession::GetClientTargetProperty: GetClinetTargetProperty interface enter
