04-29 20:12:16.614  1667  3092 D MIUIInput: [MotionEvent] publisher action=0x1, 98524634, channel 'ce2523c com.tencent.mobileqq/com.tencent.mobileqq.activity.NotificationActivity (server)'
04-29 20:12:16.615  1667  2152 D PerfImpl: perfGetWorkLoadType
04-29 20:12:16.615  1094  1094 E vendor.qti.hardware.perf@2.2-service: Unknown params
04-29 20:12:16.616  1667  2152 D PerfImpl: perfGetWorkLoadType
04-29 20:12:16.616  1094  1094 E vendor.qti.hardware.perf@2.2-service: Unknown params
04-29 20:12:16.617  1667  2152 D PerfImpl: perfScrollBoost: com.tencent.mobileqq, -1, 4
04-29 20:12:16.617  1094  1094 E vendor.qti.hardware.perf@2.2-service: Unknown params
04-29 20:12:16.617  1667  2152 D PerfImpl: perfGetWorkLoadType
04-29 20:12:16.617  1094  1094 E vendor.qti.hardware.perf@2.2-service: Unknown params
04-29 20:12:16.617  1667  2152 D PerfImpl: perfLockRelease
04-29 20:12:16.620  1084  1084 E SDM     : HWCSession::GetClientTargetProperty: GetClinetTargetProperty interface enter
04-29 20:12:16.620  1084  1084 E SDM     : HWCDisplay::GetClientTargetProperty: QIPL: GetClinetTargetProperty func enter
04-29 20:12:16.628  1084  1084 E SDM     : HWCSession::GetClientTargetProperty: GetClinetTargetProperty interface enter
04-29 20:12:16.628  1084  1084 E SDM     : HWCDisplay::GetClientTargetProperty: QIPL: GetClinetTargetProperty func enter
04-29 20:12:16.636  1084  1084 E SDM     : HWCSession::GetClientTargetProperty: GetClinetTargetProperty interface enter
04-29 20:12:16.636  1084  1084 E SDM     : HWCDisplay::GetClientTargetProperty: QIPL: GetClinetTargetProperty func enter
04-29 20:12:16.644  1084  1084 E SDM     : HWCSession::GetClientTargetProperty: GetClinetTargetProperty interface enter
04-29 20:12:16.644  1084  1084 E SDM     : HWCDisplay::GetClientTargetProperty: QIPL: GetClinetTargetProperty func enter
04-29 20:12:16.653  1084  1084 E SDM     : HWCSession::GetClientTargetProperty: GetClinetTargetProperty interface enter
04-29 20:12:16.653  1084  1084 E SDM     : HWCDisplay::GetClientTargetProperty: QIPL: GetClinetTargetProperty func enter
04-29 20:12:16.662  1084  1084 E SDM     : HWCSession::GetClientTargetProperty: GetClinetTargetProperty interface enter
04-29 20:12:16.662  1084  1084 E SDM     : HWCDisplay::GetClientTargetProperty: QIPL: GetClinetTargetProperty func enter
04-29 20:12:16.670  1084  1084 E SDM     : HWCSession::GetClientTargetProperty: GetClinetTargetProperty interface enter
04-29 20:12:16.670  1084  1084 E SDM     : HWCDisplay::GetClientTargetProperty: QIPL: GetClinetTargetProperty func enter
04-29 20:12:16.673  3828 13236 I OpenGLRenderer: Davey! duration=9223273512176ms; Flags=0, FrameTimelineVsyncId=6363088, IntendedVsync=98524677531811, Vsync=98524677531811, InputEventId=0, HandleInputStart=98524677823143, AnimationStart=98524677824497, PerformTraversalsStart=98524685210383, DrawStart=98524685409862, FrameDeadline=98524697531811, FrameInterval=98524677808247, FrameStartTime=8333333, SyncQueued=98524685624028, SyncStart=98524685994497, IssueDrawCommandsStart=98524686561216, SwapBuffers=98524687961372, FrameCompleted=9223372036854775807, DequeueBufferDuration=56979, QueueBufferDuration=439375, GpuCompleted=9223372036854775807, SwapBuffersCompleted=98524688700903, DisplayPresentTime=0, 
04-29 20:12:16.678  1084  1084 E SDM     : HWCSession::GetClientTargetProperty: GetClinetTargetProperty interface enter
04-29 20:12:16.678  1084  1084 E SDM     : HWCDisplay::GetClientTargetProperty: QIPL: GetClinetTargetProperty func enter
04-29 20:12:16.678  3828  3828 D NavStubView: finish: toRecents=true   sendUserLeaveHint=false
04-29 20:12:16.685  1667  1722 D WindowManager: Input focus has changed to Window{b7cf31a u0 com.miui.home/com.miui.home.launcher.Launcher} display=0
04-29 20:12:16.687  1084  1084 E SDM     : HWCSession::GetClientTargetProperty: GetClinetTargetProperty interface enter
04-29 20:12:16.687  1084  1084 E SDM     : HWCDisplay::GetClientTargetProperty: QIPL: GetClinetTargetProperty func enter
04-29 20:12:16.690  1667  1722 D PerfImpl: perfWarmLaunchBoost: com.miui.home, -1, 1
04-29 20:12:16.690  1094  1094 E vendor.qti.hardware.perf@2.2-service: Unknown params
04-29 20:12:16.691  1094  1117 E ANDR-PERF-OPTSHANDLER: Perflock resource /sys/class/devfreq/soc:qcom,cpubw/max_freq not supported
04-29 20:12:16.691  1094  1117 E ANDR-PERF-RESOURCEQS: Failed to apply optimization [6, 6]
04-29 20:12:16.691  1094  1117 E ANDR-PERF-OPTSHANDLER: Perflock resource /sys/class/devfreq/soc:qcom,cpubw/min_freq not supported
04-29 20:12:16.691  1094  1117 E ANDR-PERF-RESOURCEQS: Failed to apply optimization [6, 0]
04-29 20:12:16.694  1667  1722 W MiuiFreeFormGesturePointerEventListener: setMiuiFreeFormTouchExcludeRegion mTouchExcludeRegion = SkRegion((0,0,1440,137))
04-29 20:12:16.694  1084  1084 E SDM     : HWCSession::GetClientTargetProperty: GetClinetTargetProperty interface enter
04-29 20:12:16.694  1084  1084 E SDM     : HWCDisplay::GetClientTargetProperty: QIPL: GetClinetTargetProperty func enter
04-29 20:12:16.701  7761  8289 D LS-ForegroundStatusManager: handleMessage ForegroundInfoChanged. pkg = com.miui.home, uid = 10079, mCurrentForegroundUid = 10304
04-29 20:12:16.701  7761  8289 D LS-ForegroundStatusManager: onForegroundChanged mCurrentForegroundUid = 10304, new uid = 10079
04-29 20:12:16.701  7761 10429 D PerfEngineController: ForegroundInfo{mForegroundPackageName='com.miui.home', mForegroundUid=10079, mForegroundPid=3828, mLastForegroundPackageName='com.tencent.mobileqq', mLastForegroundUid=10304, mLastForegroundPid=29889, mMultiWindowForegroundPackageName='null', mMultiWindowForegroundUid=-1, mFlags=0}
04-29 20:12:16.701  7761  8030 I ThermalInfoCollector: collectForgroundAppsInfo
04-29 20:12:16.701 10064 16044 D AutoInstallService: onForegroundInfoChanged: com.miui.home
04-29 20:12:16.701  7789 31821 I GST     : forePkg: com.miui.home, preForePkg: com.tencent.mobileqq
04-29 20:12:16.702  5969  6001 I SLAToast: foreground uid:10079, isColdStart:false, isLinkTurboEnable:false
04-29 20:12:16.702  6199 29158 I ProcessMonitor: onForegroundInfoChanged: ForegroundInfo{mForegroundPackageName='com.miui.home', mForegroundUid=10079, mForegroundPid=3828, mLastForegroundPackageName='com.tencent.mobileqq', mLastForegroundUid=10304, mLastForegroundPid=29889, mMultiWindowForegroundPackageName='null', mMultiWindowForegroundUid=-1, mFlags=0}
04-29 20:12:16.702 19915 19936 I ^_^MemoryTrim: onAppBackground()
04-29 20:12:16.702  1084  1084 E SDM     : HWCSession::GetClientTargetProperty: GetClinetTargetProperty interface enter
04-29 20:12:16.702  1084  1084 E SDM     : HWCDisplay::GetClientTargetProperty: QIPL: GetClinetTargetProperty func enter
04-29 20:12:16.703  6199 26591 I BeautyService: beaty service exit
04-29 20:12:16.704  3828  3828 D Launcher.Lifecycle: onResume:UserHandle{0},db65ee8,false
04-29 20:12:16.704  3828  4052 D MiBridge: requestCpuHighFreq---- uid: 10079 level: 1 timeoutms:500
04-29 20:12:16.705  1877  1958 W MiuiBooster: "MiuiBoosterService requestCpuHighFreq: 10079, 1, 500"
04-29 20:12:16.705  1877  1958 W MiuiBooster: "requestCpuHighFreq,final level:1,final timeoutms:500"
04-29 20:12:16.705  1877  1958 W MiuiBooster: "perf_hint_hc start"
04-29 20:12:16.705  1877  1958 W MiuiBooster: "big_core_value[level-1]:4095"
04-29 20:12:16.705  1877  1958 W MiuiBooster: "little_core_value[level-1]:4095"
04-29 20:12:16.705  1877  1958 W MiuiBooster: "prime_core_value[level - 1]:4095"
04-29 20:12:16.705  5775  5794 D LauncherOverlay: setActivityState:3
04-29 20:12:16.705 21350 22138 D LauncherOverlay: setActivityState:3
04-29 20:12:16.705  3828  4129 I RenderThread: RenderThread resumed
04-29 20:12:16.705  5775  5775 D LauncherOverlay.Window: onResume
04-29 20:12:16.705  3828  4129 I RenderThread: All controllers paused.
04-29 20:12:16.705 21350 21350 D LauncherOverlay.Window: onResume
04-29 20:12:16.706  3828  3828 W BlurUtils: restore blur ratio:1.0 for window: com.android.internal.policy.PhoneWindow@a322d51
04-29 20:12:16.706  3828  3828 E BlurUtils: fastBlurDirectly ratio=1.0   win=com.android.internal.policy.PhoneWindow@a322d51
04-29 20:12:16.706  7761  8218 D BrightSocialScenario: restroCtrl len=0
04-29 20:12:16.706  3828  3828 W BlurUtils: save blur ratio:1.0 for window: com.android.internal.policy.PhoneWindow@a322d51
04-29 20:12:16.707  6199 20846 I GuardService: notifyChange! preName = ComponentInfo{com.tencent.mobileqq/com.tencent.mobileqq.activity.NotificationActivity}; curName = ComponentInfo{com.miui.home/com.miui.home.launcher.Launcher}
04-29 20:12:16.707  3828  4129 I RenderThread: RenderThread paused, waiting for signal
04-29 20:12:16.707  1877  1958 W MiuiBooster: "perf_handle:284277"
04-29 20:12:16.707  3828  4052 D MiBridge: requestCpuHighFreq handle: 1
04-29 20:12:16.707  3828  4052 D Launcher_CPUBooster: boostCpuToMax:0
04-29 20:12:16.707  6199 29158 I GameBoosterService: onForegroundInfoChanged: Cur=com.miui.home	 last=com.tencent.mobileqq
04-29 20:12:16.708  6199 29158 D GameBoosterService: onGameStatusChange foreground:ForegroundInfo{mForegroundPackageName='com.miui.home', mForegroundUid=10079, mForegroundPid=3828, mLastForegroundPackageName='com.tencent.mobileqq', mLastForegroundUid=10304, mLastForegroundPid=29889, mMultiWindowForegroundPackageName='null', mMultiWindowForegroundUid=-1, mFlags=0}
04-29 20:12:16.708  6199 29158 I GameBoosterService: onForegroundInfoChanged: Exit
04-29 20:12:16.708  6199 29158 I VideoBoxUtils: isSupportVideoBox: true
04-29 20:12:16.708  6199 29158 I VideoToolBoxService: onForegroundInfoChanged: Exit Vtb
04-29 20:12:16.708  7761  8317 D PowerModeHandler: mThermalId =0
04-29 20:12:16.708  7761  8317 I ThermalSwitchHandler: writeThermalId success id=0
04-29 20:12:16.708  7761  8317 I CpuDdrHandler: systemNocDDRLLCTuning perfLockRelease
04-29 20:12:16.709 23021 23161 D IdProviderImpl: getOAID
04-29 20:12:16.711  1084  1084 E SDM     : HWCSession::GetClientTargetProperty: GetClinetTargetProperty interface enter
04-29 20:12:16.711  1084  1084 E SDM     : HWCDisplay::GetClientTargetProperty: QIPL: GetClinetTargetProperty func enter
04-29 20:12:16.719  1667  1722 W MiuiFreeFormGesturePointerEventListener: setMiuiFreeFormTouchExcludeRegion mTouchExcludeRegion = SkRegion((0,0,1440,137))
04-29 20:12:16.719  3828  3828 E RotationHelper: setCurrentTransitionRequest: request=0
04-29 20:12:16.719  1084  1084 E SDM     : HWCSession::GetClientTargetProperty: GetClinetTargetProperty interface enter
04-29 20:12:16.719  1084  1084 E SDM     : HWCDisplay::GetClientTargetProperty: QIPL: GetClinetTargetProperty func enter
04-29 20:12:16.722  1667  1722 W MiuiFreeFormGesturePointerEventListener: setMiuiFreeFormTouchExcludeRegion mTouchExcludeRegion = SkRegion((0,0,1440,137))
04-29 20:12:16.725  3828  3971 D RecentsAnimationListenerImpl: finish, toRecents=true, sendUserLeaveHint=false
04-29 20:12:16.725  3828  3971 D RecentsAnimationListenerImpl: mIsStart=false
04-29 20:12:16.726 29889 29889 E page.PageSwitchObserver: postAppearDetectionTask: unable to detect activity
04-29 20:12:16.726 29889 29889 I app.AppEventReporter: onActivityPause(), activity=com.tencent.mobileqq.activity.NotificationActivity@ffca93b
04-29 20:12:16.728 29889 13358 I UECPageStayReportManager: UECReportTimeLongTask time = 3
04-29 20:12:16.728 29889 13358 I UECPageStayReportManager: UECReportTimeLongTask time = 3
04-29 20:12:16.728  1667  6820 V MiuiActivityTaskManagerServiceEx: dispatchActivityLifeState state = onResume
04-29 20:12:16.728  1667  6820 V MiuiActivityTaskManagerServiceEx: dispatchActivityLifeState r = ActivityRecord{84b4fca u0 com.miui.home/.launcher.Launcher t2}
04-29 20:12:16.728  1084  1084 E SDM     : HWCSession::GetClientTargetProperty: GetClinetTargetProperty interface enter
04-29 20:12:16.728  1084  1084 E SDM     : HWCDisplay::GetClientTargetProperty: QIPL: GetClinetTargetProperty func enter
04-29 20:12:16.728  3828  3828 D Launcher.Lifecycle: onWindowFocusChanged:true,UserHandle{0},db65ee8,false
04-29 20:12:16.729  3828  3828 D Launcher_UnlockAnimationStateMachine: onWindowFocus:IDLE
04-29 20:12:16.736  1084  1084 E SDM     : HWCSession::GetClientTargetProperty: GetClinetTargetProperty interface enter
04-29 20:12:16.736  1084  1084 E SDM     : HWCDisplay::GetClientTargetProperty: QIPL: GetClinetTargetProperty func enter
04-29 20:12:16.738  1667  3127 I MiuiNetworkPolicy: updateUidState uid = 10304, uidState = 10
04-29 20:12:16.738  1667  3127 I MiuiNetworkPolicy: updateUidState uid = 10164, uidState = 19
04-29 20:12:16.738  1667  6820 W MiuiFreeFormGesturePointerEventListener: setMiuiFreeFormTouchExcludeRegion mTouchExcludeRegion = SkRegion((0,0,1440,137))
04-29 20:12:16.742  3824  3824 D NotifBadge: recevie broadbcast ACTION_APPLICATION_MESSAGE_QUERY, requestFirstTime=false
04-29 20:12:16.743  3828  3828 D RecentsImpl: mActivityStateObserver com.miui.home.launcher.Launcher
04-29 20:12:16.743  3828  3828 W RecentsImpl: onResumed className=com.miui.home.launcher.Launcher   mIsInAnotherPro=false   isKeyguardLocked=false
04-29 20:12:16.743  3828  3828 D Launcher: notifyBackGestureStatus
04-29 20:12:16.743  3828  3951 E Launcher: notifyBackGestureStatus:run usingFsGesture=true   show=true   focus=true   pause=false
04-29 20:12:16.743  3828  3951 D Launcher: notifyFsGestureHomeStatus    enableBackGesture=true   isSupportRecentsAndFsGesture=true
04-29 20:12:16.744  3828  3828 W RecentsImpl: updateFsgWindowVisibilityState   isEnter=true   typeFrom=typefrom_home   isOpen=true   mIsInAnotherPro=false   mIsStatusBarExpansion=false
04-29 20:12:16.744  3828  3828 D RecentsImpl: showNavStubView
04-29 20:12:16.744  3828  3971 D RecentsImpl: showBackStubWindow  hasNavigationBar=true
04-29 20:12:16.744  3828  3971 W GestureStubView: adaptRotation   currentRotation=0   mRotation=0
04-29 20:12:16.744  3828  3971 D GestureStubView: resetRenderProperty: showGestureStub
04-29 20:12:16.744  3828  3971 D GestureStubView: showGestureStub
04-29 20:12:16.744  3828  3971 W GestureStubView: adaptRotation   currentRotation=0   mRotation=0
04-29 20:12:16.744  3828  3971 D GestureStubView: resetRenderProperty: showGestureStub
04-29 20:12:16.744  3828  3971 D GestureStubView: showGestureStub
04-29 20:12:16.744  1084  1084 E SDM     : HWCSession::GetClientTargetProperty: GetClinetTargetProperty interface enter
04-29 20:12:16.744  1084  1084 E SDM     : HWCDisplay::GetClientTargetProperty: QIPL: GetClinetTargetProperty func enter
04-29 20:12:16.747  1667  2157 W MiuiFreeFormGesturePointerEventListener: setMiuiFreeFormTouchExcludeRegion mTouchExcludeRegion = SkRegion((0,0,1440,137))
04-29 20:12:16.750  1667  6003 W MiuiFreeFormGesturePointerEventListener: setMiuiFreeFormTouchExcludeRegion mTouchExcludeRegion = SkRegion((0,0,1440,137))
04-29 20:12:16.753  1084  1084 E SDM     : HWCSession::GetClientTargetProperty: GetClinetTargetProperty interface enter
04-29 20:12:16.753  1084  1084 E SDM     : HWCDisplay::GetClientTargetProperty: QIPL: GetClinetTargetProperty func enter
04-29 20:12:16.758  3828  3889 W System  : A resource failed to call close. 
04-29 20:12:16.758  3828  3889 W System  : A resource failed to call close. 
04-29 20:12:16.758  3828  3889 D LifecycleResourceManager: begin check cache... 
04-29 20:12:16.759  1667  1722 W MiuiFreeFormGesturePointerEventListener: setMiuiFreeFormTouchExcludeRegion mTouchExcludeRegion = SkRegion((0,0,1440,137))
04-29 20:12:16.761  1084  1084 E SDM     : HWCSession::GetClientTargetProperty: GetClinetTargetProperty interface enter
04-29 20:12:16.761  1084  1084 E SDM     : HWCDisplay::GetClientTargetProperty: QIPL: GetClinetTargetProperty func enter
04-29 20:12:16.762  3828  3971 D GestureStubView: gatherTransparentRegion: need render w:54  h:1920
04-29 20:12:16.765  1667  6820 W MiuiFreeFormGesturePointerEventListener: setMiuiFreeFormTouchExcludeRegion mTouchExcludeRegion = SkRegion((0,0,1440,137))
04-29 20:12:16.766  1667  6788 W MiuiFreeFormGesturePointerEventListener: setMiuiFreeFormTouchExcludeRegion mTouchExcludeRegion = SkRegion((0,0,1440,137))
04-29 20:12:16.768  3828  3971 D GestureStubView: gatherTransparentRegion: need render w:54  h:1920
04-29 20:12:16.769  1084  1084 E SDM     : HWCSession::GetClientTargetProperty: GetClinetTargetProperty interface enter
04-29 20:12:16.769  1084  1084 E SDM     : HWCDisplay::GetClientTargetProperty: QIPL: GetClinetTargetProperty func enter
04-29 20:12:16.775 29889 29889 I app.AppEventReporter: onActivityStopped(), activity=com.tencent.mobileqq.activity.SplashActivity@c3b82c2
04-29 20:12:16.775 29889 29889 D ApplicationLife: [process] onStop: invoked.  sCountActivity: 2
04-29 20:12:16.777  1084  1084 E SDM     : HWCSession::GetClientTargetProperty: GetClinetTargetProperty interface enter
04-29 20:12:16.777  1084  1084 E SDM     : HWCDisplay::GetClientTargetProperty: QIPL: GetClinetTargetProperty func enter
04-29 20:12:16.782 29889 29889 I app.AppEventReporter: onActivityStopped(), activity=com.tencent.mobileqq.activity.NotificationActivity@ffca93b
04-29 20:12:16.782 29889 29889 I app.AppEventReporter: appOutDataSender(), 后台上报
04-29 20:12:16.783 29889 30321 D QQDtReporter: 848QQDT _report eventKey: dt_app_heartbeat, appKey:0S200MNJT807V3GE, type: NORMAL, isQCircle: false, isMsfImme: false, reportPolicy: 0, params: {client_page_name=com.tencent.mobileqq.activity.NotificationActivity, dt_starttype=0, dt_wxopenid=, dt_seqtime=1644307391650, app_bld=2538, dt_fchlid=, os_vrsn=Android 12, dt_mchlid=, client_process_name=com.tencent.mobileqq, dt_tid=, dt_guid=5141f1aa58ea5d8f94bdebbb338cbaf2, dt_usstmp=1651232962784, dt_callfrom=, dt_qq=2448021077, dt_usid=1651232962784600, dt_ussn=1644303311680505, dt_qqopenid=, dt_omgbzid=, dt_seqid=5750, os=1, dt_mainlogin=, udf_kv={}, dt_protoversion=1, dt_wbopenid=, dt_app_foreground_heartbeat_duration=1186, dt_callschema=, dt_simtype=3, qq_appid=537112593, dt_oaid=, dt_adcode=, dt_wxunionid=, dt_accountid=2448021077, ui_vrsn=MIUI V130, dt_sdkversion=2300, app_vr=8.8.68, dt_coldstart=1, dt_app_sessionid=1651234275595404}
04-29 20:12:16.783 29889 29889 D QQDtReportHelper: 848QQDT [doSupplementReport] delta: 0
04-29 20:12:16.784 29889 29889 D QQDtReportHelper: 848QQDT [doSupplementReport] dtLvTime: 61188
04-29 20:12:16.784 29889 29889 D QQDtReportHelper: 848QQDT [doSupplementReport] qqout, timeInterval: 61187
04-29 20:12:16.784 29889 29889 D QQDtReporter: 848QQDT _report eventKey: dt_appout, appKey:0S200MNJT807V3GE, type: REALTIME, isQCircle: false, isMsfImme: false, reportPolicy: 0, params: {dt_app_stoptime=1651234336783, client_page_name=com.tencent.mobileqq.activity.NotificationActivity, dt_starttype=0, dt_wxopenid=, dt_seqtime=1644307391650, app_bld=2538, dt_fchlid=, os_vrsn=Android 12, dt_mchlid=, client_process_name=com.tencent.mobileqq, dt_tid=, dt_guid=5141f1aa58ea5d8f94bdebbb338cbaf2, dt_usstmp=1651232962784, dt_callfrom=, dt_qq=2448021077, dt_white_lvtm=61188, dt_usid=1651232962784600, dt_ussn=1644303311680505, dt_lvtm=61188, dt_qqopenid=, dt_activity_blacklist=, dt_omgbzid=, dt_activity_name=com.tencent.mobileqq.activity.SplashActivity, dt_seqid=4389, os=1, dt_mainlogin=, dt_lvtm_delta=0, udf_kv={"lvtm":61188,"cur_pg":{"ref_pg":{},"pgid":null}}, dt_sys_elapsed_realtime=242700061, dt_active_info=, dt_protoversion=1, dt_wbopenid=, dt_callschema=, dt_simtype=3, qq_appid=537112593, dt_oaid=, dt_adcode=, dt_wxunionid=, dt_accountid=2448021077, ui_vrsn=MIUI V130, dt_sdkversion=2300, app_vr=8.8.68, dt_coldstart=1, dt_app_sessionid=1651234275595404}
04-29 20:12:16.785 29889 29889 I ElementExposure.ElementExposureReporter: onAppOut(), clear exposure recorder!
04-29 20:12:16.785 29889 29889 D ApplicationLife: [process] onStop: invoked.  sCountActivity: 1
04-29 20:12:16.786  1084  1084 E SDM     : HWCSession::GetClientTargetProperty: GetClinetTargetProperty interface enter
04-29 20:12:16.786  1084  1084 E SDM     : HWCDisplay::GetClientTargetProperty: QIPL: GetClinetTargetProperty func enter
04-29 20:12:16.786 29889 29889 D ApplicationLife: [process] onStop: invoked. send MSG_BACK sCountActivity: 0
04-29 20:12:16.786  5817  5854 I ui.dmregservic: Background concurrent copying GC freed 507913(14MB) AllocSpace objects, 4(36MB) LOS objects, 22% free, 81MB/105MB, paused 144us total 177.771ms
04-29 20:12:16.788  3824  4059 D MobileSignalController: slot: 0 ,Current state: 0 mobile State:0
04-29 20:12:16.789 29889 30321 D QQDtReporter: 848QQDT _report eventKey: qqout, appKey:0S200MNJT807V3GE, type: REALTIME, isQCircle: false, isMsfImme: false, reportPolicy: 0, params: {client_page_name=com.tencent.mobileqq.activity.NotificationActivity, dt_starttype=0, dt_wxopenid=, dt_seqtime=1644307391650, app_bld=2538, dt_fchlid=, os_vrsn=Android 12, dt_mchlid=, client_process_name=com.tencent.mobileqq, dt_tid=, dt_guid=5141f1aa58ea5d8f94bdebbb338cbaf2, dt_usstmp=1651232962784, dt_callfrom=, dt_qq=2448021077, dt_usid=1651232962784600, dt_ussn=1644303311680505, dt_lvtm=61188, dt_qqopenid=, dt_omgbzid=, dt_seqid=4468, os=1, dt_mainlogin=, dt_lvtm_delta=0, udf_kv={"qq_lvtm":"61187"}, dt_protoversion=1, dt_wbopenid=, dt_callschema=, dt_simtype=3, qq_appid=537112593, dt_oaid=, dt_adcode=, dt_wxunionid=, dt_accountid=2448021077, ui_vrsn=MIUI V130, dt_sdkversion=2300, app_vr=8.8.68, dt_coldstart=1}
04-29 20:12:16.792 29889 29889 I VideoAudioControlUtil: [getMuteConfig] isMuteConfig = true
04-29 20:12:16.792 29889 29889 I VideoAudioControlUtil: [setMute] scene = APP_BACKGROUND, isMute = true
04-29 20:12:16.794  1084  1084 E SDM     : HWCSession::GetClientTargetProperty: GetClinetTargetProperty interface enter
04-29 20:12:16.794  1084  1084 E SDM     : HWCDisplay::GetClientTargetProperty: QIPL: GetClinetTargetProperty func enter
04-29 20:12:16.794  1667  3127 I MiuiNetworkPolicy: updateUidState uid = 10353, uidState = 16
04-29 20:12:16.795  1667  3698 D ProcessCpuLimit: checkAppSwitchBackground start: pid[29889] uid[10304]0ms
04-29 20:12:16.797 29889 13376 D CommonAttrBulder: attr value is Empty ! id : 103, name : LeftBtmRedPntPulse
04-29 20:12:16.797 29889 13376 D CommonAttrBulder: attr value is Empty ! id : 104, name : FirstScnRedPntPulse
04-29 20:12:16.797 29889 13376 D CommonAttrBulder: attr value is Empty ! id : 105, name : AIOPulse
04-29 20:12:16.797 29889 13376 I LocationMonitor: call system api:Location.getConnectionInfo()
04-29 20:12:16.798  1667  3698 D ProcessCpuLimit: checkAppSwitchBackground start: pid[29889] uid[10304]0ms
04-29 20:12:16.800 29889 13376 I NetworkMonitor: call system api:Network.getSSID()
04-29 20:12:16.801 29889 13376 I NetworkMonitor: call system api:Network.getSSID()
04-29 20:12:16.802  1084  1084 E SDM     : HWCSession::GetClientTargetProperty: GetClinetTargetProperty interface enter
04-29 20:12:16.802  1084  1084 E SDM     : HWCDisplay::GetClientTargetProperty: QIPL: GetClinetTargetProperty func enter
04-29 20:12:16.804 29889 13376 I LocationMonitor: call system api:Location.getConnectionInfo()
04-29 20:12:16.805  3828  3951 D StatusBarController: handleMessage: flag 800000  disable false
04-29 20:12:16.807 29889 13376 I NetworkMonitor: call system api:Network.getBSSID()
04-29 20:12:16.807 29889 13376 D CommonAttrBulder: attr value is Empty ! id : 123, name : BSSID
04-29 20:12:16.810  1084  1084 E SDM     : HWCSession::GetClientTargetProperty: GetClinetTargetProperty interface enter
04-29 20:12:16.810  1084  1084 E SDM     : HWCDisplay::GetClientTargetProperty: QIPL: GetClinetTargetProperty func enter
04-29 20:12:16.814 29889 13376 D ReadinjoySPEventReport: getAppInstallInfo: ws_0_-1|kb_0_-1|ll_1_12.2.3.7053|sp_0_-1|xw_0_-1
04-29 20:12:16.819  1084  1084 E SDM     : HWCSession::GetClientTargetProperty: GetClinetTargetProperty interface enter
04-29 20:12:16.819  1084  1084 E SDM     : HWCDisplay::GetClientTargetProperty: QIPL: GetClinetTargetProperty func enter
04-29 20:12:16.825 29889 13376 I KandianMsgBoxRedPntInfoUtils: [getTotalRedCount] mMsgCnt = 23, totalRedCount = 23
04-29 20:12:16.827  1084  1084 E SDM     : HWCSession::GetClientTargetProperty: GetClinetTargetProperty interface enter
04-29 20:12:16.827  1084  1084 E SDM     : HWCDisplay::GetClientTargetProperty: QIPL: GetClinetTargetProperty func enter
04-29 20:12:16.827 29889 30985 E mqq     : can not send intent ,false|true|false
04-29 20:12:16.825  1094  1094 W perf@2.2-servic: type=1400 audit(0.0:871128): avc: denied { read } for name="cmdline" dev="proc" ino=15642827 scontext=u:r:vendor_hal_perf_default:s0 tcontext=u:r:hal_graphics_composer_default:s0 tclass=file permissive=0
04-29 20:12:16.825  1094  1094 W perf@2.2-servic: type=1400 audit(0.0:871129): avc: denied { read } for name="comm" dev="proc" ino=15644838 scontext=u:r:vendor_hal_perf_default:s0 tcontext=u:r:hal_graphics_composer_default:s0 tclass=file permissive=0
04-29 20:12:16.825  1094  1094 W perf@2.2-servic: type=1400 audit(0.0:871130): avc: denied { sys_nice } for capability=23 scontext=u:r:vendor_hal_perf_default:s0 tcontext=u:r:vendor_hal_perf_default:s0 tclass=capability permissive=0
04-29 20:12:16.832  3828 13236 D RecentsModel: onTaskStackChangedBackground
04-29 20:12:16.832  3828  4256 D RecentsModel: onTaskStackChangedBackground    MSG_TASK_STACK_CHANGE
04-29 20:12:16.832  3828  4256 D RecentsModel: preloadRecents
04-29 20:12:16.832  3828  4256 W RecentsModel: getRunningTask
04-29 20:12:16.833  3828  4256 W RecentsModel: getRunningTask   taskInfo=TaskInfo{userId=0 taskId=2 displayId=0 isRunning=true baseIntent=Intent { act=android.intent.action.MAIN cat=[android.intent.category.HOME] flg=0x10800100 cmp=com.miui.home/.launcher.Launcher } baseActivity=ComponentInfo{com.miui.home/com.miui.home.launcher.Launcher} topActivity=ComponentInfo{com.miui.home/com.miui.home.launcher.Launcher} origActivity=null realActivity=ComponentInfo{com.miui.home/com.miui.home.launcher.Launcher} numActivities=1 lastActiveTime=242700111 supportsSplitScreenMultiWindow=true supportsMultiWindow=true resizeMode=2 isResizeable=true token=WCT{android.window.IWindowContainerToken$Stub$Proxy@6405dc} topActivityType=2 pictureInPictureParams=PictureInPictureParams( aspectRatio=null sourceRectHint=null hasSetActions=false isAutoPipEnabled=false isSeamlessResizeEnabled=true) displayCutoutSafeInsets=null topActivityInfo=ActivityInfo{887b6e5 com.miui.home.launcher.Launcher} launchCookies=[] positionInParent=Point(0, 0) parentTaskId=-1 isFocused=true isVisible=true topActivityInSizeCompat=false locusId= null windowMode=1}
04-29 20:12:16.833  3828  4256 W RecentsModel: getTaskInfoIgnoreHomeAndFreeform   taskInfo=ComponentInfo{com.miui.home/com.miui.home.launcher.Launcher}
04-29 20:12:16.833  3828  4256 E ActivityManagerWrapper: get all recent tasks force including 2
04-29 20:12:16.834  3828  4256 E ActivityManagerWrapper: getRecentTasks: size=4
04-29 20:12:16.835  3828  4256 E ActivityManagerWrapper: getRecentTasks: taskId=1789   userId=0   baseIntent=Intent { act=android.intent.action.MAIN cat=[android.intent.category.LAUNCHER] flg=0x10200000 cmp=com.tencent.mobileqq/.activity.SplashActivity }
04-29 20:12:16.835  3828  4256 E ActivityManagerWrapper: getRecentTasks: taskId=1792   userId=0   baseIntent=Intent { act=android.intent.action.MAIN cat=[android.intent.category.LAUNCHER] flg=0x10000000 cmp=com.example.newag/.mvp.ui.main.SplashActivity }
04-29 20:12:16.835  3828  4256 E ActivityManagerWrapper: getRecentTasks: taskId=1793   userId=0   baseIntent=Intent { flg=0x10800000 cmp=com.miui.thirdappassistant/.ui.NotificationDetailActivity }
04-29 20:12:16.835  3828  4256 E ActivityManagerWrapper: getRecentTasks: taskId=1791   userId=0   baseIntent=Intent { act=android.intent.action.MAIN cat=[android.intent.category.LAUNCHER] flg=0x10200000 cmp=com.android.settings/.MainSettings }
04-29 20:12:16.835  1084  1084 E SDM     : HWCSession::GetClientTargetProperty: GetClinetTargetProperty interface enter
04-29 20:12:16.835  1084  1084 E SDM     : HWCDisplay::GetClientTargetProperty: QIPL: GetClinetTargetProperty func enter
04-29 20:12:16.833  1094  1094 W perf@2.2-servic: type=1400 audit(0.0:871131): avc: denied { read } for name="cmdline" dev="proc" ino=15642827 scontext=u:r:vendor_hal_perf_default:s0 tcontext=u:r:hal_graphics_composer_default:s0 tclass=file permissive=0
04-29 20:12:16.833  1094  1094 W perf@2.2-servic: type=1400 audit(0.0:871132): avc: denied { read } for name="comm" dev="proc" ino=15644838 scontext=u:r:vendor_hal_perf_default:s0 tcontext=u:r:hal_graphics_composer_default:s0 tclass=file permissive=0
04-29 20:12:16.844  1084  1084 E SDM     : HWCSession::GetClientTargetProperty: GetClinetTargetProperty interface enter
04-29 20:12:16.844  1084  1084 E SDM     : HWCDisplay::GetClientTargetProperty: QIPL: GetClinetTargetProperty func enter
04-29 20:12:16.852  1084  1084 E SDM     : HWCSession::GetClientTargetProperty: GetClinetTargetProperty interface enter
04-29 20:12:16.852  1084  1084 E SDM     : HWCDisplay::GetClientTargetProperty: QIPL: GetClinetTargetProperty func enter
04-29 20:12:16.860  1084  1084 E SDM     : HWCSession::GetClientTargetProperty: GetClinetTargetProperty interface enter
04-29 20:12:16.860  1084  1084 E SDM     : HWCDisplay::GetClientTargetProperty: QIPL: GetClinetTargetProperty func enter
04-29 20:12:16.868  1084  1084 E SDM     : HWCSession::GetClientTargetProperty: GetClinetTargetProperty interface enter
04-29 20:12:16.868  1084  1084 E SDM     : HWCDisplay::GetClientTargetProperty: QIPL: GetClinetTargetProperty func enter
04-29 20:12:16.876  1084  1084 E SDM     : HWCSession::GetClientTargetProperty: GetClinetTargetProperty interface enter
04-29 20:12:16.876  1084  1084 E SDM     : HWCDisplay::GetClientTargetProperty: QIPL: GetClinetTargetProperty func enter
04-29 20:12:16.885  1084  1084 E SDM     : HWCSession::GetClientTargetProperty: GetClinetTargetProperty interface enter
04-29 20:12:16.885  1084  1084 E SDM     : HWCDisplay::GetClientTargetProperty: QIPL: GetClinetTargetProperty func enter
04-29 20:12:16.889 29889 30313 D ApplicationLife: [process] handleMessage: invoked.  sCountActivity: 0
04-29 20:12:16.892 29889 30313 E ArkApp.ArkStateCenter: ark state change to  background
04-29 20:12:16.893  1084  1084 E SDM     : HWCSession::GetClientTargetProperty: GetClinetTargetProperty interface enter
04-29 20:12:16.893  1084  1084 E SDM     : HWCDisplay::GetClientTargetProperty: QIPL: GetClinetTargetProperty func enter
04-29 20:12:16.894  1667  4174 D CompatibilityChangeReporter: Compat change id reported: 157233955; UID 10304; state: DISABLED
04-29 20:12:16.896 29889 30313 D QCircleReportHelper: onQQEnterBackground!
04-29 20:12:16.896 29889 30313 D QCircleReportHelper: onQCircle enter deactivate state!
04-29 20:12:16.897 29889 30313 W QCircleReportHelper: reportQCircleActiveIntervalTime intervalTime:60988ms,signalOptType:2
04-29 20:12:16.898 29889 30313 E mqq     : can not send intent ,false|true|false
04-29 20:12:16.899 29889 30314 I WtloginReporter: reportSaveEvent eventValue is null
04-29 20:12:16.899 29889 30314 I TicketChecker: isA1EmptyButD2NoEmpty is no Login 
04-29 20:12:16.899 29889 30313 D QCircleReportHelper: printPageStack:[0]
04-29 20:12:16.899 29889 30313 D QCircleFolderFunnelCollect: recordExtra period:enter_background,start :enter_background,cost:1651234336899ms
04-29 20:12:16.901 29889 30313 I [upload2] UploadServiceProxy: UI operation >>> setBackgroundMode backgroundMode:true
04-29 20:12:16.901 29889 30313 I [upload2] UploadServiceProxy: checkStatus work thread is not ready !
04-29 20:12:16.901 29889 30313 D WinkPublishServiceProxy: [hasRunningTask]
04-29 20:12:16.901 29889 30313 D QCircleNetSpeed: onQQEnterBackground stop report
04-29 20:12:16.901 29889 30313 D ApplicationLife: [process] handleMessage: invoked. send stopping sProcessName: com.tencent.mobileqq
04-29 20:12:16.902  1084  1084 E SDM     : HWCSession::GetClientTargetProperty: GetClinetTargetProperty interface enter
04-29 20:12:16.902  1084  1084 E SDM     : HWCDisplay::GetClientTargetProperty: QIPL: GetClinetTargetProperty func enter
04-29 20:12:16.902 11241 11618 D MSF.C.DeepSleepDetector: onProcessViewableChanged process: com.tencent.mobileqq, state: false, at: 98524807
04-29 20:12:16.902 11241 11618 D MSF.C.DeepSleepDetector: lead to app state changed from: true, to: false
04-29 20:12:16.902 11241 11618 D MSF.C.DeepSleepDetector: [onAppBackground]
04-29 20:12:16.902 11241 11618 D MSF.C.DeepSleepDetector: onAppBackground setStartTime 242700181
04-29 20:12:16.903 11241 11324 D MSF.C.DeepSleepDetector: [run] count after++: 1
04-29 20:12:16.905 29889 29889 D GuardManager: [process][remove] onReceive: invoked.  process: com.tencent.mobileqq
04-29 20:12:16.905 29889 29889 D GuardManager: [process][ACTION_PLUGIN_BG] onReceive: invoked.  runningTimeAllowed: true
04-29 20:12:16.906  3828  4057 E Launcher.Transfer: transfer is closed
04-29 20:12:16.910  1084  1084 E SDM     : HWCSession::GetClientTargetProperty: GetClinetTargetProperty interface enter
04-29 20:12:16.910  1084  1084 E SDM     : HWCDisplay::GetClientTargetProperty: QIPL: GetClinetTargetProperty func enter
04-29 20:12:16.918  1084  1084 E SDM     : HWCSession::GetClientTargetProperty: GetClinetTargetProperty interface enter
04-29 20:12:16.918  1084  1084 E SDM     : HWCDisplay::GetClientTargetProperty: QIPL: GetClinetTargetProperty func enter
04-29 20:12:16.927  1084  1084 E SDM     : HWCSession::GetClientTargetProperty: GetClinetTargetProperty interface enter
04-29 20:12:16.927  1084  1084 E SDM     : HWCDisplay::GetClientTargetProperty: QIPL: GetClinetTargetProperty func enter
04-29 20:12:16.935  1084  1084 E SDM     : HWCSession::GetClientTargetProperty: GetClinetTargetProperty interface enter
04-29 20:12:16.935  1084  1084 E SDM     : HWCDisplay::GetClientTargetProperty: QIPL: GetClinetTargetProperty func enter
04-29 20:12:16.937  1667  2157 W MiuiFreeFormGesturePointerEventListener: setMiuiFreeFormTouchExcludeRegion mTouchExcludeRegion = SkRegion((0,0,1440,137))
04-29 20:12:16.943  1084  1084 E SDM     : HWCSession::GetClientTargetProperty: GetClinetTargetProperty interface enter
04-29 20:12:16.943  1084  1084 E SDM     : HWCDisplay::GetClientTargetProperty: QIPL: GetClinetTargetProperty func enter
04-29 20:12:16.952  1084  1084 E SDM     : HWCSession::GetClientTargetProperty: GetClinetTargetProperty interface enter
04-29 20:12:16.952  1084  1084 E SDM     : HWCDisplay::GetClientTargetProperty: QIPL: GetClinetTargetProperty func enter
04-29 20:12:16.956  5817  5854 I ui.dmregservic: Background young concurrent copying GC freed 383168(10MB) AllocSpace objects, 8(4620KB) LOS objects, 0% free, 119MB/119MB, paused 54us total 116.203ms
04-29 20:12:16.962 29889 30480 D GuardManager: [process] filterRealForegroundProcMap: invoked.  realProcMap: {}
04-29 20:12:16.962 29889 30480 D GuardManager: [handleMessageForQQPluginBG] fgProcess: com.tencent.mobileqq, bgProcess: com.tencent.mobileqq, activityCount: 0, foreground: false
04-29 20:12:16.964 29889 30480 D GuardManager.GuardStateScheduler: [process] filterRealForegroundProcMap: invoked.  realProcMap: {}
04-29 20:12:16.968  1667  6788 I ActivityManager: Killing 4889:com.miui.systemAdSolution:ui/u0a139 (adj 955): empty for 1827s
04-29 20:12:16.969  1667  2176 I libprocessgroup: Successfully killed process cgroup uid 10139 pid 4889 in 0ms
04-29 20:12:16.969  1667  6788 D PerfImpl: perfProcessKillBoost: com.miui.systemAdSolution:ui, 4889, 0
04-29 20:12:16.969  1667  1715 I system_server: NativeAlloc concurrent copying GC freed 207861(11MB) AllocSpace objects, 6(280KB) LOS objects, 22% free, 81MB/105MB, paused 98us total 184.992ms
04-29 20:12:16.969  1094  1094 E vendor.qti.hardware.perf@2.2-service: Unknown params
04-29 20:12:16.972 29889 30480 D GuardManager: [process] filterRealForegroundProcMap: invoked.  realProcMap: {}
04-29 20:12:16.973 29889 30480 D GuardManager: 848QQDT _reportForeground(false):[98463729 - 98524994 = 61]，process:com.tencent.mobileqq, isLogin: false, appid=537112593, activity =com.tencent.mobileqq.activity.NotificationActivity
04-29 20:12:16.973 29889 30480 D GuardManager: 848QQDT [reportForegroundRunningTime] resetTime: 0
04-29 20:12:16.974  1667  1717 W System  : A resource failed to call close. 
04-29 20:12:16.974  1667  1717 W System  : A resource failed to call close. 
04-29 20:12:16.974 29889 30480 D GuardManager: [process] filterRealForegroundProcMap: invoked.  realProcMap: {}
04-29 20:12:16.975 29889 30480 D GuardManager: [process] filterRealForegroundProcMap: invoked.  realProcMap: {}
04-29 20:12:16.977 11241 11618 D GuardManager: onEvent:1, 0, 0
04-29 20:12:16.977 29889 30480 D BatteryStats.BgCpu: BackgroundCpuMonitor onAppBackground,sCountActivity = 0
04-29 20:12:16.978 29889 30314 D BatteryStats.BgCpu: bgPrintCpuStart msfrecv=9073[30517],   fts=4515[30752]
04-29 20:12:16.978 29889 30480 I QzoneVerticalVideoPluginApk: ============== onAppBackground ==============
04-29 20:12:16.979 29889 30480 D Pandora.Pandora.BackgroundUtil: Pandora is onApplicationBackground
04-29 20:12:16.980 29889 30480 D PrivacyUtil: set application on background
04-29 20:12:16.981 29889 30480 I GuildMessagePushHandler: onAppBackground
04-29 20:12:16.981 29889 30480 D ExpandPluginPreloadManager: preloadPlugin: pre install is disable
04-29 20:12:16.983 29889 29889 I RedTouchLifeTimeManager: [onReceive] bg action
04-29 20:12:16.983 29889 29889 I shua2022report_SpringHbReportManager: [onReceive] bg action
04-29 20:12:16.993   839   839 I Zygote  : Process 4889 exited due to signal 9 (Killed)
04-29 20:12:16.996  6175 24414 I com.xiaomi.xms: oneway function results for code 3 on binder at 0xb4000073aecc6a80 will be dropped but finished with status UNKNOWN_TRANSACTION
04-29 20:12:16.996  1667  3092 D MIUIInput: [MotionEvent] publisher action=0x4, 98525014, channel '2c2cf71 LauncherOverlayWindow:com.miui.newhome (server)'
04-29 20:12:16.996  1667  3092 D MIUIInput: [MotionEvent] publisher action=0x4, 98525014, channel 'ab73600 LauncherOverlayWindow:com.miui.personalassistant (server)'
04-29 20:12:16.996  1667  3092 D MIUIInput: [MotionEvent] publisher action=0x0, 98525014, channel 'b7cf31a com.miui.home/com.miui.home.launcher.Launcher (server)'
04-29 20:12:16.996  1667  3092 D MIUIInput: [MotionEvent] publisher action=0x0, 98525014, channel 'fbe42e0 com.miui.miwallpaper.wallpaperservice.MiuiKeyguardPictorialWallpaper (server)'
04-29 20:12:16.996  1667  3092 D MIUIInput: [MotionEvent] publisher action=0x0, 98525014, channel '9e3eea0 com.miui.miwallpaper.wallpaperservice.ImageWallpaper (server)'
04-29 20:12:16.997  3828  3828 D EventBus: No subscribers registered for event class com.miui.home.launcher.common.messages.EndSpringAnimatorMessage
04-29 20:12:16.997  3828  3828 D EventBus: No subscribers registered for event class org.greenrobot.eventbus.NoSubscriberEvent
04-29 20:12:16.997  3828  3828 D TaskStackViewTouchHandler: handleTouchEvent, mActiveTaskView=com.miui.home.recents.views.TaskView{9a8074c VFE...CL. ........ 63,992-688,2528}
04-29 20:12:16.998 23420 12395 W AD-PLUGIN-RemoteMethodInvoker: Service[interface com.miui.zeus.msa.app.splashad.aidl.ISplashUIInterface, com.miui.zeus.msa.app.splashad.aidl.ISplashUIInterface$Stub$a@990a5a9] died, remove from reusing-map!
04-29 20:12:17.017  1084  1084 E SDM     : HWCSession::GetClientTargetProperty: GetClinetTargetProperty interface enter
04-29 20:12:17.018  1084  1084 E SDM     : HWCDisplay::GetClientTargetProperty: QIPL: GetClinetTargetProperty func enter
04-29 20:12:17.023  3828  4036 W RenderInspector: QueueBuffer time out on com.miui.home/com.miui.home.launcher.Launcher, count=1, avg=8 ms, max=8 ms.
04-29 20:12:17.026  1084  1084 E SDM     : HWCSession::GetClientTargetProperty: GetClinetTargetProperty interface enter
04-29 20:12:17.026  1084  1084 E SDM     : HWCDisplay::GetClientTargetProperty: QIPL: GetClinetTargetProperty func enter
04-29 20:12:17.030  3828  4052 D MiBridge: requestCpuHighFreq---- uid: 10079 level: 1 timeoutms:400
04-29 20:12:17.030  1877  1958 W MiuiBooster: "MiuiBoosterService requestCpuHighFreq: 10079, 1, 400"
04-29 20:12:17.030  1877  1958 W MiuiBooster: "requestCpuHighFreq,final level:1,final timeoutms:400"
04-29 20:12:17.030  1877  1958 W MiuiBooster: "perf_hint_hc start"
04-29 20:12:17.030  1877  1958 W MiuiBooster: "big_core_value[level-1]:4095"
04-29 20:12:17.030  1877  1958 W MiuiBooster: "little_core_value[level-1]:4095"
04-29 20:12:17.030  1877  1958 W MiuiBooster: "prime_core_value[level - 1]:4095"
04-29 20:12:17.032  1877  1958 W MiuiBooster: "perf_handle:284310"
04-29 20:12:17.033  3828  4052 D MiBridge: requestCpuHighFreq handle: 1
04-29 20:12:17.033  3828  4052 D Launcher_CPUBooster: boostCpuToMax:0
04-29 20:12:17.034  1084  1084 E SDM     : HWCSession::GetClientTargetProperty: GetClinetTargetProperty interface enter
04-29 20:12:17.034  1084  1084 E SDM     : HWCDisplay::GetClientTargetProperty: QIPL: GetClinetTargetProperty func enter
04-29 20:12:17.036  1667  2152 D PerfImpl: perfGetWorkLoadType
04-29 20:12:17.037  1094  1094 E vendor.qti.hardware.perf@2.2-service: Unknown params
04-29 20:12:17.037  1667  2152 D PerfImpl: perfScrollBoost: com.miui.home, -1, 4
04-29 20:12:17.038  1094  1094 E vendor.qti.hardware.perf@2.2-service: Unknown params
04-29 20:12:17.038  1667  2152 D PerfImpl: perfGetWorkLoadType
04-29 20:12:17.038  1094  1094 E vendor.qti.hardware.perf@2.2-service: Unknown params
04-29 20:12:17.038  1667  2152 D PerfImpl: perfDragBoost: com.miui.home, -1, 1
04-29 20:12:17.039  1094  1094 E vendor.qti.hardware.perf@2.2-service: Unknown params
04-29 20:12:17.042  1084  1084 E SDM     : HWCSession::GetClientTargetProperty: GetClinetTargetProperty interface enter
04-29 20:12:17.042  1084  1084 E SDM     : HWCDisplay::GetClientTargetProperty: QIPL: GetClinetTargetProperty func enter
04-29 20:12:17.047  3828  3828 D TaskStackViewTouchHandler: reset by swipe begin
04-29 20:12:17.051  1084  1084 E SDM     : HWCSession::GetClientTargetProperty: GetClinetTargetProperty interface enter
04-29 20:12:17.051  1084  1084 E SDM     : HWCDisplay::GetClientTargetProperty: QIPL: GetClinetTargetProperty func enter
04-29 20:12:17.059  1084  1084 E SDM     : HWCSession::GetClientTargetProperty: GetClinetTargetProperty interface enter
04-29 20:12:17.060  1084  1084 E SDM     : HWCDisplay::GetClientTargetProperty: QIPL: GetClinetTargetProperty func enter
04-29 20:12:17.068  1084  1084 E SDM     : HWCSession::GetClientTargetProperty: GetClinetTargetProperty interface enter
04-29 20:12:17.068  1084  1084 E SDM     : HWCDisplay::GetClientTargetProperty: QIPL: GetClinetTargetProperty func enter
04-29 20:12:17.076  1084  1084 E SDM     : HWCSession::GetClientTargetProperty: GetClinetTargetProperty interface enter
04-29 20:12:17.076  1084  1084 E SDM     : HWCDisplay::GetClientTargetProperty: QIPL: GetClinetTargetProperty func enter
04-29 20:12:17.084  1084  1084 E SDM     : HWCSession::GetClientTargetProperty: GetClinetTargetProperty interface enter
04-29 20:12:17.084  1084  1084 E SDM     : HWCDisplay::GetClientTargetProperty: QIPL: GetClinetTargetProperty func enter
04-29 20:12:17.092  1084  1084 E SDM     : HWCSession::GetClientTargetProperty: GetClinetTargetProperty interface enter
04-29 20:12:17.092  1084  1084 E SDM     : HWCDisplay::GetClientTargetProperty: QIPL: GetClinetTargetProperty func enter
04-29 20:12:17.097  1667  6788 I HapticFeedbackUtil: 5,2
04-29 20:12:17.097  1197  1197 D vendor.hardware.vibratorfeature: configStrengthForEffect id : 5 , strength: 1.000000
04-29 20:12:17.099  1667 13418 D VibrationThread: StartVibrateStep for effect #0
04-29 20:12:17.099  1667  3092 D MIUIInput: [MotionEvent] publisher action=0x1, 98525119, channel 'b7cf31a com.miui.home/com.miui.home.launcher.Launcher (server)'
04-29 20:12:17.099  1667  3092 D MIUIInput: [MotionEvent] publisher action=0x1, 98525119, channel 'fbe42e0 com.miui.miwallpaper.wallpaperservice.MiuiKeyguardPictorialWallpaper (server)'
04-29 20:12:17.099  1667 13418 D VibrationThread: Perform HEAVY_CLICK on vibrator 0
04-29 20:12:17.099  1667  3092 D MIUIInput: [MotionEvent] publisher action=0x1, 98525119, channel '9e3eea0 com.miui.miwallpaper.wallpaperservice.ImageWallpaper (server)'
04-29 20:12:17.100  1197  1197 D vendor.hardware.vibratorfeature: Vibrator perform effect 5
04-29 20:12:17.100  1197  1197 D vendor.hardware.vibratorfeature: uses mCurrMagnitudeExt 1.000000
04-29 20:12:17.100  1197  1197 D vendor.hardware.vibratorfeature: getAmplitudeFromEffectStrength 1.000000
04-29 20:12:17.100  1197  1197 D vendor.hardware.vibratorfeature: return from driver is 20
04-29 20:12:17.100  1197  1197 D vendor.hardware.vibratorfeature: playLengthMs is 70
04-29 20:12:17.101  1197 13419 D vendor.hardware.vibratorfeature: Starting perform on another thread
04-29 20:12:17.101  1084  1084 E SDM     : HWCSession::GetClientTargetProperty: GetClinetTargetProperty interface enter
04-29 20:12:17.101  1084  1084 E SDM     : HWCDisplay::GetClientTargetProperty: QIPL: GetClinetTargetProperty func enter
04-29 20:12:17.101  1667  2152 D PerfImpl: perfGetWorkLoadType
04-29 20:12:17.103  1094  1094 E vendor.qti.hardware.perf@2.2-service: Unknown params
04-29 20:12:17.103  1667  2152 D PerfImpl: perfScrollBoost: com.miui.home, 1205, 2
04-29 20:12:17.104  1094  1094 E vendor.qti.hardware.perf@2.2-service: Unknown params
04-29 20:12:17.105  1667  2152 D PerfImpl: perfGetWorkLoadType
04-29 20:12:17.106  1094  1094 E vendor.qti.hardware.perf@2.2-service: Unknown params
04-29 20:12:17.106  1667  2152 D PerfImpl: perfScrollBoost: com.miui.home, -1, 4
04-29 20:12:17.107  1094  1094 E vendor.qti.hardware.perf@2.2-service: Unknown params
04-29 20:12:17.107  1667  2152 D PerfImpl: perfGetWorkLoadType
04-29 20:12:17.108  1094  1094 E vendor.qti.hardware.perf@2.2-service: Unknown params
04-29 20:12:17.108  1667  2152 D PerfImpl: perfLockRelease
04-29 20:12:17.109  1084  1084 E SDM     : HWCSession::GetClientTargetProperty: GetClinetTargetProperty interface enter
04-29 20:12:17.109  1084  1084 E SDM     : HWCDisplay::GetClientTargetProperty: QIPL: GetClinetTargetProperty func enter
04-29 20:12:17.117  1084  1084 E SDM     : HWCSession::GetClientTargetProperty: GetClinetTargetProperty interface enter
04-29 20:12:17.117  1084  1084 E SDM     : HWCDisplay::GetClientTargetProperty: QIPL: GetClinetTargetProperty func enter
04-29 20:12:17.125  1084  1084 E SDM     : HWCSession::GetClientTargetProperty: GetClinetTargetProperty interface enter
04-29 20:12:17.125  1084  1084 E SDM     : HWCDisplay::GetClientTargetProperty: QIPL: GetClinetTargetProperty func enter
04-29 20:12:17.134  1084  1084 E SDM     : HWCSession::GetClientTargetProperty: GetClinetTargetProperty interface enter
04-29 20:12:17.134  1084  1084 E SDM     : HWCDisplay::GetClientTargetProperty: QIPL: GetClinetTargetProperty func enter
04-29 20:12:17.142  1084  1084 E SDM     : HWCSession::GetClientTargetProperty: GetClinetTargetProperty interface enter
04-29 20:12:17.142  1084  1084 E SDM     : HWCDisplay::GetClientTargetProperty: QIPL: GetClinetTargetProperty func enter
04-29 20:12:17.150  1084  1084 E SDM     : HWCSession::GetClientTargetProperty: GetClinetTargetProperty interface enter
04-29 20:12:17.150  1084  1084 E SDM     : HWCDisplay::GetClientTargetProperty: QIPL: GetClinetTargetProperty func enter
04-29 20:12:17.158  1084  1084 E SDM     : HWCSession::GetClientTargetProperty: GetClinetTargetProperty interface enter
04-29 20:12:17.158  1084  1084 E SDM     : HWCDisplay::GetClientTargetProperty: QIPL: GetClinetTargetProperty func enter
04-29 20:12:17.167  1084  1084 E SDM     : HWCSession::GetClientTargetProperty: GetClinetTargetProperty interface enter
04-29 20:12:17.167  1084  1084 E SDM     : HWCDisplay::GetClientTargetProperty: QIPL: GetClinetTargetProperty func enter
04-29 20:12:17.170  1667 13418 D VibrationThread: Running complete vibration step on vibrator 0
04-29 20:12:17.170  1667 13418 D VibratorManagerService: Vibration 4833 finished with status FINISHED
04-29 20:12:17.171  1197 13419 D vendor.hardware.vibratorfeature: Notifying perform complete
04-29 20:12:17.171  1667  6788 D VibratorManagerService: Vibration 4833 on vibrator 0 complete, notifying thread
04-29 20:12:17.171  1667  6788 D VibrationThread: Vibration complete reported by vibrator 0
04-29 20:12:17.172  1667 13418 D VibrationThread: Turning off vibrator 0
04-29 20:12:17.172  1197  1197 D vendor.hardware.vibratorfeature: QTI Vibrator off
04-29 20:12:17.172  1197  1197 D DynamicEffectThread: pause
04-29 20:12:17.172  1197  1197 D DynamicEffectDevice: FFDevice pause
04-29 20:12:17.172  1667 13418 D VibrationThread: FinishVibrateStep for effect #0
04-29 20:12:17.172  1667 13418 D VibratorManagerService: Vibrators released after finished vibration
04-29 20:12:17.175  1084  1084 E SDM     : HWCSession::GetClientTargetProperty: GetClinetTargetProperty interface enter
04-29 20:12:17.175  1084  1084 E SDM     : HWCDisplay::GetClientTargetProperty: QIPL: GetClinetTargetProperty func enter
04-29 20:12:17.184  1084  1084 E SDM     : HWCSession::GetClientTargetProperty: GetClinetTargetProperty interface enter
04-29 20:12:17.184  1084  1084 E SDM     : HWCDisplay::GetClientTargetProperty: QIPL: GetClinetTargetProperty func enter
04-29 20:12:17.192  1084  1084 E SDM     : HWCSession::GetClientTargetProperty: GetClinetTargetProperty interface enter
04-29 20:12:17.192  1084  1084 E SDM     : HWCDisplay::GetClientTargetProperty: QIPL: GetClinetTargetProperty func enter
04-29 20:12:17.192  5817  5854 I ui.dmregservic: Background concurrent copying GC freed 129003(4560KB) AllocSpace objects, 3(37MB) LOS objects, 12% free, 165MB/189MB, paused 16.080ms total 235.695ms
04-29 20:12:17.200  1084  1084 E SDM     : HWCSession::GetClientTargetProperty: GetClinetTargetProperty interface enter
04-29 20:12:17.200  1084  1084 E SDM     : HWCDisplay::GetClientTargetProperty: QIPL: GetClinetTargetProperty func enter
04-29 20:12:17.208  1084  1084 E SDM     : HWCSession::GetClientTargetProperty: GetClinetTargetProperty interface enter
04-29 20:12:17.208  1084  1084 E SDM     : HWCDisplay::GetClientTargetProperty: QIPL: GetClinetTargetProperty func enter
