04-29 20:12:17.740  1084  1084 E SDM     : HWCDisplay::GetClientTargetProperty: QIPL: GetClinetTargetProperty func enter
04-29 20:12:17.742 12983 13114 D MeasureCore: filter report for key=cold_init_code reason = COM_LIMIT
04-29 20:12:17.749  1084  1084 E SDM     : HWCSession::GetClientTargetProperty: GetClinetTargetProperty interface enter
04-29 20:12:17.749  1084  1084 E SDM     : HWCDisplay::GetClientTargetProperty: QIPL: GetClinetTargetProperty func enter
04-29 20:12:17.757  1084  1084 E SDM     : HWCSession::GetClientTargetProperty: GetClinetTargetProperty interface enter
04-29 20:12:17.757  1084  1084 E SDM     : HWCDisplay::GetClientTargetProperty: QIPL: GetClinetTargetProperty func enter
04-29 20:12:17.765  1084  1084 E SDM     : HWCSession::GetClientTargetProperty: GetClinetTargetProperty interface enter
04-29 20:12:17.765  1084  1084 E SDM     : HWCDisplay::GetClientTargetProperty: QIPL: GetClinetTargetProperty func enter
04-29 20:12:17.774  1084  1084 E SDM     : HWCSession::GetClientTargetProperty: GetClinetTargetProperty interface enter
04-29 20:12:17.774  1084  1084 E SDM     : HWCDisplay::GetClientTargetProperty: QIPL: GetClinetTargetProperty func enter
04-29 20:12:17.782  1084  1084 E SDM     : HWCSession::GetClientTargetProperty: GetClinetTargetProperty interface enter
04-29 20:12:17.782  1084  1084 E SDM     : HWCDisplay::GetClientTargetProperty: QIPL: GetClinetTargetProperty func enter
04-29 20:12:17.790  1084  1084 E SDM     : HWCSession::GetClientTargetProperty: GetClinetTargetProperty interface enter
04-29 20:12:17.790  1084  1084 E SDM     : HWCDisplay::GetClientTargetProperty: QIPL: GetClinetTargetProperty func enter
04-29 20:12:17.791   991 25482 D vendor.qti.bluetooth@1.0-wake_lock: Release wakelock is released 
04-29 20:12:17.792  3828  4057 E Launcher.Transfer: transfer is closed
04-29 20:12:17.799  1084  1084 E SDM     : HWCSession::GetClientTargetProperty: GetClinetTargetProperty interface enter
04-29 20:12:17.799  1084  1084 E SDM     : HWCDisplay::GetClientTargetProperty: QIPL: GetClinetTargetProperty func enter
04-29 20:12:17.807  1084  1084 E SDM     : HWCSession::GetClientTargetProperty: GetClinetTargetProperty interface enter
04-29 20:12:17.807  1084  1084 E SDM     : HWCDisplay::GetClientTargetProperty: QIPL: GetClinetTargetProperty func enter
04-29 20:12:17.815  1084  1084 E SDM     : HWCSession::GetClientTargetProperty: GetClinetTargetProperty interface enter
04-29 20:12:17.815  1084  1084 E SDM     : HWCDisplay::GetClientTargetProperty: QIPL: GetClinetTargetProperty func enter
04-29 20:12:17.823  1084  1084 E SDM     : HWCSession::GetClientTargetProperty: GetClinetTargetProperty interface enter
04-29 20:12:17.823  1084  1084 E SDM     : HWCDisplay::GetClientTargetProperty: QIPL: GetClinetTargetProperty func enter
04-29 20:12:17.832  1084  1084 E SDM     : HWCSession::GetClientTargetProperty: GetClinetTargetProperty interface enter
04-29 20:12:17.832  1084  1084 E SDM     : HWCDisplay::GetClientTargetProperty: QIPL: GetClinetTargetProperty func enter
04-29 20:12:17.829  1094  1094 W perf@2.2-servic: type=1400 audit(0.0:871448): avc: denied { read } for name="cmdline" dev="proc" ino=15642827 scontext=u:r:vendor_hal_perf_default:s0 tcontext=u:r:hal_graphics_composer_default:s0 tclass=file permissive=0
04-29 20:12:17.829  1094  1094 W perf@2.2-servic: type=1400 audit(0.0:871449): avc: denied { read } for name="comm" dev="proc" ino=15644838 scontext=u:r:vendor_hal_perf_default:s0 tcontext=u:r:hal_graphics_composer_default:s0 tclass=file permissive=0
04-29 20:12:17.829  1094  1094 W perf@2.2-servic: type=1400 audit(0.0:871450): avc: denied { sys_nice } for capability=23 scontext=u:r:vendor_hal_perf_default:s0 tcontext=u:r:vendor_hal_perf_default:s0 tclass=capability permissive=0
04-29 20:12:17.840  1084  1084 E SDM     : HWCSession::GetClientTargetProperty: GetClinetTargetProperty interface enter
04-29 20:12:17.840  1084  1084 E SDM     : HWCDisplay::GetClientTargetProperty: QIPL: GetClinetTargetProperty func enter
04-29 20:12:17.837  1094  1094 W perf@2.2-servic: type=1400 audit(0.0:871451): avc: denied { read } for name="cmdline" dev="proc" ino=15642827 scontext=u:r:vendor_hal_perf_default:s0 tcontext=u:r:hal_graphics_composer_default:s0 tclass=file permissive=0
04-29 20:12:17.837  1094  1094 W perf@2.2-servic: type=1400 audit(0.0:871452): avc: denied { read } for name="comm" dev="proc" ino=15644838 scontext=u:r:vendor_hal_perf_default:s0 tcontext=u:r:hal_graphics_composer_default:s0 tclass=file permissive=0
04-29 20:12:17.848  1084  1084 E SDM     : HWCSession::GetClientTargetProperty: GetClinetTargetProperty interface enter
04-29 20:12:17.848  1084  1084 E SDM     : HWCDisplay::GetClientTargetProperty: QIPL: GetClinetTargetProperty func enter
04-29 20:12:17.856  1084  1084 E SDM     : HWCSession::GetClientTargetProperty: GetClinetTargetProperty interface enter
04-29 20:12:17.857  1084  1084 E SDM     : HWCDisplay::GetClientTargetProperty: QIPL: GetClinetTargetProperty func enter
04-29 20:12:17.865  1084  1084 E SDM     : HWCSession::GetClientTargetProperty: GetClinetTargetProperty interface enter
04-29 20:12:17.865  1084  1084 E SDM     : HWCDisplay::GetClientTargetProperty: QIPL: GetClinetTargetProperty func enter
04-29 20:12:17.873  1084  1084 E SDM     : HWCSession::GetClientTargetProperty: GetClinetTargetProperty interface enter
04-29 20:12:17.873  1084  1084 E SDM     : HWCDisplay::GetClientTargetProperty: QIPL: GetClinetTargetProperty func enter
04-29 20:12:17.873  1667  2157 W MiuiFreeFormGesturePointerEventListener: setMiuiFreeFormTouchExcludeRegion mTouchExcludeRegion = SkRegion((0,0,1440,137))
04-29 20:12:17.881  1667  2157 W MiuiFreeFormGesturePointerEventListener: setMiuiFreeFormTouchExcludeRegion mTouchExcludeRegion = SkRegion((0,0,1440,137))
04-29 20:12:17.882  1084  1084 E SDM     : HWCSession::GetClientTargetProperty: GetClinetTargetProperty interface enter
04-29 20:12:17.882  1084  1084 E SDM     : HWCDisplay::GetClientTargetProperty: QIPL: GetClinetTargetProperty func enter
04-29 20:12:17.890  1084  1084 E SDM     : HWCSession::GetClientTargetProperty: GetClinetTargetProperty interface enter
04-29 20:12:17.890  1084  1084 E SDM     : HWCDisplay::GetClientTargetProperty: QIPL: GetClinetTargetProperty func enter
04-29 20:12:17.891  3828  3828 D Launcher_UnlockAnimationStateMachine: mResetIdleStateRunnable
04-29 20:12:17.898  1084  1084 E SDM     : HWCSession::GetClientTargetProperty: GetClinetTargetProperty interface enter
04-29 20:12:17.898  1084  1084 E SDM     : HWCDisplay::GetClientTargetProperty: QIPL: GetClinetTargetProperty func enter
04-29 20:12:17.906  1084  1084 E SDM     : HWCSession::GetClientTargetProperty: GetClinetTargetProperty interface enter
04-29 20:12:17.906  1084  1084 E SDM     : HWCDisplay::GetClientTargetProperty: QIPL: GetClinetTargetProperty func enter
04-29 20:12:17.914  1084  1084 E SDM     : HWCSession::GetClientTargetProperty: GetClinetTargetProperty interface enter
04-29 20:12:17.914  1084  1084 E SDM     : HWCDisplay::GetClientTargetProperty: QIPL: GetClinetTargetProperty func enter
04-29 20:12:17.923  1084  1084 E SDM     : HWCSession::GetClientTargetProperty: GetClinetTargetProperty interface enter
04-29 20:12:17.923  1084  1084 E SDM     : HWCDisplay::GetClientTargetProperty: QIPL: GetClinetTargetProperty func enter
04-29 20:12:17.931  1084  1084 E SDM     : HWCSession::GetClientTargetProperty: GetClinetTargetProperty interface enter
04-29 20:12:17.931  1084  1084 E SDM     : HWCDisplay::GetClientTargetProperty: QIPL: GetClinetTargetProperty func enter
04-29 20:12:17.939  1084  1084 E SDM     : HWCSession::GetClientTargetProperty: GetClinetTargetProperty interface enter
04-29 20:12:17.939  1084  1084 E SDM     : HWCDisplay::GetClientTargetProperty: QIPL: GetClinetTargetProperty func enter
04-29 20:12:17.948  1084  1084 E SDM     : HWCSession::GetClientTargetProperty: GetClinetTargetProperty interface enter
04-29 20:12:17.948  1084  1084 E SDM     : HWCDisplay::GetClientTargetProperty: QIPL: GetClinetTargetProperty func enter
04-29 20:12:17.956  1084  1084 E SDM     : HWCSession::GetClientTargetProperty: GetClinetTargetProperty interface enter
04-29 20:12:17.956  1084  1084 E SDM     : HWCDisplay::GetClientTargetProperty: QIPL: GetClinetTargetProperty func enter
04-29 20:12:17.964  1084  1084 E SDM     : HWCSession::GetClientTargetProperty: GetClinetTargetProperty interface enter
04-29 20:12:17.964  1084  1084 E SDM     : HWCDisplay::GetClientTargetProperty: QIPL: GetClinetTargetProperty func enter
04-29 20:12:17.972  1084  1084 E SDM     : HWCSession::GetClientTargetProperty: GetClinetTargetProperty interface enter
04-29 20:12:17.972  1084  1084 E SDM     : HWCDisplay::GetClientTargetProperty: QIPL: GetClinetTargetProperty func enter
04-29 20:12:17.981  1084  1084 E SDM     : HWCSession::GetClientTargetProperty: GetClinetTargetProperty interface enter
04-29 20:12:17.981  1084  1084 E SDM     : HWCDisplay::GetClientTargetProperty: QIPL: GetClinetTargetProperty func enter
04-29 20:12:17.989  1084  1084 E SDM     : HWCSession::GetClientTargetProperty: GetClinetTargetProperty interface enter
04-29 20:12:17.989  1084  1084 E SDM     : HWCDisplay::GetClientTargetProperty: QIPL: GetClinetTargetProperty func enter
04-29 20:12:17.997  1084  1084 E SDM     : HWCSession::GetClientTargetProperty: GetClinetTargetProperty interface enter
04-29 20:12:17.998  1084  1084 E SDM     : HWCDisplay::GetClientTargetProperty: QIPL: GetClinetTargetProperty func enter
04-29 20:12:18.006  1084  1084 E SDM     : HWCSession::GetClientTargetProperty: GetClinetTargetProperty interface enter
04-29 20:12:18.006  1084  1084 E SDM     : HWCDisplay::GetClientTargetProperty: QIPL: GetClinetTargetProperty func enter
04-29 20:12:18.014  1084  1084 E SDM     : HWCSession::GetClientTargetProperty: GetClinetTargetProperty interface enter
04-29 20:12:18.014  1084  1084 E SDM     : HWCDisplay::GetClientTargetProperty: QIPL: GetClinetTargetProperty func enter
04-29 20:12:18.022  1084  1084 E SDM     : HWCSession::GetClientTargetProperty: GetClinetTargetProperty interface enter
04-29 20:12:18.022  1084  1084 E SDM     : HWCDisplay::GetClientTargetProperty: QIPL: GetClinetTargetProperty func enter
04-29 20:12:18.031  1084  1084 E SDM     : HWCSession::GetClientTargetProperty: GetClinetTargetProperty interface enter
04-29 20:12:18.031  1084  1084 E SDM     : HWCDisplay::GetClientTargetProperty: QIPL: GetClinetTargetProperty func enter
04-29 20:12:18.039  1084  1084 E SDM     : HWCSession::GetClientTargetProperty: GetClinetTargetProperty interface enter
04-29 20:12:18.039  1084  1084 E SDM     : HWCDisplay::GetClientTargetProperty: QIPL: GetClinetTargetProperty func enter
04-29 20:12:18.047  1084  1084 E SDM     : HWCSession::GetClientTargetProperty: GetClinetTargetProperty interface enter
04-29 20:12:18.047  1084  1084 E SDM     : HWCDisplay::GetClientTargetProperty: QIPL: GetClinetTargetProperty func enter
04-29 20:12:18.056  1084  1084 E SDM     : HWCSession::GetClientTargetProperty: GetClinetTargetProperty interface enter
04-29 20:12:18.056  1084  1084 E SDM     : HWCDisplay::GetClientTargetProperty: QIPL: GetClinetTargetProperty func enter
04-29 20:12:18.064  1084  1084 E SDM     : HWCSession::GetClientTargetProperty: GetClinetTargetProperty interface enter
04-29 20:12:18.064  1084  1084 E SDM     : HWCDisplay::GetClientTargetProperty: QIPL: GetClinetTargetProperty func enter
04-29 20:12:18.072  1084  1084 E SDM     : HWCSession::GetClientTargetProperty: GetClinetTargetProperty interface enter
04-29 20:12:18.072  1084  1084 E SDM     : HWCDisplay::GetClientTargetProperty: QIPL: GetClinetTargetProperty func enter
04-29 20:12:18.080  1084  1084 E SDM     : HWCSession::GetClientTargetProperty: GetClinetTargetProperty interface enter
04-29 20:12:18.080  1084  1084 E SDM     : HWCDisplay::GetClientTargetProperty: QIPL: GetClinetTargetProperty func enter
04-29 20:12:18.089  1084  1084 E SDM     : HWCSession::GetClientTargetProperty: GetClinetTargetProperty interface enter
04-29 20:12:18.089  1084  1084 E SDM     : HWCDisplay::GetClientTargetProperty: QIPL: GetClinetTargetProperty func enter
04-29 20:12:18.089   993  2831 E CamX    : [ERROR][NCS    ] camxncsintfqsee.cpp:2515 FillSensorData() Invalid sensor index -1
04-29 20:12:18.097  1084  1084 E SDM     : HWCSession::GetClientTargetProperty: GetClinetTargetProperty interface enter
04-29 20:12:18.097  1084  1084 E SDM     : HWCDisplay::GetClientTargetProperty: QIPL: GetClinetTargetProperty func enter
04-29 20:12:18.105  1084  1084 E SDM     : HWCSession::GetClientTargetProperty: GetClinetTargetProperty interface enter
04-29 20:12:18.105  1084  1084 E SDM     : HWCDisplay::GetClientTargetProperty: QIPL: GetClinetTargetProperty func enter
04-29 20:12:18.114  1084  1084 E SDM     : HWCSession::GetClientTargetProperty: GetClinetTargetProperty interface enter
04-29 20:12:18.114  1084  1084 E SDM     : HWCDisplay::GetClientTargetProperty: QIPL: GetClinetTargetProperty func enter
04-29 20:12:18.122  1084  1084 E SDM     : HWCSession::GetClientTargetProperty: GetClinetTargetProperty interface enter
04-29 20:12:18.122  1084  1084 E SDM     : HWCDisplay::GetClientTargetProperty: QIPL: GetClinetTargetProperty func enter
04-29 20:12:18.130  1084  1084 E SDM     : HWCSession::GetClientTargetProperty: GetClinetTargetProperty interface enter
04-29 20:12:18.130  1084  1084 E SDM     : HWCDisplay::GetClientTargetProperty: QIPL: GetClinetTargetProperty func enter
04-29 20:12:18.138  1084  1084 E SDM     : HWCSession::GetClientTargetProperty: GetClinetTargetProperty interface enter
04-29 20:12:18.139  1084  1084 E SDM     : HWCDisplay::GetClientTargetProperty: QIPL: GetClinetTargetProperty func enter
04-29 20:12:18.147  1084  1084 E SDM     : HWCSession::GetClientTargetProperty: GetClinetTargetProperty interface enter
04-29 20:12:18.147  1084  1084 E SDM     : HWCDisplay::GetClientTargetProperty: QIPL: GetClinetTargetProperty func enter
04-29 20:12:18.152  3828  3828 W DimLayer: removeDimLayer
04-29 20:12:18.152  3828  3828 D StateManager: goToState  state=LauncherState   anim=false
04-29 20:12:18.155  1084  1084 E SDM     : HWCSession::GetClientTargetProperty: GetClinetTargetProperty interface enter
04-29 20:12:18.155  3828  3828 E LauncherAnimationRunner: finish: mFinishRunnable.run
04-29 20:12:18.155  1084  1084 E SDM     : HWCDisplay::GetClientTargetProperty: QIPL: GetClinetTargetProperty func enter
04-29 20:12:18.155  3828  3828 E OverviewState: onExitState
04-29 20:12:18.156  3828  3828 D StateManager: LauncherState changed, from com.miui.home.recents.OverviewState@1cec76d to com.miui.home.launcher.LauncherState@7e26384
04-29 20:12:18.156  3828  3828 D Launcher: notifyBackGestureStatus
04-29 20:12:18.156  3828  3828 E RotationHelper: setCurrentStateRequest: request=0
04-29 20:12:18.156  3828  3828 E StateManager: setWorkspaceProperty  state=LauncherState
04-29 20:12:18.156  3828  3828 E StateManager: setShortcutMenuLayerProperty  state=LauncherState   alpha=1.0   scale=1.0
04-29 20:12:18.156  3828  3951 D RecentsContainer: notifyRecentTaskState: false
04-29 20:12:18.157  3828  3828 E RecentsViewStateController: setState: state=LauncherState
04-29 20:12:18.157  3828  3828 E RecentsViewStateController: set RecentsContainer GONE when setState without animation
04-29 20:12:18.157  3828  3828 E BlurUtils: fastBlur ratio=0.0   withAnim=false   sBlurRatioValue=1.0
04-29 20:12:18.157  3828  3828 E BlurUtils: fastBlurDirectly ratio=0.0   win=com.android.internal.policy.PhoneWindow@a322d51
04-29 20:12:18.157  3828  3828 W BlurUtils: save blur ratio:0.0 for window: com.android.internal.policy.PhoneWindow@a322d51
04-29 20:12:18.157  3828  3828 E RotationHelper: setCurrentStateRequest: request=0
04-29 20:12:18.160  1667  2157 W MiuiFreeFormGesturePointerEventListener: setMiuiFreeFormTouchExcludeRegion mTouchExcludeRegion = SkRegion((0,0,1440,137))
04-29 20:12:18.161  1667  3127 I MiuiNetworkPolicy: updateUidState uid = 10079, uidState = 5
04-29 20:12:18.161  1667  3127 I MiuiNetworkPolicyTrafficLimit: updateWhiteListUidForMobileTraffic uid=10079,add=false
04-29 20:12:18.161   838   930 E traffic : remove TrafficMobileLimiter whitelist 10079
04-29 20:12:18.162  5775  5794 D LauncherOverlay: closeOverlay:0
04-29 20:12:18.164 21350 22138 D LauncherOverlay: closeOverlay:0
04-29 20:12:18.167  1667  2157 W MiuiFreeFormGesturePointerEventListener: setMiuiFreeFormTouchExcludeRegion mTouchExcludeRegion = SkRegion((0,0,1440,137))
04-29 20:12:18.167  3828  3828 D Launcher.Lifecycle: onStop:UserHandle{0},db65ee8,false
04-29 20:12:18.167  7761  8317 I DisplayFrameSetting: homeToAppEnd pkg=com.example.newag
04-29 20:12:18.168  3828  3951 E Launcher: notifyBackGestureStatus:run usingFsGesture=true   show=true   focus=false   pause=true
04-29 20:12:18.169 21350 21363 D LauncherOverlay: setActivityState:0
04-29 20:12:18.169  3828  3828 W Launcher.Workspace: MiuiHome:onSaveInstanceState
04-29 20:12:18.169  3828  3828 W ScreenView_Workspace: MiuiHome:onSaveInstanceState
04-29 20:12:18.169  3828  3828 W ScreenView_HotSeats: MiuiHome:onSaveInstanceState
04-29 20:12:18.169  3828  3828 W ScreenView_RecommendAppsThumbnailView: MiuiHome:onSaveInstanceState
04-29 20:12:18.169  3828  3828 W ScreenView_WorkspaceThumbnailView: MiuiHome:onSaveInstanceState
04-29 20:12:18.169  3828  3828 W ScreenView_EditingEntryThumbnailView: MiuiHome:onSaveInstanceState
04-29 20:12:18.169  3828  3828 W ViewPager: MiuiHome:onSaveInstanceState
04-29 20:12:18.169  3828  3828 W ScreenView_DeleteIconContainer: MiuiHome:onSaveInstanceState
04-29 20:12:18.170  5775  5498 D LauncherOverlay: setActivityState:0
04-29 20:12:18.170 23021 23161 D IdProviderImpl: getOAID
04-29 20:12:18.170  1667  2157 W MiuiFreeFormGesturePointerEventListener: setMiuiFreeFormTouchExcludeRegion mTouchExcludeRegion = SkRegion((0,0,1440,137))
04-29 20:12:18.172  1667  6891 W MiuiFreeFormGesturePointerEventListener: setMiuiFreeFormTouchExcludeRegion mTouchExcludeRegion = SkRegion((0,0,1440,137))
04-29 20:12:18.173 21350 21350 D LauncherOverlay.SlidingWindow: hideOverlay:0
04-29 20:12:18.173 21350 21350 D LauncherOverlay.Window: onStop
04-29 20:12:18.174  1667  3127 D MiuiNetworkPolicyTrafficLimit: updateWhiteListUidForMobileTraffic rst=true
04-29 20:12:18.174  1667  3127 I MiuiNetworkPolicy: updateUidState uid = 10239, uidState = 5
04-29 20:12:18.174  1667  3127 I MiuiNetworkPolicyTrafficLimit: updateWhiteListUidForMobileTraffic uid=10239,add=false
04-29 20:12:18.174  1667  3542 W MiuiFreeFormGesturePointerEventListener: setMiuiFreeFormTouchExcludeRegion mTouchExcludeRegion = SkRegion((0,0,1440,137))
04-29 20:12:18.174  1667  3127 I MiuiNetworkPolicy: updateUidState uid = 10148, uidState = 4
04-29 20:12:18.174  1667  3127 I MiuiNetworkPolicy: updateUidState uid = 10139, uidState = 4
04-29 20:12:18.174  1667  3127 I MiuiNetworkPolicy: updateUidState uid = 10099, uidState = 5
04-29 20:12:18.174  1667  3127 I MiuiNetworkPolicyTrafficLimit: updateWhiteListUidForMobileTraffic uid=10099,add=false
04-29 20:12:18.174   838   930 E traffic : remove TrafficMobileLimiter whitelist 10239
04-29 20:12:18.177  5775  5775 D LauncherOverlay.SlidingWindow: hideOverlay:0
04-29 20:12:18.177  5775  5775 D LauncherOverlay.Window: onStop
04-29 20:12:18.178  1667  6891 W MiuiFreeFormGesturePointerEventListener: setMiuiFreeFormTouchExcludeRegion mTouchExcludeRegion = SkRegion((0,0,1440,137))
04-29 20:12:18.178  1667  3127 D MiuiNetworkPolicyTrafficLimit: updateWhiteListUidForMobileTraffic rst=true
04-29 20:12:18.178   838   930 E traffic : remove TrafficMobileLimiter whitelist 10099
04-29 20:12:18.181  1667  3127 D MiuiNetworkPolicyTrafficLimit: updateWhiteListUidForMobileTraffic rst=true
04-29 20:12:18.182  1667  2157 W MiuiFreeFormGesturePointerEventListener: setMiuiFreeFormTouchExcludeRegion mTouchExcludeRegion = SkRegion((0,0,1440,137))
04-29 20:12:18.191  1273  1273 D MI-SF   : Launcher Changed hasLauncher=0
04-29 20:12:18.256  3828  3828 D Launcher_WallpaperUtils: changeStatusBarMode:false
04-29 20:12:18.256  3828  3951 D StatusBarController: handleMessage: flag 800000  disable false
04-29 20:12:18.325 11241 11324 D MemoryCeilingMonitor: [handleMemoryCalculate]
04-29 20:12:18.326 11241 11324 D MemoryCeilingMonitor: [calculate] tot: 8105935, max: 268435456, free: 3749463, heap: 4356472, per: 0.01622912287712097
04-29 20:12:18.494 29889 30624 W encent.mobileq: Long monitor contention with owner ToggleThread (30619) at java.util.ArrayList com.tencent.ft.db.DBManager.a(java.lang.String)(P:128) waiters=0 in void com.tencent.ft.db.DBManager.a(com.tencent.ft.net.model.FeatureTriggerEvent, java.lang.String) for 1.603s
04-29 20:12:18.889   993  2831 E CamX    : [ERROR][NCS    ] camxncsintfqsee.cpp:2515 FillSensorData() Invalid sensor index -1
04-29 20:12:19.172  1273  1422 D RefreshRateConfigs: TouchBoost - choose 120.00fps
04-29 20:12:19.432   981  1164 E minksocket: MinkIPC_QRTR_Service: client with node 1 port 4a1b went down
04-29 20:12:19.433   981  1164 E minksocket: MinkIPC_QRTR_Service: client with node 1 port 4a1c went down
04-29 20:12:19.433   981  1164 E minksocket: MinkIPC_QRTR_Service: client with node 1 port 4a1d went down
04-29 20:12:19.435   981  1164 E minksocket: MinkIPC_QRTR_Service: client with node 1 port 4a1f went down
04-29 20:12:19.436   981  1164 E minksocket: MinkIPC_QRTR_Service: client with node 1 port 4a20 went down
04-29 20:12:19.436   981  1164 E minksocket: MinkIPC_QRTR_Service: client with node 1 port 4a21 went down
04-29 20:12:19.697  1667  3937 I Tethering: [OffloadController] notifyAlertReached
04-29 20:12:19.728 29889 13358 E mqq     : can not send intent ,false|true|false
04-29 20:12:20.166   991 25531 I vendor.qti.bluetooth@1.0-ibs_handler: ProcessIbsCmd: Received IBS_WAKE_IND: 0xFD
04-29 20:12:20.166   991 25531 D vendor.qti.bluetooth@1.0-ibs_handler: SerialClockVote: vote for UART CLK ON
04-29 20:12:20.166   991 25531 D vendor.qti.bluetooth@1.0-wake_lock: Acquire wakelock is acquired 
04-29 20:12:20.166   991 25531 I vendor.qti.bluetooth@1.0-ibs_handler: ProcessIbsCmd: Writing IBS_WAKE_ACK
04-29 20:12:20.174  4180 25616 D MiuiMiHomeConnectController: getDeviceTimes
04-29 20:12:20.175  4180 25616 D MiuiMiHomeConnectController: result.getRssi = -7400:00:00:D6:76:FD
04-29 20:12:20.179  4180 25616 D MiuiMiHomeDownloadManager: check local file : null
04-29 20:12:20.179  4180 25616 D MiuiMiHomeDownloadManager: device: 4944    return rssiNum: -50
04-29 20:12:20.179  4180 25616 D MiuiMiHomeConnectController: rssi num is not fit cloud data 
04-29 20:12:20.207   991 25531 I vendor.qti.bluetooth@1.0-ibs_handler: ProcessIbsCmd: Received IBS_SLEEP_IND: 0xFE
04-29 20:12:20.207   991 25531 D vendor.qti.bluetooth@1.0-ibs_handler: SerialClockVote: vote for UART CLK OFF
04-29 20:12:20.288  1273  2320 W VsyncModulator: setTransactionSchedule: Unexpected EarlyEnd
04-29 20:12:20.288  1094  1094 E vendor.qti.hardware.perf@2.2-service: Unknown params
04-29 20:12:20.289  1094  1117 E ANDR-PERF-OPTSHANDLER: Can't process request: noroot_thread is not running
04-29 20:12:20.285  1094  1094 W perf@2.2-servic: type=1400 audit(0.0:871569): avc: denied { search } for name="1273" dev="proc" ino=15645186 scontext=u:r:vendor_hal_perf_default:s0 tcontext=u:r:surfaceflinger:s0 tclass=dir permissive=0
04-29 20:12:20.289  1094  1117 E ANDR-PERF-RESOURCEQS: Failed to apply optimization [7, 3]
04-29 20:12:20.285  1094  1094 W perf@2.2-servic: type=1400 audit(0.0:871570): avc: denied { search } for name="1273" dev="proc" ino=15645186 scontext=u:r:vendor_hal_perf_default:s0 tcontext=u:r:surfaceflinger:s0 tclass=dir permissive=0
04-29 20:12:20.357   991 25482 D vendor.qti.bluetooth@1.0-wake_lock: Release wakelock is released 
04-29 20:12:20.433   981  1164 E minksocket: MinkIPC_QRTR_Service: client with node 1 port 4a1e went down
04-29 20:12:20.434   981  1164 E minksocket: MinkIPC_QRTR_Service: client with node 1 port 4a22 went down
04-29 20:12:20.675  4180 25616 D MiuiFastConnectService: stopBleScan: scanning: true
04-29 20:12:20.675  4180 25616 D BluetoothAdapter: isLeEnabled(): ON
04-29 20:12:20.677 25358 25383 D BtGatt.GattService: stopScan() - queue size =1
04-29 20:12:20.679 25358 25477 I BtGatt.ScanManager: msg.what = 1
04-29 20:12:20.679 25358 25477 D BtGatt.ScanManager: stop scan
04-29 20:12:20.680   991   991 D vendor.qti.bluetooth@1.0-ibs_handler: SerialClockVote: vote for UART CLK ON
04-29 20:12:20.680   991   991 D vendor.qti.bluetooth@1.0-wake_lock: Acquire wakelock is acquired 
04-29 20:12:20.680 25358 25383 D BtGatt.GattService: unregisterScanner() - scannerId=7
04-29 20:12:20.680   991   991 I vendor.qti.bluetooth@1.0-ibs_handler: DeviceWakeUp: Writing IBS_WAKE_IND
04-29 20:12:20.681 25358 25534 V bt_stack: [VERBOSE1:gatt_api.cc(1276)] GATT_Deregister gatt_if=7
04-29 20:12:20.681 25358 25534 V bt_stack: [VERBOSE1:connection_manager.cc(161)] on_app_deregistered : app_id 0x07
04-29 20:12:20.686   991 25531 I vendor.qti.bluetooth@1.0-ibs_handler: ProcessIbsCmd: Received IBS_WAKE_ACK: 0xFC
04-29 20:12:20.686   991 25531 I vendor.qti.bluetooth@1.0-ibs_handler: ProcessIbsCmd: Signal wack_cond_
04-29 20:12:20.686   991   991 D vendor.qti.bluetooth@1.0-ibs_handler: DeviceWakeUp: Unblocked from waiting for FC, pthread_cond_timedwait ret = 0
04-29 20:12:20.687  4180 25616 D MiuiFastConnectService: handleMessage: MSG_START_BLE_SCAN
04-29 20:12:20.687  4180 25616 D BluetoothAdapter: isLeEnabled(): ON
04-29 20:12:20.687  4180 25616 D BluetoothLeImp: isRoutingAllowedForScanStub
04-29 20:12:20.688 25358 25383 D BtGatt.GattService: registerScanner() - UUID=a7649ec6-ca1b-4dee-87cf-e92979aba3f3
04-29 20:12:20.689   991 25531 I vendor.qti.bluetooth@1.0-ibs_handler: ProcessIbsCmd: Received IBS_WAKE_IND: 0xFD
04-29 20:12:20.689   991 25531 I vendor.qti.bluetooth@1.0-ibs_handler: ProcessIbsCmd: Writing IBS_WAKE_ACK
04-29 20:12:20.689 25358 25534 V bt_stack: [VERBOSE1:bta_gattc_act.cc(210)] bta_gattc_register: state:2
04-29 20:12:20.689 25358 25534 I bt_stack: [INFO:gatt_api.cc(1229)] GATT_Register 12e85b22-2a13-9610-a5d7-c24cce66bf51
04-29 20:12:20.689 25358 25534 I bt_stack: [INFO:gatt_api.cc(1250)] allocated gatt_if=7
04-29 20:12:20.689 25358 25534 V bt_stack: [VERBOSE1:gatt_api.cc(1375)] GATT_StartIf gatt_if=7
04-29 20:12:20.689 25358 25534 V bt_stack: [VERBOSE1:gatt_utils.cc(289)] gatt_find_the_connected_bda start_idx=0
04-29 20:12:20.689 25358 25534 V bt_stack: [VERBOSE1:gatt_utils.cc(301)]  found=0 found_idx=10
04-29 20:12:20.689 25358 25460 D BtGatt.GattService: onScannerRegistered() - UUID=a7649ec6-ca1b-4dee-87cf-e92979aba3f3, scannerId=7, status=0
04-29 20:12:20.690  4180  8720 D BluetoothLeScanner: onScannerRegistered() - status=0 scannerId=7 mScannerId=0
04-29 20:12:20.690 25358 25460 D BtGatt.GattService: onScanFilterParamsConfigured() - clientIf=7, status=0, action=1, availableSpace=59
04-29 20:12:20.690 25358 25460 D BtGatt.ScanManager: callback done for scannerId - 7 status - 0
04-29 20:12:20.692 25358 25383 D BtGatt.GattService: start scan with filters. callingPackage: com.xiaomi.bluetooth
04-29 20:12:20.695 25358 25460 D BtGatt.GattService: onScanFilterParamsConfigured() - clientIf=7, status=0, action=1, availableSpace=60
04-29 20:12:20.695 25358 25460 D BtGatt.ScanManager: callback done for scannerId - 7 status - 0
04-29 20:12:20.695 25358 25383 E BtGatt.GattService:  [Landroid.content.pm.ServiceInfo;@a728610
04-29 20:12:20.696 25358 25383 D BtGatt.GattService: enforcePrivilegedPermissionIfNeeded([BluetoothLeScanFilter [mDeviceName=null, mDeviceAddress=null, mUuid=null, mUuidMask=null, mServiceSolicitationUuid=null, mServiceSolicitationUuidMask=null, mServiceDataUuid=null, mServiceData=null, mServiceDataMask=null, mManufacturerId=911, mManufacturerData=[], mManufacturerDataMask=null, mOrganizationId=-1, mTDSFlags=-1, mTDSFlagsMask=-1, mWifiNANHash=null], mGroupBasedFiltering=false, BluetoothLeScanFilter [mDeviceName=null, mDeviceAddress=null, mUuid=null, mUuidMask=null, mServiceSolicitationUuid=null, mServiceSolicitationUuidMask=null, mServiceDataUuid=null, mServiceData=null, mServiceDataMask=null, mManufacturerId=65535, mManufacturerData=[77], mManufacturerDataMask=null, mOrganizationId=-1, mTDSFlags=-1, mTDSFlagsMask=-1, mWifiNANHash=null], mGroupBasedFiltering=false, BluetoothLeScanFilter [mDeviceName=null, mDeviceAddress=null, mUuid=null, mUuidMask=null, mServiceSolicitationUuid=null, mServiceSolicitationUuidMask=null, mServiceDataUuid=0000fe95-0000-1000-8000-00805f9b34fb, mServiceData=[], mServiceDataMask=null, mManufacturerId=-1, mManufacturerData=null, mManufacturerDataMask=null, mOrganizationId=-1, mTDSFlags=-1, mTDSFlagsMask=-1, mWifiNANHash=null], mGroupBasedFiltering=false, BluetoothLeScanFilter [mDeviceName=null, mDeviceAddress=null, mUuid=null, mUuidMask=null, mServiceSolicitationUuid=null, mServiceSolicitationUuidMask=null, mServiceDataUuid=0000fdaa-0000-1000-8000-00805f9b34fb, mServiceData=[], mServiceDataMask=null, mManufacturerId=-1, mManufacturerData=null, mManufacturerDataMask=null, mOrganizationId=-1, mTDSFlags=-1, mTDSFlagsMask=-1, mWifiNANHash=null], mGroupBasedFiltering=false, BluetoothLeScanFilter [mDeviceName=null, mDeviceAddress=null, mUuid=null, mUuidMask=null, mServiceSolicitationUuid=null, mServiceSolicitationUuidMask=null, mServiceDataUuid=0000fdee-0000-1000-8000-00805f9b34fb, mServiceData=[1, 1, 1], mServiceDataMask=null, mManufacturerId=-1, mManufacturerData=null, mManufacturerDataMask=null, mOrganizationId=-1, mTDSFlags=-1, mTDSFlagsMask=-1, mWifiNANHash=null], mGroupBasedFiltering=false, BluetoothLeScanFilter [mDeviceName=null, mDeviceAddress=null, mUuid=null, mUuidMask=null, mServiceSolicitationUuid=null, mServiceSolicitationUuidMask=null, mServiceDataUuid=0000fd2d-0000-1000-8000-00805f9b34fb, mServiceData=[], mServiceDataMask=null, mManufacturerId=-1, mManufacturerData=null, mManufacturerDataMask=null, mOrganizationId=-1, mTDSFlags=-1, mTDSFlagsMask=-1, mWifiNANHash=null], mGroupBasedFiltering=false])
04-29 20:12:20.696 25358 25460 D BtGatt.GattService: onScanFilterParamsConfigured() - clientIf=7, status=0, action=1, availableSpace=61
04-29 20:12:20.696 25358 25460 D BtGatt.ScanManager: callback done for scannerId - 7 status - 0
04-29 20:12:20.697 25358 25383 W BluetoothUtils: callingUid is Process.BLUETOOTH_UID
04-29 20:12:20.697 25358 25460 D BtGatt.GattService: onScanFilterParamsConfigured() - clientIf=7, status=0, action=1, availableSpace=62
04-29 20:12:20.697 25358 25460 D BtGatt.ScanManager: callback done for scannerId - 7 status - 0
04-29 20:12:20.698 25358 25460 D BtGatt.GattService: onScanFilterParamsConfigured() - clientIf=7, status=0, action=1, availableSpace=63
04-29 20:12:20.698 25358 25460 D BtGatt.ScanManager: callback done for scannerId - 7 status - 0
04-29 20:12:20.699 25358 25460 D BtGatt.GattService: onScanFilterParamsConfigured() - clientIf=7, status=0, action=1, availableSpace=64
04-29 20:12:20.699 25358 25460 D BtGatt.ScanManager: callback done for scannerId - 7 status - 0
04-29 20:12:20.699 25358 25477 D BtGatt.ScanManager: configureRegularScanParams() - queue=0
04-29 20:12:20.699 25358 25477 D BtGatt.ScanManager: configureRegularScanParams() - ScanSetting LE 1M Scan mode=-2147483648ScanSetting LE Coded Scan mode=-2147483648 mLastConfiguredScanSettingLE1M=0 mLastConfiguredScanSettingLECoded=0scanPhy=1
04-29 20:12:20.699 25358 25477 D BtGatt.ScanManager: configureRegularScanParams() - queue emtpy, scan stopped
04-29 20:12:20.699 25358 25477 D BtGatt.ScanManager: configureRegularScanParams() - queue emtpy, scan stopped
04-29 20:12:20.701 25358 25477 I BtGatt.ScanManager: msg.what = 0
04-29 20:12:20.701 25358 25477 D BtGatt.ScanManager: handling starting scan
04-29 20:12:20.701 25358 25477 D BtGatt.ScanManager: isAptXLowLatencyModeEnabled: false
04-29 20:12:20.703 25358 25460 D BtGatt.GattService: onScanFilterEnableDisabled() - clientIf=7, status=0, action=1
04-29 20:12:20.703 25358 25460 D BtGatt.ScanManager: callback done for scannerId - 7 status - 0
04-29 20:12:20.704 25358 25477 D BtGatt.ScanManager: Available Filter size: 61
04-29 20:12:20.704 25358 25460 D BtGatt.GattService: onScanFilterConfig() - clientIf=7, action = 0 status = 0, filterType=0, availableSpace=0
04-29 20:12:20.704 25358 25460 D BtGatt.ScanManager: callback done for scannerId - 7 status - 0
04-29 20:12:20.704 25358 25477 D BtGatt.ScanManager: configureFilterParamter 500 10000 1 0, deliveryMode=0
04-29 20:12:20.706 25358 25460 D BtGatt.GattService: onScanFilterParamsConfigured() - clientIf=7, status=0, action=0, availableSpace=63
04-29 20:12:20.706 25358 25460 D BtGatt.ScanManager: callback done for scannerId - 7 status - 0
04-29 20:12:20.706 25358 25460 D BtGatt.GattService: onScanFilterConfig() - clientIf=7, action = 0 status = 0, filterType=0, availableSpace=0
04-29 20:12:20.706 25358 25460 D BtGatt.ScanManager: callback done for scannerId - 7 status - 0
04-29 20:12:20.707 25358 25477 D BtGatt.ScanManager: configureFilterParamter 500 10000 1 0, deliveryMode=0
04-29 20:12:20.709 25358 25460 D BtGatt.GattService: onScanFilterParamsConfigured() - clientIf=7, status=0, action=0, availableSpace=62
04-29 20:12:20.709 25358 25460 D BtGatt.ScanManager: callback done for scannerId - 7 status - 0
04-29 20:12:20.709 25358 25460 D BtGatt.GattService: onScanFilterConfig() - clientIf=7, action = 0 status = 0, filterType=0, availableSpace=0
04-29 20:12:20.709 25358 25460 D BtGatt.ScanManager: callback done for scannerId - 7 status - 0
04-29 20:12:20.710 25358 25477 D BtGatt.ScanManager: configureFilterParamter 500 10000 1 0, deliveryMode=0
04-29 20:12:20.711 25358 25460 D BtGatt.GattService: onScanFilterParamsConfigured() - clientIf=7, status=0, action=0, availableSpace=61
04-29 20:12:20.711 25358 25460 D BtGatt.ScanManager: callback done for scannerId - 7 status - 0
04-29 20:12:20.712 25358 25460 D BtGatt.GattService: onScanFilterConfig() - clientIf=7, action = 0 status = 0, filterType=0, availableSpace=0
04-29 20:12:20.712 25358 25460 D BtGatt.ScanManager: callback done for scannerId - 7 status - 0
04-29 20:12:20.712 25358 25477 D BtGatt.ScanManager: configureFilterParamter 500 10000 1 0, deliveryMode=0
04-29 20:12:20.714 25358 25460 D BtGatt.GattService: onScanFilterParamsConfigured() - clientIf=7, status=0, action=0, availableSpace=60
04-29 20:12:20.714 25358 25460 D BtGatt.ScanManager: callback done for scannerId - 7 status - 0
04-29 20:12:20.714 25358 25460 D BtGatt.GattService: onScanFilterConfig() - clientIf=7, action = 0 status = 0, filterType=0, availableSpace=0
04-29 20:12:20.714 25358 25460 D BtGatt.ScanManager: callback done for scannerId - 7 status - 0
04-29 20:12:20.714 25358 25477 D BtGatt.ScanManager: configureFilterParamter 500 10000 1 0, deliveryMode=0
04-29 20:12:20.715  1273  1423 W VsyncModulator: setTransactionSchedule: Unexpected EarlyEnd
04-29 20:12:20.716  1094  1094 E vendor.qti.hardware.perf@2.2-service: Unknown params
04-29 20:12:20.717 25358 25460 D BtGatt.GattService: onScanFilterParamsConfigured() - clientIf=7, status=0, action=0, availableSpace=59
04-29 20:12:20.717 25358 25460 D BtGatt.ScanManager: callback done for scannerId - 7 status - 0
04-29 20:12:20.717 25358 25460 D BtGatt.GattService: onScanFilterConfig() - clientIf=7, action = 0 status = 0, filterType=0, availableSpace=0
04-29 20:12:20.717 25358 25460 D BtGatt.ScanManager: callback done for scannerId - 7 status - 0
04-29 20:12:20.718  1084  1084 I SDM     : HWDeviceDRM::UpdateMixerAttributes: Mixer WxH 1440x3200-1 for Peripheral
04-29 20:12:20.718  1084  1084 I SDM     : HWCDisplay::SubmitDisplayConfig: Active configuration changed to: 2
04-29 20:12:20.718 25358 25477 D BtGatt.ScanManager: configureFilterParamter 500 10000 1 0, deliveryMode=0
04-29 20:12:20.719  1094  1094 E vendor.qti.hardware.perf@2.2-service: Unknown params
04-29 20:12:20.720  1094  1117 E ANDR-PERF-OPTSHANDLER: Can't process request: noroot_thread is not running
04-29 20:12:20.720  1094  1117 E ANDR-PERF-RESOURCEQS: Failed to apply optimization [7, 3]
04-29 20:12:20.717  1094  1094 W perf@2.2-servic: type=1400 audit(0.0:871571): avc: denied { search } for name="1273" dev="proc" ino=15645186 scontext=u:r:vendor_hal_perf_default:s0 tcontext=u:r:surfaceflinger:s0 tclass=dir permissive=0
04-29 20:12:20.717  1094  1094 W perf@2.2-servic: type=1400 audit(0.0:871572): avc: denied { search } for name="1273" dev="proc" ino=15645186 scontext=u:r:vendor_hal_perf_default:s0 tcontext=u:r:surfaceflinger:s0 tclass=dir permissive=0
04-29 20:12:20.720 25358 25460 D BtGatt.GattService: onScanFilterParamsConfigured() - clientIf=7, status=0, action=0, availableSpace=58
04-29 20:12:20.720 25358 25460 D BtGatt.ScanManager: callback done for scannerId - 7 status - 0
04-29 20:12:20.721 25358 25477 D BtGatt.ScanManager: configureRegularScanParams() - queue=1
04-29 20:12:20.721 25358 25477 D BtGatt.ScanManager: configureRegularScanParams() - ScanSetting LE 1M Scan mode=0ScanSetting LE Coded Scan mode=0 mLastConfiguredScanSettingLE1M=-2147483648 mLastConfiguredScanSettingLECoded=-2147483648scanPhy=255
04-29 20:12:20.721 25358 25477 D BtGatt.ScanManager: configureRegularScanParams - scanInterval LE 1M = 660configureRegularScanParams - scanWindow LE 1M= 66configureRegularScanParams - scanInterval LE Coded= 660configureRegularScanParams - scanWindow LE Coded= 66
04-29 20:12:20.721 25358 25460 D BtGatt.GattService: onScanParamSetupCompleted : 0
04-29 20:12:20.740  1946  3111 D libsensor-F2SNotifier: DisplayFreq2SlpiNotifier display_freq = 60
04-29 20:12:20.741   981  1164 E minksocket: MinkIPC_QRTR_Service: client with node 1 port 4a23 went down
04-29 20:12:20.742   981  1164 E minksocket: MinkIPC_QRTR_Service: client with node 1 port 4a24 went down
04-29 20:12:20.743   981  1164 E minksocket: MinkIPC_QRTR_Service: client with node 1 port 4a25 went down
04-29 20:12:20.744   981  1164 E minksocket: MinkIPC_QRTR_Service: client with node 1 port 4a26 went down
04-29 20:12:20.745   981  1164 E minksocket: MinkIPC_QRTR_Service: client with node 1 port 4a27 went down
04-29 20:12:20.751   981  1164 E minksocket: MinkIPC_QRTR_Service: client with node 1 port 4a28 went down
04-29 20:12:20.768   991 25531 I vendor.qti.bluetooth@1.0-ibs_handler: ProcessIbsCmd: Received IBS_SLEEP_IND: 0xFE
04-29 20:12:20.796 29889 30937 I SmartThreadExecutor: handleMessage: start check 1
04-29 20:12:20.796 29889 30937 I SmartThreadExecutor: handleMessage: check end 1 -30 false
04-29 20:12:20.805  3824  4059 D MobileSignalController: slot: 0 ,Current state: 0 mobile State:0
04-29 20:12:20.834  1273  2320 W VsyncModulator: setTransactionSchedule: Unexpected EarlyEnd
04-29 20:12:20.835  1094  1094 E vendor.qti.hardware.perf@2.2-service: Unknown params
04-29 20:12:20.833  1094  1094 W perf@2.2-servic: type=1400 audit(0.0:871573): avc: denied { search } for name="1273" dev="proc" ino=15645186 scontext=u:r:vendor_hal_perf_default:s0 tcontext=u:r:surfaceflinger:s0 tclass=dir permissive=0
04-29 20:12:20.836  1094  1117 E ANDR-PERF-OPTSHANDLER: Can't process request: noroot_thread is not running
04-29 20:12:20.836  1094  1117 E ANDR-PERF-RESOURCEQS: Failed to apply optimization [7, 3]
04-29 20:12:20.956  3794  3794 D TelephonyManager: requestModemActivityInfo: Sending result to app: ModemActivityInfo{ mTimestamp=242698227 mSleepTimeMs=136637106 mIdleTimeMs=899350 mTxTimeMs[]=[2995785, 157735, 202917, 141022, 106650] mRxTimeMs=93896931}
04-29 20:12:21.361  1667  3937 E Tethering: [api31.BpfCoordinatorShimImpl] ERROR Could not add interface 17: android.system.ErrnoException: writeToMapEntry failed: EBADF (Bad file descriptor)
04-29 20:12:21.361  1667  3937 E Tethering: [api31.BpfCoordinatorShimImpl] ERROR Could not add interface 35: android.system.ErrnoException: writeToMapEntry failed: EBADF (Bad file descriptor)
04-29 20:12:21.361  1667  3937 E Tethering: [api31.BpfCoordinatorShimImpl] ERROR Could not get stats entry of interface index 17: : findMapEntry failed: EBADF (Bad file descriptor)
04-29 20:12:21.361  1667  3937 E Tethering: android.system.ErrnoException: findMapEntry failed: EBADF (Bad file descriptor)
04-29 20:12:21.361  1667  3937 E Tethering: 	at com.android.networkstack.tethering.BpfMap.findMapEntry(Native Method)
04-29 20:12:21.361  1667  3937 E Tethering: 	at com.android.networkstack.tethering.BpfMap.getRawValue(BpfMap.java:231)
04-29 20:12:21.361  1667  3937 E Tethering: 	at com.android.networkstack.tethering.BpfMap.getValue(BpfMap.java:220)
04-29 20:12:21.361  1667  3937 E Tethering: 	at com.android.networkstack.tethering.apishim.api31.BpfCoordinatorShimImpl.tetherOffloadSetInterfaceQuota(BpfCoordinatorShimImpl.java:260)
04-29 20:12:21.361  1667  3937 E Tethering: 	at com.android.networkstack.tethering.BpfCoordinator.sendDataLimitToBpfMap(BpfCoordinator.java:1646)
04-29 20:12:21.361  1667  3937 E Tethering: 	at com.android.networkstack.tethering.BpfCoordinator.updateDataLimit(BpfCoordinator.java:1670)
04-29 20:12:21.361  1667  3937 E Tethering: 	at com.android.networkstack.tethering.BpfCoordinator.maybeSetLimit(BpfCoordinator.java:1682)
04-29 20:12:21.361  1667  3937 E Tethering: 	at com.android.networkstack.tethering.BpfCoordinator.access$2000(BpfCoordinator.java:95)
04-29 20:12:21.361  1667  3937 E Tethering: 	at com.android.networkstack.tethering.BpfCoordinator$BpfConntrackEventConsumer.accept(BpfCoordinator.java:1609)
04-29 20:12:21.361  1667  3937 E Tethering: 	at android.net.ip.ConntrackMonitor.processNetlinkMessage(ConntrackMonitor.java:196)
04-29 20:12:21.361  1667  3937 E Tethering: 	at android.net.ip.NetlinkMonitor.handlePacket(NetlinkMonitor.java:124)
04-29 20:12:21.361  1667  3937 E Tethering: 	at android.net.ip.NetlinkMonitor.handlePacket(NetlinkMonitor.java:54)
04-29 20:12:21.361  1667  3937 E Tethering: 	at com.android.networkstack.tethering.util.FdEventsReader.handleInput(FdEventsReader.java:246)
04-29 20:12:21.361  1667  3937 E Tethering: 	at com.android.networkstack.tethering.util.FdEventsReader.lambda$createAndRegisterFd$0(FdEventsReader.java:204)
04-29 20:12:21.361  1667  3937 E Tethering: 	at com.android.networkstack.tethering.util.FdEventsReader.$r8$lambda$ozTqz6s4K_T002rxqL3mi1wWqWs(Unknown Source:0)
04-29 20:12:21.361  1667  3937 E Tethering: 	at com.android.networkstack.tethering.util.FdEventsReader$$ExternalSyntheticLambda0.onFileDescriptorEvents(Unknown Source:2)
04-29 20:12:21.361  1667  3937 E Tethering: 	at android.os.MessageQueue.dispatchEvents(MessageQueue.java:295)
04-29 20:12:21.361  1667  3937 E Tethering: 	at android.os.MessageQueue.nativePollOnce(Native Method)
04-29 20:12:21.361  1667  3937 E Tethering: 	at android.os.MessageQueue.next(MessageQueue.java:337)
04-29 20:12:21.361  1667  3937 E Tethering: 	at android.os.Looper.loopOnce(Looper.java:168)
04-29 20:12:21.361  1667  3937 E Tethering: 	at android.os.Looper.loop(Looper.java:299)
04-29 20:12:21.361  1667  3937 E Tethering: 	at android.os.HandlerThread.run(HandlerThread.java:67)
04-29 20:12:21.361  1667  3937 E Tethering: [BpfCoordinator] ERROR Setting data limit for rmnet_data3 failed.
04-29 20:12:21.363  1667  3937 E Tethering: [api31.BpfCoordinatorShimImpl] ERROR Could not insert entry (iif: 35, dstMac: d6:75:ba:4e:dc:ef, l4proto: 6, src4: /192.168.218.16, dst4: /112.53.16.78, srcPort: 58812, dstPort: 443, oif: 17, ethDstMac: 00:00:00:00:00:00, ethSrcMac: 00:00:00:00:00:00, ethProto: 2048, pmtu: 1500, src46: /10.31.199.218, dst46: /112.53.16.78, srcPort: 58812, dstPort: 443, lastUsed: 0): android.system.ErrnoException: writeToMapEntry failed: EBADF (Bad file descriptor)
04-29 20:12:21.364  1667  3937 E Tethering: [api31.BpfCoordinatorShimImpl] ERROR Could not insert entry (iif: 17, dstMac: 00:00:00:00:00:00, l4proto: 6, src4: /112.53.16.78, dst4: /10.31.199.218, srcPort: 443, dstPort: 58812, oif: 35, ethDstMac: ec:2e:98:cb:fa:99, ethSrcMac: d6:75:ba:4e:dc:ef, ethProto: 2048, pmtu: 1500, src46: /112.53.16.78, dst46: /192.168.218.16, srcPort: 443, dstPort: 58812, lastUsed: 0): android.system.ErrnoException: writeToMapEntry failed: EBADF (Bad file descriptor)
04-29 20:12:21.429  1667  3937 E Tethering: [api31.BpfCoordinatorShimImpl] ERROR Could not add interface 17: android.system.ErrnoException: writeToMapEntry failed: EBADF (Bad file descriptor)
04-29 20:12:21.429  1667  3937 E Tethering: [api31.BpfCoordinatorShimImpl] ERROR Could not add interface 35: android.system.ErrnoException: writeToMapEntry failed: EBADF (Bad file descriptor)
04-29 20:12:21.430  1667  3937 E Tethering: [api31.BpfCoordinatorShimImpl] ERROR Could not get stats entry of interface index 17: : findMapEntry failed: EBADF (Bad file descriptor)
04-29 20:12:21.430  1667  3937 E Tethering: android.system.ErrnoException: findMapEntry failed: EBADF (Bad file descriptor)
04-29 20:12:21.430  1667  3937 E Tethering: 	at com.android.networkstack.tethering.BpfMap.findMapEntry(Native Method)
04-29 20:12:21.430  1667  3937 E Tethering: 	at com.android.networkstack.tethering.BpfMap.getRawValue(BpfMap.java:231)
04-29 20:12:21.430  1667  3937 E Tethering: 	at com.android.networkstack.tethering.BpfMap.getValue(BpfMap.java:220)
04-29 20:12:21.430  1667  3937 E Tethering: 	at com.android.networkstack.tethering.apishim.api31.BpfCoordinatorShimImpl.tetherOffloadSetInterfaceQuota(BpfCoordinatorShimImpl.java:260)
04-29 20:12:21.430  1667  3937 E Tethering: 	at com.android.networkstack.tethering.BpfCoordinator.sendDataLimitToBpfMap(BpfCoordinator.java:1646)
04-29 20:12:21.430  1667  3937 E Tethering: 	at com.android.networkstack.tethering.BpfCoordinator.updateDataLimit(BpfCoordinator.java:1670)
04-29 20:12:21.430  1667  3937 E Tethering: 	at com.android.networkstack.tethering.BpfCoordinator.maybeSetLimit(BpfCoordinator.java:1682)
04-29 20:12:21.430  1667  3937 E Tethering: 	at com.android.networkstack.tethering.BpfCoordinator.access$2000(BpfCoordinator.java:95)
04-29 20:12:21.430  1667  3937 E Tethering: 	at com.android.networkstack.tethering.BpfCoordinator$BpfConntrackEventConsumer.accept(BpfCoordinator.java:1609)
04-29 20:12:21.430  1667  3937 E Tethering: 	at android.net.ip.ConntrackMonitor.processNetlinkMessage(ConntrackMonitor.java:196)
04-29 20:12:21.430  1667  3937 E Tethering: 	at android.net.ip.NetlinkMonitor.handlePacket(NetlinkMonitor.java:124)
04-29 20:12:21.430  1667  3937 E Tethering: 	at android.net.ip.NetlinkMonitor.handlePacket(NetlinkMonitor.java:54)
04-29 20:12:21.430  1667  3937 E Tethering: 	at com.android.networkstack.tethering.util.FdEventsReader.handleInput(FdEventsReader.java:246)
04-29 20:12:21.430  1667  3937 E Tethering: 	at com.android.networkstack.tethering.util.FdEventsReader.lambda$createAndRegisterFd$0(FdEventsReader.java:204)
04-29 20:12:21.430  1667  3937 E Tethering: 	at com.android.networkstack.tethering.util.FdEventsReader.$r8$lambda$ozTqz6s4K_T002rxqL3mi1wWqWs(Unknown Source:0)
04-29 20:12:21.430  1667  3937 E Tethering: 	at com.android.networkstack.tethering.util.FdEventsReader$$ExternalSyntheticLambda0.onFileDescriptorEvents(Unknown Source:2)
04-29 20:12:21.430  1667  3937 E Tethering: 	at android.os.MessageQueue.dispatchEvents(MessageQueue.java:295)
04-29 20:12:21.430  1667  3937 E Tethering: 	at android.os.MessageQueue.nativePollOnce(Native Method)
04-29 20:12:21.430  1667  3937 E Tethering: 	at android.os.MessageQueue.next(MessageQueue.java:337)
04-29 20:12:21.430  1667  3937 E Tethering: 	at android.os.Looper.loopOnce(Looper.java:168)
04-29 20:12:21.430  1667  3937 E Tethering: 	at android.os.Looper.loop(Looper.java:299)
04-29 20:12:21.430  1667  3937 E Tethering: 	at android.os.HandlerThread.run(HandlerThread.java:67)
04-29 20:12:21.430  1667  3937 E Tethering: [BpfCoordinator] ERROR Setting data limit for rmnet_data3 failed.
04-29 20:12:21.431  3794  4133 D FiveGDataOptimize: TxRx: 60586, Tx: 53519, Rx: 7066, Hit: 0
04-29 20:12:21.431  1667  3937 E Tethering: [api31.BpfCoordinatorShimImpl] ERROR Could not insert entry (iif: 35, dstMac: d6:75:ba:4e:dc:ef, l4proto: 6, src4: /192.168.218.16, dst4: /36.155.202.199, srcPort: 58853, dstPort: 80, oif: 17, ethDstMac: 00:00:00:00:00:00, ethSrcMac: 00:00:00:00:00:00, ethProto: 2048, pmtu: 1500, src46: /10.31.199.218, dst46: /36.155.202.199, srcPort: 58853, dstPort: 80, lastUsed: 0): android.system.ErrnoException: writeToMapEntry failed: EBADF (Bad file descriptor)
04-29 20:12:21.433  1667  3937 E Tethering: [api31.BpfCoordinatorShimImpl] ERROR Could not insert entry (iif: 17, dstMac: 00:00:00:00:00:00, l4proto: 6, src4: /36.155.202.199, dst4: /10.31.199.218, srcPort: 80, dstPort: 58853, oif: 35, ethDstMac: ec:2e:98:cb:fa:99, ethSrcMac: d6:75:ba:4e:dc:ef, ethProto: 2048, pmtu: 1500, src46: /36.155.202.199, dst46: /192.168.218.16, srcPort: 80, dstPort: 58853, lastUsed: 0): android.system.ErrnoException: writeToMapEntry failed: EBADF (Bad file descriptor)
04-29 20:12:21.552  1667  6452 E TaskPersister: File error accessing recents directory (directory doesn't exist?).
04-29 20:12:21.727   991 25537 I vendor.qti.bluetooth@1.0-ibs_handler: DeviceSleep: TX Awake, Sending SLEEP_IND
04-29 20:12:21.727   991 25537 D vendor.qti.bluetooth@1.0-ibs_handler: SerialClockVote: vote for UART CLK OFF
04-29 20:12:21.814  3824  4059 D MobileSignalController: slot: 0 ,Current state: 0 mobile State:0
04-29 20:12:21.831  1273  2320 W VsyncModulator: setTransactionSchedule: Unexpected EarlyEnd
04-29 20:12:21.832  1094  1094 E vendor.qti.hardware.perf@2.2-service: Unknown params
04-29 20:12:21.829  1094  1094 W perf@2.2-servic: type=1400 audit(0.0:871575): avc: denied { search } for name="1273" dev="proc" ino=15645186 scontext=u:r:vendor_hal_perf_default:s0 tcontext=u:r:surfaceflinger:s0 tclass=dir permissive=0
04-29 20:12:21.829  1094  1094 W perf@2.2-servic: type=1400 audit(0.0:871576): avc: denied { search } for name="1273" dev="proc" ino=15645186 scontext=u:r:vendor_hal_perf_default:s0 tcontext=u:r:surfaceflinger:s0 tclass=dir permissive=0
04-29 20:12:21.833  1094  1117 E ANDR-PERF-OPTSHANDLER: Can't process request: noroot_thread is not running
