04-29 20:12:01.005 29889 30352 D MSF.D.RemoteServiceProxy: found timeout req, ToServiceMsg msName:msf_pbSyncMsg ssoSeq:-1 appId:537112593 appSeq:903 uin:*1077 sCmd:GCY3BCggPAk8IH4EOAs8NCkOIzM t:30000 needResp:true needQuickSend:false strategy:0IsSupportRetryfalse
04-29 20:12:01.079  1667  2689 W ActivityManager: Sending non-protected broadcast miui.extm.action.mark from system uid 1000 pkg android. Callers=com.android.server.am.ActivityManagerService.broadcastIntentLocked:13783 com.android.server.am.ActivityManagerService.broadcastIntentInPackage:13965 com.android.server.am.ActivityManagerService$LocalService.broadcastIntentInPackage:16165 com.android.server.am.PendingIntentRecord.sendInner:483 com.android.server.am.PendingIntentRecord.sendWithResult:309 
04-29 20:12:01.084  1667  2174 W ProcessStats: Tracking association SourceState{fc6dcbb com.android.systemui/1000 BTopFgs #446543} whose proc state 2 is better than process ProcessState{28f25d8 com.miui.notification:remote/1000 pkg=com.miui.notification} proc state 3 (23 skipped)
04-29 20:12:01.085  1667  1667 I ExtM    : mark duration up to 2m , try to mark.
04-29 20:12:01.282  1667  1667 I ExtM    : Current stat:
04-29 20:12:01.282  1667  1667 I ExtM    :   new 0(0 m), old 9809(38 m), last recorded Old 9809(38 m)
04-29 20:12:01.376  3794  4133 D FiveGDataOptimize: TxRx: 32746, Tx: 21244, Rx: 11501, Hit: 0
04-29 20:12:01.464  1667  1667 I ExtM    : Current stat:
04-29 20:12:01.464  1667  1667 I ExtM    :   new 0(0 m), old 9809(38 m), last recorded Old 9809(38 m)
04-29 20:12:01.467  1667  1667 W Looper  : Slow dispatch took 382ms main h=android.app.ActivityThread$H c=android.app.LoadedApk$ReceiverDispatcher$Args$$ExternalSyntheticLambda0@d813f8c m=0
04-29 20:12:01.472  6199  6199 I BatteryInfoReceiver: ACTION_BATTERY_CHANGED
04-29 20:12:01.475  7761  8136 D PowerKeeper.FrozenApp: onBatteryChanged plug=true mBatteryPlugged=2
04-29 20:12:01.476  7761  8276 D PowerCheckerService: onBatteryChanged, mBatteryLevel = 23, status = 2, level = 23, plug = 2, scale = 100
04-29 20:12:01.476  3779  3779 V DeviceStatisticsService: chargerType=2 batteryLevel=23 totalBatteryCapacity=4436000
04-29 20:12:01.477  6199  6199 I android_os_HwBinder: HwBinder: Starting thread pool for getting: vendor.xiaomi.hardware.micharge@1.0::IMiCharge/default
04-29 20:12:01.478 29889 29889 D TESDownloadManager: AppSystemReceiver onReceive
04-29 20:12:01.478 29889 29889 D TESDownloadManager: action:android.intent.action.BATTERY_CHANGED
04-29 20:12:01.480  1125  1125 I vendor.xiaomi.hardware.micharge@1.0-service: ReadFilePathValue path = /sys/class/qcom-battery/night_charging value = 0
04-29 20:12:01.480  6199  6199 I ChargeProtectionUtils: getNightChargingState: 0
04-29 20:12:01.775  5817  5854 I ui.dmregservic: Background young concurrent copying GC freed 271116(8122KB) AllocSpace objects, 0(0B) LOS objects, 0% free, 81MB/81MB, paused 208us total 132.702ms
04-29 20:12:01.993  5817  5854 I ui.dmregservic: Background concurrent copying GC freed 733373(21MB) AllocSpace objects, 3(12MB) LOS objects, 18% free, 108MB/132MB, paused 101us total 217.738ms
04-29 20:12:02.200  5817  5854 I ui.dmregservic: Background young concurrent copying GC freed 241907(7200KB) AllocSpace objects, 11(36MB) LOS objects, 6% free, 124MB/132MB, paused 70us total 125.376ms
04-29 20:12:02.298  1667  3937 E Tethering: [api31.BpfCoordinatorShimImpl] ERROR Fail to fetch tethering stats from BPF map: : getNextMapKey failed: EBADF (Bad file descriptor)
04-29 20:12:02.298  1667  3937 E Tethering: android.system.ErrnoException: getNextMapKey failed: EBADF (Bad file descriptor)
04-29 20:12:02.298  1667  3937 E Tethering: 	at com.android.networkstack.tethering.BpfMap.getNextMapKey(Native Method)
04-29 20:12:02.298  1667  3937 E Tethering: 	at com.android.networkstack.tethering.BpfMap.getNextRawKey(BpfMap.java:199)
04-29 20:12:02.298  1667  3937 E Tethering: 	at com.android.networkstack.tethering.BpfMap.getNextKeyInternal(BpfMap.java:177)
04-29 20:12:02.298  1667  3937 E Tethering: 	at com.android.networkstack.tethering.BpfMap.getFirstKey(BpfMap.java:206)
04-29 20:12:02.298  1667  3937 E Tethering: 	at com.android.networkstack.tethering.BpfMap.forEach(BpfMap.java:243)
04-29 20:12:02.298  1667  3937 E Tethering: 	at com.android.networkstack.tethering.apishim.api31.BpfCoordinatorShimImpl.tetherOffloadGetStats(BpfCoordinatorShimImpl.java:241)
04-29 20:12:02.298  1667  3937 E Tethering: 	at com.android.networkstack.tethering.BpfCoordinator.updateForwardedStats(BpfCoordinator.java:1844)
04-29 20:12:02.298  1667  3937 E Tethering: 	at com.android.networkstack.tethering.BpfCoordinator.lambda$new$0(BpfCoordinator.java:249)
04-29 20:12:02.298  1667  3937 E Tethering: 	at com.android.networkstack.tethering.BpfCoordinator.$r8$lambda$11zi2so53-tPlRpKnlSkWOpxReo(Unknown Source:0)
04-29 20:12:02.298  1667  3937 E Tethering: 	at com.android.networkstack.tethering.BpfCoordinator$$ExternalSyntheticLambda0.run(Unknown Source:2)
04-29 20:12:02.298  1667  3937 E Tethering: 	at android.os.Handler.handleCallback(Handler.java:938)
04-29 20:12:02.298  1667  3937 E Tethering: 	at android.os.Handler.dispatchMessage(Handler.java:99)
04-29 20:12:02.298  1667  3937 E Tethering: 	at android.os.Looper.loopOnce(Looper.java:210)
04-29 20:12:02.298  1667  3937 E Tethering: 	at android.os.Looper.loop(Looper.java:299)
04-29 20:12:02.298  1667  3937 E Tethering: 	at android.os.HandlerThread.run(HandlerThread.java:67)
04-29 20:12:02.298  1667  3937 E Tethering: [BpfCoordinator] ERROR Problem fetching tethering stats
04-29 20:12:03.340 21794 32439 W ContextImpl: Calling a method in the system process without a qualified user: android.app.ContextImpl.bindService:1905 android.content.ContextWrapper.bindService:820 com.xiaomi.stat.c.c.b:60 com.xiaomi.stat.c.c.a:37 com.xiaomi.stat.c.i.a:262 
04-29 20:12:04.174  1273  2320 W VsyncModulator: setTransactionSchedule: Unexpected EarlyEnd
04-29 20:12:04.176  1094  1094 E vendor.qti.hardware.perf@2.2-service: Unknown params
04-29 20:12:04.173  1094  1094 W perf@2.2-servic: type=1400 audit(0.0:870757): avc: denied { search } for name="1273" dev="proc" ino=15645186 scontext=u:r:vendor_hal_perf_default:s0 tcontext=u:r:surfaceflinger:s0 tclass=dir permissive=0
04-29 20:12:04.173  1094  1094 W perf@2.2-servic: type=1400 audit(0.0:870758): avc: denied { search } for name="1273" dev="proc" ino=15645186 scontext=u:r:vendor_hal_perf_default:s0 tcontext=u:r:surfaceflinger:s0 tclass=dir permissive=0
04-29 20:12:04.179  1094  1117 E ANDR-PERF-OPTSHANDLER: Can't process request: noroot_thread is not running
04-29 20:12:04.179  1094  1117 E ANDR-PERF-RESOURCEQS: Failed to apply optimization [7, 3]
04-29 20:12:06.184  1051   680 E sensors-hal: handle_sns_client_event:52, gesture_detect_event: ts=242689344136052, event=3.000000
04-29 20:12:06.393  3794  4133 D FiveGDataOptimize: TxRx: 0, Tx: 0, Rx: 0, Hit: 0
04-29 20:12:07.188  1667  2152 I EdgeSuppressionManager: Lay status is 0
04-29 20:12:07.189  1667  2152 I EdgeSuppressionManager: isAbsolute = true, result = 0
04-29 20:12:07.189  1667  2152 I EdgeSuppressionManager: isAbsolute = false, result = 45
04-29 20:12:07.189  1667  2152 I ITouchFeature: current device and process support version:2
04-29 20:12:07.196  1667  2152 I android_os_HwBinder: HwBinder: Starting thread pool for getting: vendor.xiaomi.hw.touchfeature@1.0::ITouchFeature/default
04-29 20:12:07.301  1667  3937 E Tethering: [api31.BpfCoordinatorShimImpl] ERROR Fail to fetch tethering stats from BPF map: : getNextMapKey failed: EBADF (Bad file descriptor)
04-29 20:12:07.301  1667  3937 E Tethering: android.system.ErrnoException: getNextMapKey failed: EBADF (Bad file descriptor)
04-29 20:12:07.301  1667  3937 E Tethering: 	at com.android.networkstack.tethering.BpfMap.getNextMapKey(Native Method)
04-29 20:12:07.301  1667  3937 E Tethering: 	at com.android.networkstack.tethering.BpfMap.getNextRawKey(BpfMap.java:199)
04-29 20:12:07.301  1667  3937 E Tethering: 	at com.android.networkstack.tethering.BpfMap.getNextKeyInternal(BpfMap.java:177)
04-29 20:12:07.301  1667  3937 E Tethering: 	at com.android.networkstack.tethering.BpfMap.getFirstKey(BpfMap.java:206)
04-29 20:12:07.301  1667  3937 E Tethering: 	at com.android.networkstack.tethering.BpfMap.forEach(BpfMap.java:243)
04-29 20:12:07.301  1667  3937 E Tethering: 	at com.android.networkstack.tethering.apishim.api31.BpfCoordinatorShimImpl.tetherOffloadGetStats(BpfCoordinatorShimImpl.java:241)
04-29 20:12:07.301  1667  3937 E Tethering: 	at com.android.networkstack.tethering.BpfCoordinator.updateForwardedStats(BpfCoordinator.java:1844)
04-29 20:12:07.301  1667  3937 E Tethering: 	at com.android.networkstack.tethering.BpfCoordinator.lambda$new$0(BpfCoordinator.java:249)
04-29 20:12:07.301  1667  3937 E Tethering: 	at com.android.networkstack.tethering.BpfCoordinator.$r8$lambda$11zi2so53-tPlRpKnlSkWOpxReo(Unknown Source:0)
04-29 20:12:07.301  1667  3937 E Tethering: 	at com.android.networkstack.tethering.BpfCoordinator$$ExternalSyntheticLambda0.run(Unknown Source:2)
04-29 20:12:07.301  1667  3937 E Tethering: 	at android.os.Handler.handleCallback(Handler.java:938)
04-29 20:12:07.301  1667  3937 E Tethering: 	at android.os.Handler.dispatchMessage(Handler.java:99)
04-29 20:12:07.301  1667  3937 E Tethering: 	at android.os.Looper.loopOnce(Looper.java:210)
04-29 20:12:07.301  1667  3937 E Tethering: 	at android.os.Looper.loop(Looper.java:299)
04-29 20:12:07.301  1667  3937 E Tethering: 	at android.os.HandlerThread.run(HandlerThread.java:67)
04-29 20:12:07.301  1667  3937 E Tethering: [BpfCoordinator] ERROR Problem fetching tethering stats
04-29 20:12:08.306 11241 11324 D MemoryCeilingMonitor: [handleMemoryCalculate]
04-29 20:12:08.306 11241 11324 D MemoryCeilingMonitor: [calculate] tot: 8105935, max: 268435456, free: 372855, heap: 7733080, per: 0.02880796790122986
04-29 20:12:08.306 11241 11340 D WorkerThreadMonitor: Kill MSF check result[ senderSize:0,sendInterval:29586,receiveInterval=29286,addCmdCount=66
04-29 20:12:08.957  1667  1722 D TelephonyManager: requestModemActivityInfo: Sending result to app: ModemActivityInfo{ mTimestamp=242692234 mSleepTimeMs=136637106 mIdleTimeMs=899350 mTxTimeMs[]=[2995785, 157735, 202917, 141022, 106650] mRxTimeMs=93890939}
04-29 20:12:09.059  1667  2162 D HeapUsage Monitor: HeapAllocSize : 103MB; monitorSize : 500MB
04-29 20:12:10.383   991 25531 I vendor.qti.bluetooth@1.0-ibs_handler: ProcessIbsCmd: Received IBS_WAKE_IND: 0xFD
04-29 20:12:10.383   991 25531 D vendor.qti.bluetooth@1.0-ibs_handler: SerialClockVote: vote for UART CLK ON
04-29 20:12:10.384   991 25531 D vendor.qti.bluetooth@1.0-wake_lock: Acquire wakelock is acquired 
04-29 20:12:10.384   991 25531 I vendor.qti.bluetooth@1.0-ibs_handler: ProcessIbsCmd: Writing IBS_WAKE_ACK
04-29 20:12:10.427   991 25531 I vendor.qti.bluetooth@1.0-ibs_handler: ProcessIbsCmd: Received IBS_SLEEP_IND: 0xFE
04-29 20:12:10.427   991 25531 D vendor.qti.bluetooth@1.0-ibs_handler: SerialClockVote: vote for UART CLK OFF
04-29 20:12:10.578   991 25482 D vendor.qti.bluetooth@1.0-wake_lock: Release wakelock is released 
04-29 20:12:11.412  3794  4133 D FiveGDataOptimize: TxRx: 0, Tx: 0, Rx: 0, Hit: 0
04-29 20:12:11.588  1667  3937 E Tethering: [api31.BpfCoordinatorShimImpl] ERROR Could not add interface 17: android.system.ErrnoException: writeToMapEntry failed: EBADF (Bad file descriptor)
04-29 20:12:11.589  1667  3937 E Tethering: [api31.BpfCoordinatorShimImpl] ERROR Could not add interface 35: android.system.ErrnoException: writeToMapEntry failed: EBADF (Bad file descriptor)
04-29 20:12:11.590  1667  3937 E Tethering: [api31.BpfCoordinatorShimImpl] ERROR Could not get stats entry of interface index 17: : findMapEntry failed: EBADF (Bad file descriptor)
04-29 20:12:11.590  1667  3937 E Tethering: android.system.ErrnoException: findMapEntry failed: EBADF (Bad file descriptor)
04-29 20:12:11.590  1667  3937 E Tethering: 	at com.android.networkstack.tethering.BpfMap.findMapEntry(Native Method)
04-29 20:12:11.590  1667  3937 E Tethering: 	at com.android.networkstack.tethering.BpfMap.getRawValue(BpfMap.java:231)
04-29 20:12:11.590  1667  3937 E Tethering: 	at com.android.networkstack.tethering.BpfMap.getValue(BpfMap.java:220)
04-29 20:12:11.590  1667  3937 E Tethering: 	at com.android.networkstack.tethering.apishim.api31.BpfCoordinatorShimImpl.tetherOffloadSetInterfaceQuota(BpfCoordinatorShimImpl.java:260)
04-29 20:12:11.590  1667  3937 E Tethering: 	at com.android.networkstack.tethering.BpfCoordinator.sendDataLimitToBpfMap(BpfCoordinator.java:1646)
04-29 20:12:11.590  1667  3937 E Tethering: 	at com.android.networkstack.tethering.BpfCoordinator.updateDataLimit(BpfCoordinator.java:1670)
04-29 20:12:11.590  1667  3937 E Tethering: 	at com.android.networkstack.tethering.BpfCoordinator.maybeSetLimit(BpfCoordinator.java:1682)
04-29 20:12:11.590  1667  3937 E Tethering: 	at com.android.networkstack.tethering.BpfCoordinator.access$2000(BpfCoordinator.java:95)
04-29 20:12:11.590  1667  3937 E Tethering: 	at com.android.networkstack.tethering.BpfCoordinator$BpfConntrackEventConsumer.accept(BpfCoordinator.java:1609)
04-29 20:12:11.590  1667  3937 E Tethering: 	at android.net.ip.ConntrackMonitor.processNetlinkMessage(ConntrackMonitor.java:196)
04-29 20:12:11.590  1667  3937 E Tethering: 	at android.net.ip.NetlinkMonitor.handlePacket(NetlinkMonitor.java:124)
04-29 20:12:11.590  1667  3937 E Tethering: 	at android.net.ip.NetlinkMonitor.handlePacket(NetlinkMonitor.java:54)
04-29 20:12:11.590  1667  3937 E Tethering: 	at com.android.networkstack.tethering.util.FdEventsReader.handleInput(FdEventsReader.java:246)
04-29 20:12:11.590  1667  3937 E Tethering: 	at com.android.networkstack.tethering.util.FdEventsReader.lambda$createAndRegisterFd$0(FdEventsReader.java:204)
04-29 20:12:11.590  1667  3937 E Tethering: 	at com.android.networkstack.tethering.util.FdEventsReader.$r8$lambda$ozTqz6s4K_T002rxqL3mi1wWqWs(Unknown Source:0)
04-29 20:12:11.590  1667  3937 E Tethering: 	at com.android.networkstack.tethering.util.FdEventsReader$$ExternalSyntheticLambda0.onFileDescriptorEvents(Unknown Source:2)
04-29 20:12:11.590  1667  3937 E Tethering: 	at android.os.MessageQueue.dispatchEvents(MessageQueue.java:295)
04-29 20:12:11.590  1667  3937 E Tethering: 	at android.os.MessageQueue.nativePollOnce(Native Method)
04-29 20:12:11.590  1667  3937 E Tethering: 	at android.os.MessageQueue.next(MessageQueue.java:337)
04-29 20:12:11.590  1667  3937 E Tethering: 	at android.os.Looper.loopOnce(Looper.java:168)
04-29 20:12:11.590  1667  3937 E Tethering: 	at android.os.Looper.loop(Looper.java:299)
04-29 20:12:11.590  1667  3937 E Tethering: 	at android.os.HandlerThread.run(HandlerThread.java:67)
04-29 20:12:11.590  1667  3937 E Tethering: [BpfCoordinator] ERROR Setting data limit for rmnet_data3 failed.
04-29 20:12:11.593  1667  3937 E Tethering: [api31.BpfCoordinatorShimImpl] ERROR Could not insert entry (iif: 35, dstMac: d6:75:ba:4e:dc:ef, l4proto: 6, src4: /192.168.218.16, dst4: /153.254.86.181, srcPort: 60317, dstPort: 27021, oif: 17, ethDstMac: 00:00:00:00:00:00, ethSrcMac: 00:00:00:00:00:00, ethProto: 2048, pmtu: 1500, src46: /10.31.199.218, dst46: /153.254.86.181, srcPort: 60317, dstPort: 27021, lastUsed: 0): android.system.ErrnoException: writeToMapEntry failed: EBADF (Bad file descriptor)
04-29 20:12:11.596  1667  3937 E Tethering: [api31.BpfCoordinatorShimImpl] ERROR Could not insert entry (iif: 17, dstMac: 00:00:00:00:00:00, l4proto: 6, src4: /153.254.86.181, dst4: /10.31.199.218, srcPort: 27021, dstPort: 60317, oif: 35, ethDstMac: ec:2e:98:cb:fa:99, ethSrcMac: d6:75:ba:4e:dc:ef, ethProto: 2048, pmtu: 1500, src46: /153.254.86.181, dst46: /192.168.218.16, srcPort: 27021, dstPort: 60317, lastUsed: 0): android.system.ErrnoException: writeToMapEntry failed: EBADF (Bad file descriptor)
04-29 20:12:11.711  1667  1715 I system_server: Background young concurrent copying GC freed 254108(19MB) AllocSpace objects, 12(432KB) LOS objects, 19% free, 84MB/105MB, paused 533us total 112.430ms
04-29 20:12:11.769  1667  1717 W System  : A resource failed to call close. 
04-29 20:12:11.769  1667  1717 W System  : A resource failed to call close. 
04-29 20:12:11.769  1667  1717 W System  : A resource failed to call close. 
04-29 20:12:11.815  1051   680 E sensors-hal: handle_sns_client_event:52, gesture_detect_event: ts=242694973358112, event=1.000000
04-29 20:12:12.304  1667  3937 E Tethering: [api31.BpfCoordinatorShimImpl] ERROR Fail to fetch tethering stats from BPF map: : getNextMapKey failed: EBADF (Bad file descriptor)
04-29 20:12:12.304  1667  3937 E Tethering: android.system.ErrnoException: getNextMapKey failed: EBADF (Bad file descriptor)
04-29 20:12:12.304  1667  3937 E Tethering: 	at com.android.networkstack.tethering.BpfMap.getNextMapKey(Native Method)
04-29 20:12:12.304  1667  3937 E Tethering: 	at com.android.networkstack.tethering.BpfMap.getNextRawKey(BpfMap.java:199)
04-29 20:12:12.304  1667  3937 E Tethering: 	at com.android.networkstack.tethering.BpfMap.getNextKeyInternal(BpfMap.java:177)
04-29 20:12:12.304  1667  3937 E Tethering: 	at com.android.networkstack.tethering.BpfMap.getFirstKey(BpfMap.java:206)
04-29 20:12:12.304  1667  3937 E Tethering: 	at com.android.networkstack.tethering.BpfMap.forEach(BpfMap.java:243)
04-29 20:12:12.304  1667  3937 E Tethering: 	at com.android.networkstack.tethering.apishim.api31.BpfCoordinatorShimImpl.tetherOffloadGetStats(BpfCoordinatorShimImpl.java:241)
04-29 20:12:12.304  1667  3937 E Tethering: 	at com.android.networkstack.tethering.BpfCoordinator.updateForwardedStats(BpfCoordinator.java:1844)
04-29 20:12:12.304  1667  3937 E Tethering: 	at com.android.networkstack.tethering.BpfCoordinator.lambda$new$0(BpfCoordinator.java:249)
04-29 20:12:12.304  1667  3937 E Tethering: 	at com.android.networkstack.tethering.BpfCoordinator.$r8$lambda$11zi2so53-tPlRpKnlSkWOpxReo(Unknown Source:0)
04-29 20:12:12.304  1667  3937 E Tethering: 	at com.android.networkstack.tethering.BpfCoordinator$$ExternalSyntheticLambda0.run(Unknown Source:2)
04-29 20:12:12.304  1667  3937 E Tethering: 	at android.os.Handler.handleCallback(Handler.java:938)
04-29 20:12:12.304  1667  3937 E Tethering: 	at android.os.Handler.dispatchMessage(Handler.java:99)
04-29 20:12:12.304  1667  3937 E Tethering: 	at android.os.Looper.loopOnce(Looper.java:210)
04-29 20:12:12.304  1667  3937 E Tethering: 	at android.os.Looper.loop(Looper.java:299)
04-29 20:12:12.304  1667  3937 E Tethering: 	at android.os.HandlerThread.run(HandlerThread.java:67)
04-29 20:12:12.304  1667  3937 E Tethering: [BpfCoordinator] ERROR Problem fetching tethering stats
04-29 20:12:12.817  1667  2152 I EdgeSuppressionManager: Lay status is 2
04-29 20:12:12.817  1667  2152 I EdgeSuppressionManager: isAbsolute = true, result = 0
04-29 20:12:12.817  1667  2152 I EdgeSuppressionManager: isAbsolute = false, result = 0
04-29 20:12:12.817  1667  2152 I ITouchFeature: current device and process support version:2
04-29 20:12:12.819  1667  2152 I android_os_HwBinder: HwBinder: Starting thread pool for getting: vendor.xiaomi.hw.touchfeature@1.0::ITouchFeature/default
04-29 20:12:13.239 11241 11256 W System  : A resource failed to call end. 
04-29 20:12:13.239 11241 11256 W System  : A resource failed to call end. 
04-29 20:12:13.239 11241 11256 W System  : A resource failed to call end. 
04-29 20:12:13.644  1667  3937 I Tethering: [OffloadController] notifyAlertReached
04-29 20:12:13.763  3824  4059 D MobileSignalController: slot: 0 ,Current state: 0 mobile State:0
04-29 20:12:13.795  1273  2320 W VsyncModulator: setTransactionSchedule: Unexpected EarlyEnd
04-29 20:12:13.796  1094  1094 E vendor.qti.hardware.perf@2.2-service: Unknown params
04-29 20:12:13.793  1094  1094 W perf@2.2-servic: type=1400 audit(0.0:870759): avc: denied { search } for name="1273" dev="proc" ino=15645186 scontext=u:r:vendor_hal_perf_default:s0 tcontext=u:r:surfaceflinger:s0 tclass=dir permissive=0
04-29 20:12:13.793  1094  1094 W perf@2.2-servic: type=1400 audit(0.0:870760): avc: denied { search } for name="1273" dev="proc" ino=15645186 scontext=u:r:vendor_hal_perf_default:s0 tcontext=u:r:surfaceflinger:s0 tclass=dir permissive=0
04-29 20:12:13.798  1094  1117 E ANDR-PERF-OPTSHANDLER: Can't process request: noroot_thread is not running
04-29 20:12:13.798  1094  1117 E ANDR-PERF-RESOURCEQS: Failed to apply optimization [7, 3]
04-29 20:12:14.767 29889 30480 D GuardManager.GuardStateScheduler: [process] filterRealForegroundProcMap: invoked.  realProcMap: {com.tencent.mobileqq=1651234298727}
04-29 20:12:14.780  3824  4059 D MobileSignalController: slot: 0 ,Current state: 0 mobile State:0
04-29 20:12:14.807  1273  2320 W VsyncModulator: setTransactionSchedule: Unexpected EarlyEnd
04-29 20:12:14.808  1094  1094 E vendor.qti.hardware.perf@2.2-service: Unknown params
04-29 20:12:14.805  1094  1094 W perf@2.2-servic: type=1400 audit(0.0:870761): avc: denied { search } for name="1273" dev="proc" ino=15645186 scontext=u:r:vendor_hal_perf_default:s0 tcontext=u:r:surfaceflinger:s0 tclass=dir permissive=0
04-29 20:12:14.805  1094  1094 W perf@2.2-servic: type=1400 audit(0.0:870762): avc: denied { search } for name="1273" dev="proc" ino=15645186 scontext=u:r:vendor_hal_perf_default:s0 tcontext=u:r:surfaceflinger:s0 tclass=dir permissive=0
04-29 20:12:14.810  1094  1117 E ANDR-PERF-OPTSHANDLER: Can't process request: noroot_thread is not running
04-29 20:12:14.810  1094  1117 E ANDR-PERF-RESOURCEQS: Failed to apply optimization [7, 3]
04-29 20:12:14.854 29889 12950 I threadimpl_log: idle check begin...
04-29 20:12:14.949  3794  3794 D TelephonyManager: requestModemActivityInfo: Sending result to app: ModemActivityInfo{ mTimestamp=242698227 mSleepTimeMs=136637106 mIdleTimeMs=899350 mTxTimeMs[]=[2995785, 157735, 202917, 141022, 106650] mRxTimeMs=93896931}
04-29 20:12:15.586  1667  1721 V LocationPolicy: writePolicyLocked()
04-29 20:12:15.597 29889 30322 D QQDtReporter: 848QQDT _report eventKey: dt_app_heartbeat, appKey:0S200MNJT807V3GE, type: NORMAL, isQCircle: false, isMsfImme: false, reportPolicy: 0, params: {client_page_name=com.tencent.mobileqq.activity.NotificationActivity, dt_starttype=0, dt_wxopenid=, dt_seqtime=1644307391650, app_bld=2538, dt_fchlid=, os_vrsn=Android 12, dt_mchlid=, client_process_name=com.tencent.mobileqq, dt_tid=, dt_guid=5141f1aa58ea5d8f94bdebbb338cbaf2, dt_usstmp=1651232962784, dt_callfrom=, dt_qq=2448021077, dt_usid=1651232962784600, dt_ussn=1644303311680505, dt_qqopenid=, dt_omgbzid=, dt_seqid=5749, os=1, dt_mainlogin=, udf_kv={}, dt_protoversion=1, dt_wbopenid=, dt_app_foreground_heartbeat_duration=60000, dt_callschema=, dt_simtype=3, qq_appid=537112593, dt_oaid=, dt_adcode=, dt_wxunionid=, dt_accountid=2448021077, ui_vrsn=MIUI V130, dt_sdkversion=2300, app_vr=8.8.68, dt_coldstart=1, dt_app_sessionid=1651234275595404}
04-29 20:12:15.598  7761  8081 D PowerKeeper.AppBgIdle: setUidState, uid = 10353 allow = true
04-29 20:12:15.601  1667  2610 V AppStateTracker: Package com.example.newag/10353 toggled into fg service restriction
04-29 20:12:15.602  1667  2610 V AppStateTracker: Package com.example.newag/10353 toggled into fg service restriction
04-29 20:12:15.602  1667  2610 V AppStateTracker: Package com.example.newag/10353 toggled into fg service restriction
04-29 20:12:15.708  1667  3092 D MIUIInput: [MotionEvent] publisher action=0x0, 98523726, channel '3bdb2f8 GestureStub (server)'
04-29 20:12:15.709  3828  3828 D NavStubView: onTouchEvent: action=0, count=1
04-29 20:12:15.710  1273  1423 D RefreshRateConfigs: TouchBoost - choose 120.00fps
04-29 20:12:15.710  1273  1422 D RefreshRateConfigs: TouchBoost - choose 120.00fps
04-29 20:12:15.710  1273  1423 W VsyncModulator: setTransactionSchedule: Unexpected EarlyEnd
04-29 20:12:15.712  1094  1094 E vendor.qti.hardware.perf@2.2-service: Unknown params
04-29 20:12:15.712  3828  3828 D NavStubView: onTouch ACTION_DOWN sendMessageDelayed MSG_CHECK_GESTURE_STUB_TOUCHABLE
04-29 20:12:15.712  1094  1094 E ANDR-PERF-HINTEXT: Offload new thread from FpsUpdatePreAction
04-29 20:12:15.709  1094  1094 W perf@2.2-servic: type=1400 audit(0.0:870763): avc: denied { search } for name="1273" dev="proc" ino=15645186 scontext=u:r:vendor_hal_perf_default:s0 tcontext=u:r:surfaceflinger:s0 tclass=dir permissive=0
04-29 20:12:15.709  1094  1094 W perf@2.2-servic: type=1400 audit(0.0:870764): avc: denied { search } for name="1273" dev="proc" ino=15645186 scontext=u:r:vendor_hal_perf_default:s0 tcontext=u:r:surfaceflinger:s0 tclass=dir permissive=0
04-29 20:12:15.713  1094  1094 E vendor.qti.hardware.perf@2.2-service: Unknown params
04-29 20:12:15.718  1094  1117 E ANDR-PERF-OPTSHANDLER: Can't process request: noroot_thread is not running
04-29 20:12:15.718  1094  1117 E ANDR-PERF-RESOURCEQS: Failed to apply optimization [7, 3]
04-29 20:12:15.728  1084  1084 I SDM     : HWDeviceDRM::UpdateMixerAttributes: Mixer WxH 1440x3200-1 for Peripheral
04-29 20:12:15.728  1084  1084 I SDM     : HWCDisplay::SubmitDisplayConfig: Active configuration changed to: 0
04-29 20:12:15.736  1946  3111 D libsensor-F2SNotifier: DisplayFreq2SlpiNotifier display_freq = 120
04-29 20:12:15.737   981  1164 E minksocket: MinkIPC_QRTR_Service: client with node 1 port 4a15 went down
04-29 20:12:15.738   981  1164 E minksocket: MinkIPC_QRTR_Service: client with node 1 port 4a16 went down
04-29 20:12:15.739   981  1164 E minksocket: MinkIPC_QRTR_Service: client with node 1 port 4a17 went down
04-29 20:12:15.740   981  1164 E minksocket: MinkIPC_QRTR_Service: client with node 1 port 4a18 went down
04-29 20:12:15.741   981  1164 E minksocket: MinkIPC_QRTR_Service: client with node 1 port 4a19 went down
04-29 20:12:15.744   981  1164 E minksocket: MinkIPC_QRTR_Service: client with node 1 port 4a1a went down
04-29 20:12:15.760  3828  3828 D NavStubView: onTouchEvent: action=2, count=1
04-29 20:12:15.761  3828  4052 D MiBridge: requestCpuHighFreq---- uid: 10079 level: 1 timeoutms:1000
04-29 20:12:15.761  1877  1958 W MiuiBooster: "MiuiBoosterService requestCpuHighFreq: 10079, 1, 1000"
04-29 20:12:15.761  1877  1958 W MiuiBooster: "requestCpuHighFreq,final level:1,final timeoutms:1000"
04-29 20:12:15.761  1877  1958 W MiuiBooster: "perf_hint_hc start"
04-29 20:12:15.761  1877  1958 W MiuiBooster: "big_core_value[level-1]:4095"
04-29 20:12:15.761  1877  1958 W MiuiBooster: "little_core_value[level-1]:4095"
04-29 20:12:15.761  1877  1958 W MiuiBooster: "prime_core_value[level - 1]:4095"
04-29 20:12:15.757  1094  1094 W perf@2.2-servic: type=1400 audit(0.0:870765): avc: denied { search } for name="1877" dev="proc" ino=15644215 scontext=u:r:vendor_hal_perf_default:s0 tcontext=u:r:miuibooster:s0 tclass=dir permissive=0
04-29 20:12:15.757  1094  1094 W perf@2.2-servic: type=1400 audit(0.0:870766): avc: denied { search } for name="1877" dev="proc" ino=15644215 scontext=u:r:vendor_hal_perf_default:s0 tcontext=u:r:miuibooster:s0 tclass=dir permissive=0
04-29 20:12:15.763  1877  1958 W MiuiBooster: "perf_handle:284164"
04-29 20:12:15.763  3828  4052 D MiBridge: requestCpuHighFreq handle: 1
04-29 20:12:15.764  3828  4052 D Launcher_CPUBooster: boostCpuToMax:0
04-29 20:12:15.769  3828  3828 D NavStubView: onTouchEvent: action=2, count=1
04-29 20:12:15.778  3828  3828 D NavStubView: onTouchEvent: action=2, count=1
04-29 20:12:15.778  3828  3828 D NavStubView: onPointEvent: rawX=710.0   rawY=3199.0   action=0   mIsInFsMode=false
04-29 20:12:15.779  3828  3828 E RotationHelper: setCurrentTransitionRequest: request=2
04-29 20:12:15.779  3828  3828 E RotationHelper: notifyChange activityFlags=1, mMultiWindowRotationRequest=3, mCurrentTransitionRequest=2, mCurrentStateRequest=0
04-29 20:12:15.779  3828  3828 W RecentsModel: getRunningTaskContainHome
04-29 20:12:15.780  3828  3828 W RecentsModel: getRunningTask   taskInfo=TaskInfo{userId=0 taskId=1789 displayId=0 isRunning=true baseIntent=Intent { act=android.intent.action.MAIN cat=[android.intent.category.LAUNCHER] flg=0x10200000 cmp=com.tencent.mobileqq/.activity.SplashActivity } baseActivity=ComponentInfo{com.tencent.mobileqq/com.tencent.mobileqq.activity.SplashActivity} topActivity=ComponentInfo{com.tencent.mobileqq/com.tencent.mobileqq.activity.NotificationActivity} origActivity=null realActivity=ComponentInfo{com.tencent.mobileqq/com.tencent.mobileqq.activity.SplashActivity} numActivities=2 lastActiveTime=242699058 supportsSplitScreenMultiWindow=true supportsMultiWindow=true resizeMode=2 isResizeable=true token=WCT{android.window.IWindowContainerToken$Stub$Proxy@d8f769b} topActivityType=1 pictureInPictureParams=PictureInPictureParams( aspectRatio=null sourceRectHint=null hasSetActions=false isAutoPipEnabled=false isSeamlessResizeEnabled=true) displayCutoutSafeInsets=Rect(0, 137 - 0, 0) topActivityInfo=ActivityInfo{31aea38 com.tencent.mobileqq.activity.NotificationActivity} launchCookies=[] positionInParent=Point(0, 0) parentTaskId=-1 isFocused=true isVisible=true topActivityInSizeCompat=false locusId= null windowMode=1}
04-29 20:12:15.780  3828  3828 W RecentsModel: getTaskInfoIgnoreFreeform   taskInfo=ComponentInfo{com.tencent.mobileqq/com.tencent.mobileqq.activity.SplashActivity}
04-29 20:12:15.780  3828  3828 D NavStubView: current window mode:2 (1:home, 2:app, 3:recent-task, 4:keyguard, 5:quick-switch, 6:assistant, 7:one-hand)
04-29 20:12:15.780  3828  3828 W NavStubView: mIsBlockedAfterExitSmallWindowMode=false
04-29 20:12:15.780  3828  3828 W NavStubView: mIsBlockedAfterStartNewTask=false
04-29 20:12:15.780  3828  3828 D NavStubView: isAppHandleGesture, runningTaskClassName=com.tencent.mobileqq.activity.NotificationActivity, isAppHandleGesture=false
04-29 20:12:15.781  7761  8317 I DisplayFrameSetting: appToHomeGestrueStart is back to home, during gesture setFps: 120
04-29 20:12:15.781  3828  3828 E BlurUtils: fastBlur ratio=0.0   withAnim=false   sBlurRatioValue=0.0
04-29 20:12:15.781  3828  3828 E Launcher: changeViewByFsGestureState,  view=ShortcutMenuLayer,  alpha=0.0,  scale=0.75
04-29 20:12:15.781  7761  8317 I DisplayFrameSetting: setScreenEffect pkg=com.tencent.mobileqq fps=120 cookie=244
04-29 20:12:15.781  3828  3828 D NavStubView: NavStubView::removeAllSmallWindowMessages
04-29 20:12:15.781  3828  4057 D RecentsSmallWindowCrop: resetSmallWindowCrop
04-29 20:12:15.781  3828  3828 D EventBus: No subscribers registered for event class com.miui.home.launcher.common.messages.CloseAllOverLauncherWindowMessage
04-29 20:12:15.781  3828  3828 D EventBus: No subscribers registered for event class org.greenrobot.eventbus.NoSubscriberEvent
04-29 20:12:15.782  3828  3828 D NavStubView: onPointEvent: rawX=711.0797   rawY=3186.761   action=2   mIsInFsMode=false
04-29 20:12:15.782  3828  3971 I Launcher: notifyPowerKeeperGesture status: gesture_start
04-29 20:12:15.782  3828  3971 D ActivityManagerWrapper: startRecentsActivityAtLeastS
04-29 20:12:15.782  3828  3828 W GestureStateMachine: InitState msg=1
04-29 20:12:15.782  3828  3828 W GestureStateMachine: AppWaitToDragState enter
04-29 20:12:15.784  1667  6891 I MiuiMultiWindowSplitUI: setSplitBarVisibility, mCoverLp is null
04-29 20:12:15.786  3828  3828 D NavStubView: onTouchEvent: action=2, count=1
04-29 20:12:15.786  1667  3127 I MiuiNetworkPolicy: updateUidState uid = 10079, uidState = 2
04-29 20:12:15.786  3828  3828 W GestureStateMachine: AppWaitToDragState msg=3
04-29 20:12:15.786  1667  3127 I MiuiNetworkPolicyTrafficLimit: updateWhiteListUidForMobileTraffic uid=10079,add=true
04-29 20:12:15.786  3828  3828 D NavStubView: onPointEvent: rawX=715.14905   rawY=3173.553   action=2   mIsInFsMode=false
04-29 20:12:15.787  3828  3828 W GestureStateMachine: AppWaitToDragState msg=2
04-29 20:12:15.787  3828  3828 W GestureStateMachine: AppWaitToDragState msg=3
04-29 20:12:15.788   838   930 E traffic : add TrafficMobileLimiter whitelist 10079
04-29 20:12:15.793  1667  3127 D MiuiNetworkPolicyTrafficLimit: updateWhiteListUidForMobileTraffic rst=true
04-29 20:12:15.794  3828  3828 D NavStubView: onTouchEvent: action=2, count=1
04-29 20:12:15.794  3828  3828 D NavStubView: onPointEvent: rawX=721.0442   rawY=3155.8674   action=2   mIsInFsMode=false
04-29 20:12:15.794  3828  3828 W GestureStateMachine: AppWaitToDragState msg=3
04-29 20:12:15.795  3828  3828 D Launcher.Lifecycle: onStart:UserHandle{0},db65ee8,false
04-29 20:12:15.796  3828  4129 I RenderThread: RenderThread resumed
04-29 20:12:15.796  3828  4129 I RenderThread: All controllers paused.
04-29 20:12:15.796  3828  4129 I RenderThread: RenderThread paused, waiting for signal
04-29 20:12:15.796 21350 22138 D LauncherOverlay: setActivityState:1
04-29 20:12:15.796  5775  5794 D LauncherOverlay: setActivityState:1
04-29 20:12:15.799  3497  3553 D HomeWallpaperRenderer: OFFSET  x: 1.0  y: 0.0
04-29 20:12:15.802  3828  3828 D NavStubView: onTouchEvent: action=2, count=1
04-29 20:12:15.806  1667  6891 W MiuiFreeFormGesturePointerEventListener: setMiuiFreeFormTouchExcludeRegion mTouchExcludeRegion = SkRegion((0,0,1440,137))
04-29 20:12:15.808  1667  2152 D PerfImpl: perfGetWorkLoadType
04-29 20:12:15.809  1094  1094 E vendor.qti.hardware.perf@2.2-service: Unknown params
04-29 20:12:15.810  1667  2152 D PerfImpl: perfScrollBoost: com.tencent.mobileqq, -1, 4
04-29 20:12:15.810  1667  2156 W ProcessStats: Tracking association SourceState{fc6dcbb com.android.systemui/1000 BTopFgs #446554} whose proc state 2 is better than process ProcessState{28f25d8 com.miui.notification:remote/1000 pkg=com.miui.notification} proc state 3 (13 skipped)
04-29 20:12:15.811  3828 14235 W System.err: java.lang.NoSuchFieldException: android.view.RemoteAnimationTarget#packageName
04-29 20:12:15.811  3828 14235 W System.err: 	at miui.util.ReflectionUtils.findField(ReflectionUtils.java:105)
04-29 20:12:15.811  3828 14235 W System.err: 	at com.android.systemui.shared.recents.system.RemoteAnimationTargetCompat.<init>(RemoteAnimationTargetCompat.java:69)
04-29 20:12:15.811  3828 14235 W System.err: 	at com.android.systemui.shared.recents.system.RemoteAnimationTargetCompat.wrap(RemoteAnimationTargetCompat.java:99)
04-29 20:12:15.811  3828 14235 W System.err: 	at com.android.systemui.shared.recents.system.ActivityManagerWrapper$5.onAnimationStart(ActivityManagerWrapper.java:448)
04-29 20:12:15.811  3828 14235 W System.err: 	at com.android.systemui.shared.recents.IRecentsAnimationRunnerForAndroidS$Stub.onTransact(IRecentsAnimationRunnerForAndroidS.java:69)
04-29 20:12:15.811  3828 14235 W System.err: 	at android.os.Binder.execTransactInternal(Binder.java:1187)
04-29 20:12:15.811  3828 14235 W System.err: 	at android.os.Binder.execTransact(Binder.java:1146)
04-29 20:12:15.811  3828 14235 W System.err: java.lang.NoSuchFieldException: android.view.RemoteAnimationTarget#packageName
04-29 20:12:15.811  3828 14235 W System.err: 	at miui.util.ReflectionUtils.findField(ReflectionUtils.java:105)
04-29 20:12:15.811  3828 14235 W System.err: 	at com.android.systemui.shared.recents.system.RemoteAnimationTargetCompat.<init>(RemoteAnimationTargetCompat.java:69)
04-29 20:12:15.811  3828 14235 W System.err: 	at com.android.systemui.shared.recents.system.RemoteAnimationTargetCompat.wrap(RemoteAnimationTargetCompat.java:99)
04-29 20:12:15.811  3828 14235 W System.err: 	at com.android.systemui.shared.recents.system.ActivityManagerWrapper$5.onAnimationStart(ActivityManagerWrapper.java:448)
04-29 20:12:15.811  3828 14235 W System.err: 	at com.android.systemui.shared.recents.IRecentsAnimationRunnerForAndroidS$Stub.onTransact(IRecentsAnimationRunnerForAndroidS.java:69)
04-29 20:12:15.811  3828 14235 W System.err: 	at android.os.Binder.execTransactInternal(Binder.java:1187)
04-29 20:12:15.811  3828 14235 W System.err: 	at android.os.Binder.execTransact(Binder.java:1146)
04-29 20:12:15.811  3828 14235 D RecentsAnimationListenerImpl: onAnimationStart, homeContentInsets=Rect(0, 137 - 0, 0), minimizedHomeBounds=null
04-29 20:12:15.811  3828 14235 D RemoteAnimationTargetSet: 0, RemoteAnimationTargetCompat{taskId=2, mode=0, isTranslucent=false, clipRect=Rect(0, 0 - 0, 0), position=Point(0, 0), sourceContainerBounds=Rect(0, 0 - 1440, 3200), prefixOrderIndex=31, isNotInRecents=true, contentInsets=Rect(0, 137 - 0, 0), activityType=2, packageName=null}
04-29 20:12:15.811  3828 14235 D RemoteAnimationTargetSet: 1, RemoteAnimationTargetCompat{taskId=1789, mode=1, isTranslucent=true, clipRect=Rect(0, 0 - 0, 0), position=Point(0, 0), sourceContainerBounds=Rect(0, 0 - 1440, 3200), prefixOrderIndex=36, isNotInRecents=false, contentInsets=Rect(0, 137 - 0, 0), activityType=1, packageName=null}
04-29 20:12:15.811  3828 14235 E ClipAnimationHelper: updateSourceStack  mSourceInsets=Rect(0, 137 - 0, 0), mSourceStackBounds=Rect(0, 0 - 1440, 3200)
04-29 20:12:15.811  3828 14235 E ClipAnimationHelper: updateHomeStack  mSourceInsets=Rect(0, 137 - 0, 0), mHomeStackBounds=Rect(0, 0 - 1440, 3200)
04-29 20:12:15.811  3828 14235 E ClipAnimationHelper: updateTargetRect  mSourceRect=RectF(0.0, 137.0, 1440.0, 3334.4443)   mTargetRect=RectF(407.0, 137.0, 1033.0, 1527.0)   mSourceWindowClipInsets=RectF(0.0, 137.0, 0.0, 0.0)   mHomeStackBounds=Rect(0, 0 - 1440, 3200)   targetRect=Rect(407, 137 - 1033, 1527)
04-29 20:12:15.811  3828 14235 D RecentsAnimationListenerImpl: mIsStart=true
04-29 20:12:15.812  1094  1094 E vendor.qti.hardware.perf@2.2-service: Unknown params
04-29 20:12:15.813  1667  2152 D PerfImpl: perfGetWorkLoadType
04-29 20:12:15.813  1094  1094 E vendor.qti.hardware.perf@2.2-service: Unknown params
04-29 20:12:15.813  1667  2152 D PerfImpl: perfDragBoost: com.tencent.mobileqq, -1, 1
04-29 20:12:15.813  1094  1094 E vendor.qti.hardware.perf@2.2-service: Unknown params
04-29 20:12:15.815  1667  3127 I MiuiNetworkPolicy: updateUidState uid = 10239, uidState = 3
04-29 20:12:15.815  1667  3127 I MiuiNetworkPolicyTrafficLimit: updateWhiteListUidForMobileTraffic uid=10239,add=true
04-29 20:12:15.815  1667  3127 I MiuiNetworkPolicy: updateUidState uid = 10099, uidState = 3
04-29 20:12:15.815  1667  3127 I MiuiNetworkPolicyTrafficLimit: updateWhiteListUidForMobileTraffic uid=10099,add=true
04-29 20:12:15.816   838   930 E traffic : add TrafficMobileLimiter whitelist 10239
04-29 20:12:15.817  1667  3542 W MiuiFreeFormGesturePointerEventListener: setMiuiFreeFormTouchExcludeRegion mTouchExcludeRegion = SkRegion((0,0,1440,137))
04-29 20:12:15.817  1273  1273 D MI-SF   : Launcher Changed hasLauncher=1
04-29 20:12:15.820  1667  3127 D MiuiNetworkPolicyTrafficLimit: updateWhiteListUidForMobileTraffic rst=true
04-29 20:12:15.820   838   930 E traffic : add TrafficMobileLimiter whitelist 10099
04-29 20:12:15.821  1667  6820 W MiuiFreeFormGesturePointerEventListener: setMiuiFreeFormTouchExcludeRegion mTouchExcludeRegion = SkRegion((0,0,1440,137))
04-29 20:12:15.824  1667  6003 W MiuiFreeFormGesturePointerEventListener: setMiuiFreeFormTouchExcludeRegion mTouchExcludeRegion = SkRegion((0,0,1440,137))
04-29 20:12:15.826  1667  3127 D MiuiNetworkPolicyTrafficLimit: updateWhiteListUidForMobileTraffic rst=true
04-29 20:12:15.828  1094  1094 E vendor.qti.hardware.perf@2.2-service: Unknown params
04-29 20:12:15.821  3828  3828 W RenderThread: type=1400 audit(0.0:870767): avc: denied { search } for name="mcd" dev="dm-11" ino=263 scontext=u:r:platform_app:s0:c512,c768 tcontext=u:object_r:mcd_data_file:s0 tclass=dir permissive=0 app=com.miui.home
04-29 20:12:15.825 21350 21350 W RenderThread: type=1400 audit(0.0:870768): avc: denied { search } for name="mcd" dev="dm-11" ino=263 scontext=u:r:platform_app:s0:c512,c768 tcontext=u:object_r:mcd_data_file:s0 tclass=dir permissive=0 app=com.baidu.BaiduMap
04-29 20:12:15.828 21350 21350 D LauncherOverlay.Window: onStart
04-29 20:12:15.828  3828  3828 D NavStubView: onPointEvent: rawX=726.0921   rawY=3140.7236   action=2   mIsInFsMode=false
04-29 20:12:15.829  3828  3828 D NavStubView: onTouchEvent: action=2, count=1
04-29 20:12:15.830  3828  3828 W GestureStateMachine: AppWaitToDragState msg=2
04-29 20:12:15.830  3828  3828 W GestureStateMachine: AppWaitToDragState msg=3
04-29 20:12:15.830  3828  3828 D NavStubView: onPointEvent: rawX=743.1082   rawY=3067.8645   action=2   mIsInFsMode=false
04-29 20:12:15.830  3828  3828 W GestureStateMachine: AppWaitToDragState msg=3
04-29 20:12:15.830  3828  3828 D LauncherClient.Service: service already connected:com.miui.personalassistant
04-29 20:12:15.833  1094  1094 E vendor.qti.hardware.perf@2.2-service: Unknown params
04-29 20:12:15.835  3828  3828 D NavStubView: onTouchEvent: action=2, count=1
04-29 20:12:15.835 21350 22138 I OpenGLRenderer: Davey! duration=9223273671688ms; Flags=1, FrameTimelineVsyncId=6343646, IntendedVsync=98365165016106, Vsync=98365165016106, InputEventId=1796985496, HandleInputStart=98365166532683, AnimationStart=98365166533256, PerformTraversalsStart=98365166533568, DrawStart=98365180631693, FrameDeadline=98365185016106, FrameInterval=98365166514506, FrameStartTime=8333333, SyncQueued=98365181090027, SyncStart=98365182829923, IssueDrawCommandsStart=98365182876173, SwapBuffers=98365183522162, FrameCompleted=9223372036854775807, DequeueBufferDuration=9948, QueueBufferDuration=3142865, GpuCompleted=9223372036854775807, SwapBuffersCompleted=98365187293412, DisplayPresentTime=0, 
04-29 20:12:15.834  5775  5775 D LauncherOverlay.Window: onStart
04-29 20:12:15.836  3828  3828 D NavStubView: onPointEvent: rawX=748.2051   rawY=3042.167   action=2   mIsInFsMode=false
04-29 20:12:15.836  3828 13236 I OpenGLRenderer: Davey! duration=9223273513031ms; Flags=1, FrameTimelineVsyncId=6362868, IntendedVsync=98523822530490, Vsync=98523822530490, InputEventId=0, HandleInputStart=98523822805123, AnimationStart=98523823280435, PerformTraversalsStart=98523823281373, DrawStart=98523841350695, FrameDeadline=98523834197157, FrameInterval=98523822795018, FrameStartTime=8333333, SyncQueued=98523843079289, SyncStart=98523843498768, IssueDrawCommandsStart=98523845002258, SwapBuffers=98523847235852, FrameCompleted=9223372036854775807, DequeueBufferDuration=12396, QueueBufferDuration=843803, GpuCompleted=9223372036854775807, SwapBuffersCompleted=98523848546893, DisplayPresentTime=0, 
04-29 20:12:15.836  3828  3828 W GestureStateMachine: AppWaitToDragState msg=3
04-29 20:12:15.841  3828  3828 W GestureStateMachine: AppWaitToDragState msg=11
04-29 20:12:15.842  1667  1721 W MiuiFreeFormGesturePointerEventListener: setMiuiFreeFormTouchExcludeRegion mTouchExcludeRegion = SkRegion((0,0,1440,137))
04-29 20:12:15.843  3828  3828 D NavStubView: onTouchEvent: action=2, count=1
04-29 20:12:15.843  5775  5794 I OpenGLRenderer: Davey! duration=158688ms; Flags=1, FrameTimelineVsyncId=6343646, IntendedVsync=98365165016106, Vsync=98365165016106, InputEventId=1866936794, HandleInputStart=98365165845131, AnimationStart=98365165845964, PerformTraversalsStart=98365165846225, DrawStart=98365209947787, FrameDeadline=98365185016106, FrameInterval=98365165826798, FrameStartTime=8333333, SyncQueued=98365210042631, SyncStart=98365210137423, IssueDrawCommandsStart=98365210176746, SwapBuffers=98365210593360, FrameCompleted=98523853203716, DequeueBufferDuration=12344, QueueBufferDuration=1565000, GpuCompleted=98523853203716, SwapBuffersCompleted=98365213056589, DisplayPresentTime=0, 
04-29 20:12:15.843  3828  3828 D NavStubView: onPointEvent: rawX=753.7472   rawY=3014.8464   action=2   mIsInFsMode=false
04-29 20:12:15.844  3828  3828 W GestureStateMachine: AppDragState msg=3
04-29 20:12:15.844  3828  3828 W GestureStateMachine: AppDragState msg=2
04-29 20:12:15.845  1667  2157 W MiuiFreeFormGesturePointerEventListener: setMiuiFreeFormTouchExcludeRegion mTouchExcludeRegion = SkRegion((0,0,1440,137))
04-29 20:12:15.847  1667  1721 W MiuiFreeFormGesturePointerEventListener: setMiuiFreeFormTouchExcludeRegion mTouchExcludeRegion = SkRegion((0,0,1440,137))
04-29 20:12:15.848  1084  1084 E SDM     : HWCSession::GetClientTargetProperty: GetClinetTargetProperty interface enter
04-29 20:12:15.848  1084  1084 E SDM     : HWCDisplay::GetClientTargetProperty: QIPL: GetClinetTargetProperty func enter
04-29 20:12:15.848  3497  3941 W OpenGLRenderer: Surface doesn't have any previously queued frames, nothing to readback from
04-29 20:12:15.845  1094  1094 W perf@2.2-servic: type=1400 audit(0.0:870769): avc: denied { read } for name="cmdline" dev="proc" ino=15642827 scontext=u:r:vendor_hal_perf_default:s0 tcontext=u:r:hal_graphics_composer_default:s0 tclass=file permissive=0
04-29 20:12:15.845  1094  1094 W perf@2.2-servic: type=1400 audit(0.0:870770): avc: denied { read } for name="comm" dev="proc" ino=15644838 scontext=u:r:vendor_hal_perf_default:s0 tcontext=u:r:hal_graphics_composer_default:s0 tclass=file permissive=0
04-29 20:12:15.845  1094  1094 W perf@2.2-servic: type=1400 audit(0.0:870771): avc: denied { sys_nice } for capability=23 scontext=u:r:vendor_hal_perf_default:s0 tcontext=u:r:vendor_hal_perf_default:s0 tclass=capability permissive=0
04-29 20:12:15.851  3828  3828 D NavStubView: onTouchEvent: action=2, count=1
04-29 20:12:15.852  3828  3828 D NavStubView: onPointEvent: rawX=760.10333   rawY=2982.0608   action=2   mIsInFsMode=false
04-29 20:12:15.852  1667  2157 W MiuiFreeFormGesturePointerEventListener: setMiuiFreeFormTouchExcludeRegion mTouchExcludeRegion = SkRegion((0,0,1440,137))
04-29 20:12:15.852  3828  3828 W GestureStateMachine: AppDragState msg=3
04-29 20:12:15.853  1667  2157 D PerfImpl: perfFirstDrawBoost: com.miui.home, 3828, 1
04-29 20:12:15.854  1094  1094 E vendor.qti.hardware.perf@2.2-service: Unknown params
04-29 20:12:15.855  1667  2157 W MiuiFreeFormGesturePointerEventListener: setMiuiFreeFormTouchExcludeRegion mTouchExcludeRegion = SkRegion((0,0,1440,137))
04-29 20:12:15.856  1667  2157 W MiuiFreeFormGesturePointerEventListener: setMiuiFreeFormTouchExcludeRegion mTouchExcludeRegion = SkRegion((0,0,1440,137))
04-29 20:12:15.856  1084  1084 E SDM     : HWCSession::GetClientTargetProperty: GetClinetTargetProperty interface enter
04-29 20:12:15.856  1084  1084 E SDM     : HWCDisplay::GetClientTargetProperty: QIPL: GetClinetTargetProperty func enter
04-29 20:12:15.857  1667  3208 D MiuiFreeFormGestureController: handleFreeFormReceiver intent=Intent { act=android.intent.action.CLOSE_SYSTEM_DIALOGS flg=0x50000010 (has extras) }
04-29 20:12:15.857  4994  4994 I Market-HomeKeyReceiver: onReceive: action: android.intent.action.CLOSE_SYSTEM_DIALOGS
04-29 20:12:15.857  4994  4994 I Market-HomeKeyReceiver: reason: fs_gesture
04-29 20:12:15.858  3824  3824 V ShadeControllerImpl: NotificationShadeWindow: com.android.systemui.statusbar.phone.NotificationShadeWindowView{828ef00 I.E...... ......ID 0,0-1440,3200} canPanelBeCollapsed(): false
04-29 20:12:15.858  3824  3824 I vol.MiuiVolumeDialogImp-plugin: dismissH mShowing:false dialog showing:false reason:2
04-29 20:12:15.859  1667  2157 W MiuiFreeFormGesturePointerEventListener: setMiuiFreeFormTouchExcludeRegion mTouchExcludeRegion = SkRegion((0,0,1440,137))
04-29 20:12:15.860  3828  3828 D NavStubView: onTouchEvent: action=2, count=1
04-29 20:12:15.860  3828  3828 D NavStubView: onPointEvent: rawX=765.9338   rawY=2950.9966   action=2   mIsInFsMode=false
04-29 20:12:15.860  3828  3828 W GestureStateMachine: AppDragState msg=2
04-29 20:12:15.860  3828  3828 W GestureStateMachine: AppDragState msg=3
04-29 20:12:15.864  1084  1084 E SDM     : HWCSession::GetClientTargetProperty: GetClinetTargetProperty interface enter
04-29 20:12:15.864  1084  1084 E SDM     : HWCDisplay::GetClientTargetProperty: QIPL: GetClinetTargetProperty func enter
04-29 20:12:15.868  3828  3828 D NavStubView: onTouchEvent: action=2, count=1
04-29 20:12:15.869  3828  3828 D NavStubView: onPointEvent: rawX=771.14124   rawY=2923.6743   action=2   mIsInFsMode=false
04-29 20:12:15.869  3828  3828 W GestureStateMachine: AppDragState msg=3
04-29 20:12:15.870  3828  3951 E StateBroadcastUtils: sendFsStateBroadCast state=crossSafeArea   channel=gesture   packageName=
04-29 20:12:15.870  1667  3208 D MiuiFreeFormGestureController: handleFreeFormReceiver intent=Intent { act=com.miui.fullscreen_state_change flg=0x10 (has extras) }
04-29 20:12:15.872  1084  1084 E SDM     : HWCSession::GetClientTargetProperty: GetClinetTargetProperty interface enter
04-29 20:12:15.872  1084  1084 E SDM     : HWCDisplay::GetClientTargetProperty: QIPL: GetClinetTargetProperty func enter
04-29 20:12:15.876  3828  3828 W GestureStateMachine: AppDragState msg=2
04-29 20:12:15.876  3828  3828 D NavStubView: onTouchEvent: action=2, count=1
04-29 20:12:15.877  3828  3828 D NavStubView: onPointEvent: rawX=776.05   rawY=2894.75   action=2   mIsInFsMode=false
04-29 20:12:15.877  3828  3828 W GestureStateMachine: AppDragState msg=3
04-29 20:12:15.881  1084  1084 E SDM     : HWCSession::GetClientTargetProperty: GetClinetTargetProperty interface enter
04-29 20:12:15.881  1084  1084 E SDM     : HWCDisplay::GetClientTargetProperty: QIPL: GetClinetTargetProperty func enter
04-29 20:12:15.884  3828  3828 D NavStubView: onTouchEvent: action=2, count=1
04-29 20:12:15.885  3828  3828 D NavStubView: onPointEvent: rawX=780.60626   rawY=2863.5435   action=2   mIsInFsMode=false
04-29 20:12:15.885  3828  3828 W GestureStateMachine: AppDragState msg=3
04-29 20:12:15.889  1084  1084 E SDM     : HWCSession::GetClientTargetProperty: GetClinetTargetProperty interface enter
04-29 20:12:15.889  1084  1084 E SDM     : HWCDisplay::GetClientTargetProperty: QIPL: GetClinetTargetProperty func enter
04-29 20:12:15.893  3828  3828 W GestureStateMachine: AppDragState msg=2
04-29 20:12:15.893  3828  3828 D NavStubView: onTouchEvent: action=2, count=1
04-29 20:12:15.893  3828  3828 D NavStubView: onPointEvent: rawX=784.2661   rawY=2829.4758   action=2   mIsInFsMode=false
04-29 20:12:15.894  3828  3828 W GestureStateMachine: AppDragState msg=3
04-29 20:12:15.894  3828  3889 W System  : A resource failed to call close. 
04-29 20:12:15.894  3828  3889 W System  : A resource failed to call close. 
04-29 20:12:15.894  3828  3889 W System  : A resource failed to call release. 
