04-29 20:11:38.637  3828  3971 D GestureStubView: showGestureStub
04-29 20:11:38.638  1667  3127 I MiuiNetworkPolicy: updateUidState uid = 99119, uidState = 19
04-29 20:11:38.640  1667  6260 W MiuiFreeFormGesturePointerEventListener: setMiuiFreeFormTouchExcludeRegion mTouchExcludeRegion = SkRegion((0,0,1440,3200))
04-29 20:11:38.641  1667  6249 W MiuiFreeFormGesturePointerEventListener: setMiuiFreeFormTouchExcludeRegion mTouchExcludeRegion = SkRegion((0,0,1440,3200))
04-29 20:11:38.642  3828  3971 D GestureStubView: gatherTransparentRegion: need render w:54  h:1920
04-29 20:11:38.642 29889 12137 E linker  : library "/system_ext/lib64/libhwuiinsptrdl.so" ("/system_ext/lib64/libhwuiinsptrdl.so") needed or dlopened by "/system/lib/libhwui.so" is not accessible for the namespace: [name="(default)", ld_library_paths="", default_library_paths="/system/lib:/system_ext/lib", permitted_paths="/system/lib/drm:/system/lib/extractors:/system/lib/hw:/system_ext/lib:/system/framework:/system/app:/system/priv-app:/system_ext/framework:/system_ext/app:/system_ext/priv-app:/vendor/framework:/vendor/app:/vendor/priv-app:/system/vendor/framework:/system/vendor/app:/system/vendor/priv-app:/odm/framework:/odm/app:/odm/priv-app:/oem/app:/product/framework:/product/app:/product/priv-app:/data:/mnt/expand:/apex/com.android.runtime/lib/bionic:/system/lib/bootstrap"]
04-29 20:11:38.645  1667  6249 W MiuiFreeFormGesturePointerEventListener: setMiuiFreeFormTouchExcludeRegion mTouchExcludeRegion = SkRegion((0,0,1440,3200))
04-29 20:11:38.646  3828  3971 D GestureStubView: gatherTransparentRegion: need render w:54  h:1920
04-29 20:11:38.647  1094  1094 E vendor.qti.hardware.perf@2.2-service: Unknown params
04-29 20:11:38.649  1667  6260 W MiuiFreeFormGesturePointerEventListener: setMiuiFreeFormTouchExcludeRegion mTouchExcludeRegion = SkRegion((0,0,1440,3200))
04-29 20:11:38.650 29889 29889 E page.PageSwitchObserver: postAppearDetectionTask: unable to detect activity
04-29 20:11:38.650 29889 12137 E linker  : library "/system_ext/lib64/libhwuiinsptrdl.so" ("/system_ext/lib64/libhwuiinsptrdl.so") needed or dlopened by "/system/lib/libhwui.so" is not accessible for the namespace: [name="(default)", ld_library_paths="", default_library_paths="/system/lib:/system_ext/lib", permitted_paths="/system/lib/drm:/system/lib/extractors:/system/lib/hw:/system_ext/lib:/system/framework:/system/app:/system/priv-app:/system_ext/framework:/system_ext/app:/system_ext/priv-app:/vendor/framework:/vendor/app:/vendor/priv-app:/system/vendor/framework:/system/vendor/app:/system/vendor/priv-app:/odm/framework:/odm/app:/odm/priv-app:/oem/app:/product/framework:/product/app:/product/priv-app:/data:/mnt/expand:/apex/com.android.runtime/lib/bionic:/system/lib/bootstrap"]
04-29 20:11:38.654  1094  1094 E vendor.qti.hardware.perf@2.2-service: Unknown params
04-29 20:11:38.654 29889 29889 D ConversationTitleBtnCtrl: updateQQCircle false ,isZplanBtnShow: false
04-29 20:11:38.654 29889 29889 E QzoneConfig: key = qqcircle secondaryKey= qqcircle_show_entrance_on_message_tab value= 1
04-29 20:11:38.654 29889 29889 E QzoneConfig: key = qqcircle secondaryKey= qqcircle_show_entrance_on_message_tab value= 1
04-29 20:11:38.654 29889 29889 W QQProxyForQlink: receive qqAccountbroacast action=mqq.intent.action.ACCOUNT_KICKED
04-29 20:11:38.655 29889 29889 I [MiniSDK]AppMainService: AppMainService Service onUnbind~~~
04-29 20:11:38.655 29889 29889 I [MiniSDK]AppMainService: AppMainService Service onDestroy~~~
04-29 20:11:38.655  1667  2157 W MiuiFreeFormGesturePointerEventListener: setMiuiFreeFormTouchExcludeRegion mTouchExcludeRegion = SkRegion((0,0,1440,137))
04-29 20:11:38.655 11241 11416 D MSF.C.NetConnTag.true: use simple head for uin:*1077
04-29 20:11:38.655 11241 11416 D MSF.C.CodecWarppertrue: recv Packet removeItem setV9, ssoSeq:68919, uin:*1077
04-29 20:11:38.655 11241 11416 D MSF.C.NetConnTag.true: netRecv ssoSeq:68919 uin:*1077 cmd:GTcxIAkuJnQ4Jjc9KSwgKA 69183 cross:0
04-29 20:11:38.656  3626  3626 I Zygote  : Process 12278 exited cleanly (0)
04-29 20:11:38.656 11241 11416 I wlogin_sdk[P:3754]: get guid 5141f1aa58ea5d8f94bdebbb338cbaf2
04-29 20:11:38.656 11241 11416 D MSF.C.PushManager:PushCoder: handlerPush unregister push succ 289654E3A0A7A5624590F6AA09B29C6F
04-29 20:11:38.656 11241 11416 D MSF.C.PushManager:PushCoder: iStatus is 0, use old status: 0
04-29 20:11:38.656 11241 11406 I MSF.S.AppProcessManager: SendToApp PUSH process:com.tencent.mobileqq fromServiceMsg: FromServiceMsg msName:pushSetConfig ssoSeq:-1 serviceCmd:cmd_pushSetConfig appSeq:-1 failCode:1000 cost = 0 needBoot=false from.len = 0
04-29 20:11:38.657 29889 32112 D MSF.D.Proxy: onRecvServicePushResp, fromServiceMsg cmd = cmd_pushSetConfig, ssoSeq = -1, length = 0
04-29 20:11:38.658 29889 31945 I LiteSDKForCrossProcess: ilive onConnectUnbind, [com.tencent.mobileqq:qzone]
04-29 20:11:38.658   840   840 I Zygote  : Process 11673 exited due to signal 9 (Killed)
04-29 20:11:38.659  1667  2157 D PerfImpl: perfFirstDrawBoost: com.tencent.mobileqq, 29889, 1
04-29 20:11:38.659  1094  1094 E vendor.qti.hardware.perf@2.2-service: Unknown params
04-29 20:11:38.660 29889 29889 E QzoneConfig: key = qqcircle secondaryKey= qqcircle_show_entrance_on_recommend_tab value= null
04-29 20:11:38.660 29889 29889 E QCircleConfigHelper: isQQCircleShowLebaEntrance:0
04-29 20:11:38.660 29889 29889 E QCircleEeveeRedPoint_LebaQCirclePartImpl: updateQQCircleRedFlag hide
04-29 20:11:38.661 29889 29889 E QzoneConfig: key = qqcircle secondaryKey= qqcircle_show_entrance_on_recommend_tab value= null
04-29 20:11:38.661 29889 29889 E QCircleConfigHelper: isQQCircleShowLebaEntrance:0
04-29 20:11:38.661 29889 29889 E QCircleEeveeRedPoint_LebaQCirclePartImpl: updateQQCircleRedFlag hide
04-29 20:11:38.661 29889 12916 D MainAssistObserver: updateTabSettingNotify me count=64
04-29 20:11:38.662 11241 11406 I MSF.S.AppProcessManager: SendToApp PUSH process:com.tencent.mobileqq:peak fromServiceMsg: FromServiceMsg msName:pushSetConfig ssoSeq:-1 serviceCmd:cmd_pushSetConfig appSeq:-1 failCode:1000 cost = 0 needBoot=false from.len = 0
04-29 20:11:38.662 11241 11406 D MSF.S.AppProcessInfo: setAppDisConnected appProcessName = com.tencent.mobileqq:peak, isAppConnected = false, halfCloseStatus = false, keepProcessAlive = false, preCallback = d0904cd
04-29 20:11:38.662 11241 11406 W MSF.S.AppProcessManager: DeadObjectException process=com.tencent.mobileqq:peak cost=0, isBinderConnectOptEnable = falseandroid.os.DeadObjectException
04-29 20:11:38.662 11241 11406 W MSF.S.AppProcessManager: 	at android.os.BinderProxy.transactNative(Native Method)
04-29 20:11:38.662 11241 11406 W MSF.S.AppProcessManager: 	at android.os.BinderProxy.transact(BinderProxy.java:624)
04-29 20:11:38.662 11241 11406 W MSF.S.AppProcessManager: 	at com.tencent.qphone.base.remote.IMsfServiceCallbacker$Stub$Proxy.onReceivePushResp(P:260)
04-29 20:11:38.662 11241 11406 W MSF.S.AppProcessManager: 	at com.tencent.mobileqq.msf.service.b.a(P:686)
04-29 20:11:38.662 11241 11406 W MSF.S.AppProcessManager: 	at com.tencent.mobileqq.msf.service.b.a(P:603)
04-29 20:11:38.662 11241 11406 W MSF.S.AppProcessManager: 	at com.tencent.mobileqq.msf.service.b.a(P:472)
04-29 20:11:38.662 11241 11406 W MSF.S.AppProcessManager: 	at com.tencent.mobileqq.msf.service.b.run(P:375)
04-29 20:11:38.662  1094  1094 E vendor.qti.hardware.perf@2.2-service: Unknown params
04-29 20:11:38.663  1667  2151 I ActivityTaskManager: Displayed com.tencent.mobileqq/.activity.NotificationActivity: +127ms
04-29 20:11:38.663  1667  2151 D PerfImpl: perfLockReleaseHandler: 284135
04-29 20:11:38.663  1667  2157 W MiuiFreeFormGesturePointerEventListener: setMiuiFreeFormTouchExcludeRegion mTouchExcludeRegion = SkRegion((0,0,1440,137))
04-29 20:11:38.664 29889 30796 D LebaQCirclePartImpl: onConfigChange
04-29 20:11:38.664 29889 29889 D ConversationTitleBtnCtrl: updateQQCircle false ,isZplanBtnShow: false
04-29 20:11:38.664 29889 29889 E QzoneConfig: key = qqcircle secondaryKey= qqcircle_show_entrance_on_message_tab value= 1
04-29 20:11:38.664 29889 30796 I QzoneConfig: enableDirectIpQZoneConfig:true
04-29 20:11:38.664 29889 29889 E QzoneConfig: key = qqcircle secondaryKey= qqcircle_show_entrance_on_message_tab value= 1
04-29 20:11:38.667  1667  2176 I libprocessgroup: Successfully killed process cgroup uid 99119 pid 12278 in 0ms
04-29 20:11:38.667 29889 30796 I QzoneConfig: enableDirectIpQZoneConfig:true
04-29 20:11:38.668  1273  1423 D RefreshRateConfigs: TouchBoost - choose 120.00fps
04-29 20:11:38.668  1667  2157 W MiuiFreeFormGesturePointerEventListener: setMiuiFreeFormTouchExcludeRegion mTouchExcludeRegion = SkRegion((0,0,1440,137))
04-29 20:11:38.669  3828 13236 D RecentsModel: onTaskStackChangedBackground
04-29 20:11:38.669  3828  4256 D RecentsModel: onTaskStackChangedBackground    MSG_TASK_STACK_CHANGE
04-29 20:11:38.669  3828  4256 D RecentsModel: preloadRecents
04-29 20:11:38.669  3828  4256 W RecentsModel: getRunningTask
04-29 20:11:38.671  1667  2157 W MiuiFreeFormGesturePointerEventListener: setMiuiFreeFormTouchExcludeRegion mTouchExcludeRegion = SkRegion((0,0,1440,137))
04-29 20:11:38.672  6175  6205 I com.xiaomi.xms: oneway function results for code 3 on binder at 0xb4000073aecc6a80 will be dropped but finished with status UNKNOWN_TRANSACTION
04-29 20:11:38.672  1667  3127 I MiuiNetworkPolicy: removeUidState uid = 99119
04-29 20:11:38.673  3828  4256 W RecentsModel: getRunningTask   taskInfo=TaskInfo{userId=0 taskId=1789 displayId=0 isRunning=true baseIntent=Intent { act=android.intent.action.MAIN cat=[android.intent.category.LAUNCHER] flg=0x10200000 cmp=com.tencent.mobileqq/.activity.SplashActivity } baseActivity=ComponentInfo{com.tencent.mobileqq/com.tencent.mobileqq.activity.SplashActivity} topActivity=ComponentInfo{com.tencent.mobileqq/com.tencent.mobileqq.activity.NotificationActivity} origActivity=null realActivity=ComponentInfo{com.tencent.mobileqq/com.tencent.mobileqq.activity.SplashActivity} numActivities=2 lastActiveTime=242661951 supportsSplitScreenMultiWindow=true supportsMultiWindow=true resizeMode=2 isResizeable=true token=WCT{android.window.IWindowContainerToken$Stub$Proxy@1bfb0c6} topActivityType=1 pictureInPictureParams=PictureInPictureParams( aspectRatio=null sourceRectHint=null hasSetActions=false isAutoPipEnabled=false isSeamlessResizeEnabled=true) displayCutoutSafeInsets=Rect(0, 137 - 0, 0) topActivityInfo=ActivityInfo{59ec887 com.tencent.mobileqq.activity.NotificationActivity} launchCookies=[] positionInParent=Point(0, 0) parentTaskId=-1 isFocused=true isVisible=true topActivityInSizeCompat=false locusId= null windowMode=1}
04-29 20:11:38.673  3828  4256 W RecentsModel: getTaskInfoIgnoreHomeAndFreeform   taskInfo=ComponentInfo{com.tencent.mobileqq/com.tencent.mobileqq.activity.SplashActivity}
04-29 20:11:38.673  7761 10430 D UidObserver: onUidGone entry uid = 99119
04-29 20:11:38.673 29889 29889 E QzoneConfig: key = qqcircle secondaryKey= qqcircle_show_entrance_on_recommend_tab value= 1
04-29 20:11:38.673 29889 29889 E QCircleConfigHelper: isQQCircleShowLebaEntrance:1
04-29 20:11:38.673 29889 29889 E QCircleEeveeRedPoint_LebaQCirclePartImpl: updateQQCircleRedFlag hide
04-29 20:11:38.674  3828  4256 E ActivityManagerWrapper: get all recent tasks force including 1789
04-29 20:11:38.675  3828  4256 E ActivityManagerWrapper: getRecentTasks: size=4
04-29 20:11:38.675  3828  4256 E ActivityManagerWrapper: getRecentTasks: taskId=1789   userId=0   baseIntent=Intent { act=android.intent.action.MAIN cat=[android.intent.category.LAUNCHER] flg=0x10200000 cmp=com.tencent.mobileqq/.activity.SplashActivity }
04-29 20:11:38.675  3828  4256 E ActivityManagerWrapper: getRecentTasks: taskId=1792   userId=0   baseIntent=Intent { act=android.intent.action.MAIN cat=[android.intent.category.LAUNCHER] flg=0x10000000 cmp=com.example.newag/.mvp.ui.main.SplashActivity }
04-29 20:11:38.675  3828  4256 E ActivityManagerWrapper: getRecentTasks: taskId=1793   userId=0   baseIntent=Intent { flg=0x10800000 cmp=com.miui.thirdappassistant/.ui.NotificationDetailActivity }
04-29 20:11:38.675  3828  4256 E ActivityManagerWrapper: getRecentTasks: taskId=1791   userId=0   baseIntent=Intent { act=android.intent.action.MAIN cat=[android.intent.category.LAUNCHER] flg=0x10200000 cmp=com.android.settings/.MainSettings }
04-29 20:11:38.677 29889 29889 E page.PageSwitchObserver: postAppearDetectionTask: unable to detect activity
04-29 20:11:38.677  1667  6788 I ActivityManager: Process com.tencent.mobileqq:qzone (pid 11673) has died: fg  SVC 
04-29 20:11:38.679  1667  2176 I libprocessgroup: Successfully killed process cgroup uid 10304 pid 11673 in 0ms
04-29 20:11:38.679  6175  6205 I com.xiaomi.xms: oneway function results for code 3 on binder at 0xb4000073aecc6a80 will be dropped but finished with status UNKNOWN_TRANSACTION
04-29 20:11:38.682  1667  2181 E KernelCpuUidActiveTimeReader: Negative delta from active time for uid: 10300, delta: -4
04-29 20:11:38.682  1667  2181 E KernelCpuUidActiveTimeReader: Negative delta from active time for uid: 10211, delta: -9
04-29 20:11:38.682  1667  2181 E KernelCpuUidActiveTimeReader: Negative delta from active time for uid: 10198, delta: -8
04-29 20:11:38.682  1667  2181 E KernelCpuUidActiveTimeReader: Negative delta from active time for uid: 10201, delta: -2
04-29 20:11:38.683 11241 11406 I MSF.S.AppProcessManager: SendToApp process:com.tencent.mobileqq fromServiceMsg: FromServiceMsg msName:unRegisterPush ssoSeq:68919 serviceCmd:push.unRegister appSeq:920 failCode:1000 cos t =0 needBoot=false to.len = 231 from.len = 173
04-29 20:11:38.683  1667  2157 W MiuiFreeFormGesturePointerEventListener: setMiuiFreeFormTouchExcludeRegion mTouchExcludeRegion = SkRegion((0,0,1440,137))
04-29 20:11:38.684  1667  2181 E KernelCpuUidActiveTimeReader: Negative delta from active time for uid: 99901000, delta: -9
04-29 20:11:38.685  1667  2181 E KernelCpuUidActiveTimeReader: Negative delta from active time for uid: 10089, delta: -10
04-29 20:11:38.685  1667  2181 E KernelCpuUidActiveTimeReader: Negative delta from active time for uid: 10097, delta: -9
04-29 20:11:38.685  1667  2181 E KernelCpuUidActiveTimeReader: Negative delta from active time for uid: 10118, delta: -11
04-29 20:11:38.685  1667  2181 E KernelCpuUidActiveTimeReader: Negative delta from active time for uid: 10202, delta: -13
04-29 20:11:38.685  1667  2181 E KernelCpuUidActiveTimeReader: Negative delta from active time for uid: 10121, delta: -4
04-29 20:11:38.685  1667  2181 E KernelCpuUidActiveTimeReader: Negative delta from active time for uid: 10184, delta: -11
04-29 20:11:38.685  1667  2181 E KernelCpuUidActiveTimeReader: Negative delta from active time for uid: 10294, delta: -5
04-29 20:11:38.685  1667  2181 E KernelCpuUidActiveTimeReader: Negative delta from active time for uid: 99910222, delta: -13
04-29 20:11:38.685 29889 31683 D MSF.D.Proxy: onReceiveResp, fromServiceMsg = push.unRegister, ssoSeq = 68919, length = 173
04-29 20:11:38.685  1084  1084 E SDM     : HWCSession::GetClientTargetProperty: GetClinetTargetProperty interface enter
04-29 20:11:38.685  1084  1084 E SDM     : HWCDisplay::GetClientTargetProperty: QIPL: GetClinetTargetProperty func enter
04-29 20:11:38.685  1667  2181 E KernelCpuUidClusterTimeReader: Negative delta from cluster time for uid: 99910285, delta: -6
04-29 20:11:38.685  1667  2181 E KernelCpuUidClusterTimeReader: Negative delta from cluster time for uid: 1066, delta: -10
04-29 20:11:38.685  1667  2181 E KernelCpuUidClusterTimeReader: Negative delta from cluster time for uid: 10300, delta: -5
04-29 20:11:38.685  1667  2181 E KernelCpuUidClusterTimeReader: Negative delta from cluster time for uid: 10211, delta: -10
04-29 20:11:38.685  1667  2181 E KernelCpuUidClusterTimeReader: Negative delta from cluster time for uid: 10198, delta: -12
04-29 20:11:38.685  1667  2181 E KernelCpuUidClusterTimeReader: Negative delta from cluster time for uid: 10219, delta: -2
04-29 20:11:38.685  1667  2181 E KernelCpuUidClusterTimeReader: Negative delta from cluster time for uid: 1069, delta: -2
04-29 20:11:38.686  1667  2181 E KernelCpuUidClusterTimeReader: Negative delta from cluster time for uid: 10201, delta: -19
04-29 20:11:38.686  1667  2181 E KernelCpuUidClusterTimeReader: Negative delta from cluster time for uid: 10154, delta: -10
04-29 20:11:38.686  1667  2181 E KernelCpuUidClusterTimeReader: Negative delta from cluster time for uid: 10209, delta: -2
04-29 20:11:38.686  1667  2181 E KernelCpuUidClusterTimeReader: Negative delta from cluster time for uid: 99901000, delta: -10
04-29 20:11:38.686  1667  2181 E KernelCpuUidClusterTimeReader: Negative delta from cluster time for uid: 10094, delta: -4
04-29 20:11:38.686  1667  2181 E KernelCpuUidClusterTimeReader: Negative delta from cluster time for uid: 10157, delta: -14
04-29 20:11:38.686  1667  2181 E KernelCpuUidClusterTimeReader: Negative delta from cluster time for uid: 10089, delta: -17
04-29 20:11:38.686  1667  2181 E KernelCpuUidClusterTimeReader: Negative delta from cluster time for uid: 10097, delta: -10
04-29 20:11:38.686  1667  2181 E KernelCpuUidClusterTimeReader: Negative delta from cluster time for uid: 1036, delta: -17
04-29 20:11:38.686  1667  2181 E KernelCpuUidClusterTimeReader: Negative delta from cluster time for uid: 10118, delta: -17
04-29 20:11:38.686  1667  2181 E KernelCpuUidClusterTimeReader: Negative delta from cluster time for uid: 10084, delta: -2
04-29 20:11:38.686  1667  2181 E KernelCpuUidClusterTimeReader: Negative delta from cluster time for uid: 10092, delta: -3
04-29 20:11:38.686  1667  2181 E KernelCpuUidClusterTimeReader: Negative delta from cluster time for uid: 10202, delta: -9
04-29 20:11:38.686  1667  2181 E KernelCpuUidClusterTimeReader: Negative delta from cluster time for uid: 10113, delta: -10
04-29 20:11:38.686  1667  2181 E KernelCpuUidClusterTimeReader: Negative delta from cluster time for uid: 10299, delta: -1
04-29 20:11:38.686  1667  2181 E KernelCpuUidClusterTimeReader: Negative delta from cluster time for uid: 10121, delta: -5
04-29 20:11:38.686  1667  2181 E KernelCpuUidClusterTimeReader: Negative delta from cluster time for uid: 10184, delta: -9
04-29 20:11:38.686  1667  2181 E KernelCpuUidClusterTimeReader: Negative delta from cluster time for uid: 10294, delta: -10
04-29 20:11:38.686  1667  2181 E KernelCpuUidClusterTimeReader: Negative delta from cluster time for uid: 99910222, delta: -13
04-29 20:11:38.686 29889 29889 D OnLineStatusHelper: getOnlineStatusItem status=offline onlineStatusIDValue=0
04-29 20:11:38.686 29889 29889 D Q..online.status: getStatusIcon, not find status: offline
04-29 20:11:38.686 29889 29889 D Q..online.status: getStatusName, not find status: offline
04-29 20:11:38.686 29889 29889 D Q..online.status: getStatusIcon, not find status: offline
04-29 20:11:38.686 29889 29889 D Q..online.status: getStatusName, not find status: offline
04-29 20:11:38.693  1084  1084 W SDM     : QoSImpl::GetReadAB: Pipe Bandwidth without compression: 7463.540 Exceeded the bandwidth limit: 5200.000
04-29 20:11:38.700  1084  1084 W SDM     : QoSImpl::GetReadAB: Pipe Bandwidth without compression: 5260.280 Exceeded the bandwidth limit: 5200.000
04-29 20:11:38.720 11241 11383 D MSF.C.NetConnTag.true: use full head for uin:*1077
04-29 20:11:38.720 11241 11383 D MSF.C.NetConnTag.true: pa ok: 68923
04-29 20:11:38.720 11241 11383 D MSF.C.NetConnTag.DualConnContext.true: tryDualConn
04-29 20:11:38.720 11241 11383 D MSF.C.NetConnTag.true: netSend ssoSeq:68923 uin:*1077 cmd:GRAfehY3IjMkDjUmPT0 69543 4ca14f5
04-29 20:11:38.721 11241 11383 D MSF.C.NetConnTag.true: send Packet addQueue, ssoSeq=68923, uin=*1077
04-29 20:11:38.727 29889 30313 D ApplicationLife: [process] handleMessage: invoked. send starting sProcessName: com.tencent.mobileqq
04-29 20:11:38.727 29889 30313 D ApplicationLife: [process] handleMessage: invoked.  sCountActivity: 2
04-29 20:11:38.727 11241 11259 D MSF.C.DeepSleepDetector: onProcessViewableChanged process: com.tencent.mobileqq, state: true, at: 98486643
04-29 20:11:38.728 29889 29889 D GuardManager: [process][put] onReceive: invoked.  process: com.tencent.mobileqq
04-29 20:11:38.728 29889 30480 D GuardManager: [handleMessageForQQPluginFG] old: com.tencent.mobileqq, new: com.tencent.mobileqq
04-29 20:11:38.728 29889 29889 D GuardManager: [process][ACTION_PLUGIN_FG] onReceive: invoked.  runningTimeAllowed: true
04-29 20:11:38.729 29889 30480 D GuardManager.GuardStateScheduler: [process] filterRealForegroundProcMap: invoked.  realProcMap: {com.tencent.mobileqq=1651234298727}
04-29 20:11:38.731 29889 30480 D GuardManager: [process] filterRealForegroundProcMap: invoked.  realProcMap: {com.tencent.mobileqq=1651234298727}
04-29 20:11:38.983  1667  2157 W MiuiFreeFormGesturePointerEventListener: setMiuiFreeFormTouchExcludeRegion mTouchExcludeRegion = SkRegion((0,0,1440,137))
04-29 20:11:39.020 11241 11416 D MSF.C.NetConnTag.true: netRecv Delay FromServiceMsg ssoSeq:-1646363500 scmd: SSO.LoginMerge len: 143 uncompressed len: 143
04-29 20:11:39.020 11241 11416 D MSF.C.CodecWarppertrue: recv Packet ssoSeq:68920, uin:*1077
04-29 20:11:39.020 11241 11416 D MSF.C.NetConnTag.true: netRecv ssoSeq:68920 uin:*1077 cmd:GTcxIAkuJnQIKj4wDzEr 69035 cross:0
04-29 20:11:39.020 11241 11406 I MSF.S.AppProcessManager: SendToApp process:com.tencent.mobileqq fromServiceMsg: FromServiceMsg msName:unknown ssoSeq:68920 serviceCmd:StatSvc.BindUin appSeq:921 failCode:1000 cos t =0 needBoot=false to.len = 163 from.len = 115
04-29 20:11:39.020 29889 32112 D MSF.D.Proxy: onReceiveResp, fromServiceMsg = StatSvc.BindUin, ssoSeq = 68920, length = 115
04-29 20:11:39.057 29889 29889 D AIODtReportHelper: onStop: mOnStartT = 0
04-29 20:11:39.058  1667  2162 D HeapUsage Monitor: HeapAllocSize : 96MB; monitorSize : 500MB
04-29 20:11:39.063  1667  6891 W MiuiFreeFormGesturePointerEventListener: setMiuiFreeFormTouchExcludeRegion mTouchExcludeRegion = SkRegion((0,0,1440,137))
04-29 20:11:39.063 29889 29889 I QzoneGiftManager: MSG_RECYCLE_VIEW
04-29 20:11:39.675  1273  1422 D RefreshRateConfigs: TouchBoost - choose 120.00fps
04-29 20:11:39.708   981  1164 E minksocket: MinkIPC_QRTR_Service: client with node 1 port 49fa went down
04-29 20:11:39.708   981  1164 E minksocket: MinkIPC_QRTR_Service: client with node 1 port 49fe went down
04-29 20:11:39.835  1273  1422 D RefreshRateConfigs: TouchBoost - choose 120.00fps
04-29 20:11:39.835  1273  2320 W VsyncModulator: setTransactionSchedule: Unexpected EarlyEnd
04-29 20:11:39.835  1094  1094 E vendor.qti.hardware.perf@2.2-service: Unknown params
04-29 20:11:39.836  1094  1117 E ANDR-PERF-OPTSHANDLER: Can't process request: noroot_thread is not running
04-29 20:11:39.836  1094  1117 E ANDR-PERF-RESOURCEQS: Failed to apply optimization [7, 3]
04-29 20:11:39.833  1094  1094 W perf@2.2-servic: type=1400 audit(0.0:870716): avc: denied { search } for name="1273" dev="proc" ino=15645186 scontext=u:r:vendor_hal_perf_default:s0 tcontext=u:r:surfaceflinger:s0 tclass=dir permissive=0
04-29 20:11:39.833  1094  1094 W perf@2.2-servic: type=1400 audit(0.0:870717): avc: denied { search } for name="1273" dev="proc" ino=15645186 scontext=u:r:vendor_hal_perf_default:s0 tcontext=u:r:surfaceflinger:s0 tclass=dir permissive=0
04-29 20:11:40.204  1667 32079 D RouterAdvertisementDaemon: RA sendto ff02::1%wlan1
04-29 20:11:40.451  3824  4059 D MobileSignalController: slot: 0 ,Current state: 0 mobile State:0
04-29 20:11:40.458  1273  2320 W VsyncModulator: setTransactionSchedule: Unexpected EarlyEnd
04-29 20:11:40.458  1094  1094 E vendor.qti.hardware.perf@2.2-service: Unknown params
04-29 20:11:40.458  1094  1117 E ANDR-PERF-OPTSHANDLER: Can't process request: noroot_thread is not running
04-29 20:11:40.458  1094  1117 E ANDR-PERF-RESOURCEQS: Failed to apply optimization [7, 3]
04-29 20:11:40.453  1094  1094 W perf@2.2-servic: type=1400 audit(0.0:870718): avc: denied { search } for name="1273" dev="proc" ino=15645186 scontext=u:r:vendor_hal_perf_default:s0 tcontext=u:r:surfaceflinger:s0 tclass=dir permissive=0
04-29 20:11:40.453  1094  1094 W perf@2.2-servic: type=1400 audit(0.0:870719): avc: denied { search } for name="1273" dev="proc" ino=15645186 scontext=u:r:vendor_hal_perf_default:s0 tcontext=u:r:surfaceflinger:s0 tclass=dir permissive=0
04-29 20:11:40.560  1051   680 E sensors-hal: handle_sns_client_event:52, gesture_detect_event: ts=242663720950895, event=3.000000
04-29 20:11:41.071 29889 30352 D MSF.D.RemoteServiceProxy: found timeout req, ToServiceMsg msName:msf_pbSyncMsg ssoSeq:-1 appId:537112593 appSeq:855 uin:*1077 sCmd:GCY3BCggPAk8IH4EOAs8NCkOIzM t:30000 needResp:true needQuickSend:false strategy:0IsSupportRetryfalse
04-29 20:11:41.128  1273  1422 D RefreshRateConfigs: TouchBoost - choose 120.00fps
04-29 20:11:41.318  3794  4133 D FiveGDataOptimize: TxRx: 312368, Tx: 292722, Rx: 19645, Hit: 0
04-29 20:11:41.561  1667  2152 I EdgeSuppressionManager: Lay status is 0
04-29 20:11:41.561  1667  2152 I EdgeSuppressionManager: isAbsolute = true, result = 0
04-29 20:11:41.561  1667  2152 I EdgeSuppressionManager: isAbsolute = false, result = 45
04-29 20:11:41.561  1667  2152 I ITouchFeature: current device and process support version:2
04-29 20:11:41.563  1667  2152 I android_os_HwBinder: HwBinder: Starting thread pool for getting: vendor.xiaomi.hw.touchfeature@1.0::ITouchFeature/default
04-29 20:11:41.567 29889 12910 E mqq     : can not send intent ,false|true|false
04-29 20:11:41.587  1667  6452 E TaskPersister: File error accessing recents directory (directory doesn't exist?).
04-29 20:11:41.676  1273  1423 W VsyncModulator: setTransactionSchedule: Unexpected EarlyEnd
04-29 20:11:41.677  1094  1094 E vendor.qti.hardware.perf@2.2-service: Unknown params
04-29 20:11:41.678  1094  1094 E vendor.qti.hardware.perf@2.2-service: Unknown params
04-29 20:11:41.678  1084  1084 I SDM     : HWDeviceDRM::UpdateMixerAttributes: Mixer WxH 1440x3200-1 for Peripheral
04-29 20:11:41.673  1094  1094 W perf@2.2-servic: type=1400 audit(0.0:870720): avc: denied { search } for name="1273" dev="proc" ino=15645186 scontext=u:r:vendor_hal_perf_default:s0 tcontext=u:r:surfaceflinger:s0 tclass=dir permissive=0
04-29 20:11:41.673  1094  1094 W perf@2.2-servic: type=1400 audit(0.0:870721): avc: denied { search } for name="1273" dev="proc" ino=15645186 scontext=u:r:vendor_hal_perf_default:s0 tcontext=u:r:surfaceflinger:s0 tclass=dir permissive=0
04-29 20:11:41.679  1094  1117 E ANDR-PERF-OPTSHANDLER: Can't process request: noroot_thread is not running
04-29 20:11:41.679  1094  1117 E ANDR-PERF-RESOURCEQS: Failed to apply optimization [7, 3]
04-29 20:11:41.686  1946  3111 D libsensor-F2SNotifier: DisplayFreq2SlpiNotifier display_freq = 60
04-29 20:11:41.687   981  1164 E minksocket: MinkIPC_QRTR_Service: client with node 1 port 49ff went down
04-29 20:11:41.688   981  1164 E minksocket: MinkIPC_QRTR_Service: client with node 1 port 4a00 went down
04-29 20:11:41.689   981  1164 E minksocket: MinkIPC_QRTR_Service: client with node 1 port 4a01 went down
04-29 20:11:41.689   981  1164 E minksocket: MinkIPC_QRTR_Service: client with node 1 port 4a02 went down
04-29 20:11:41.690   981  1164 E minksocket: MinkIPC_QRTR_Service: client with node 1 port 4a03 went down
04-29 20:11:41.692   981  1164 E minksocket: MinkIPC_QRTR_Service: client with node 1 port 4a04 went down
04-29 20:11:42.288  1667  3937 E Tethering: [api31.BpfCoordinatorShimImpl] ERROR Fail to fetch tethering stats from BPF map: : getNextMapKey failed: EBADF (Bad file descriptor)
04-29 20:11:42.288  1667  3937 E Tethering: android.system.ErrnoException: getNextMapKey failed: EBADF (Bad file descriptor)
04-29 20:11:42.288  1667  3937 E Tethering: 	at com.android.networkstack.tethering.BpfMap.getNextMapKey(Native Method)
04-29 20:11:42.288  1667  3937 E Tethering: 	at com.android.networkstack.tethering.BpfMap.getNextRawKey(BpfMap.java:199)
04-29 20:11:42.288  1667  3937 E Tethering: 	at com.android.networkstack.tethering.BpfMap.getNextKeyInternal(BpfMap.java:177)
04-29 20:11:42.288  1667  3937 E Tethering: 	at com.android.networkstack.tethering.BpfMap.getFirstKey(BpfMap.java:206)
04-29 20:11:42.288  1667  3937 E Tethering: 	at com.android.networkstack.tethering.BpfMap.forEach(BpfMap.java:243)
04-29 20:11:42.288  1667  3937 E Tethering: 	at com.android.networkstack.tethering.apishim.api31.BpfCoordinatorShimImpl.tetherOffloadGetStats(BpfCoordinatorShimImpl.java:241)
04-29 20:11:42.288  1667  3937 E Tethering: 	at com.android.networkstack.tethering.BpfCoordinator.updateForwardedStats(BpfCoordinator.java:1844)
04-29 20:11:42.288  1667  3937 E Tethering: 	at com.android.networkstack.tethering.BpfCoordinator.lambda$new$0(BpfCoordinator.java:249)
04-29 20:11:42.288  1667  3937 E Tethering: 	at com.android.networkstack.tethering.BpfCoordinator.$r8$lambda$11zi2so53-tPlRpKnlSkWOpxReo(Unknown Source:0)
04-29 20:11:42.288  1667  3937 E Tethering: 	at com.android.networkstack.tethering.BpfCoordinator$$ExternalSyntheticLambda0.run(Unknown Source:2)
04-29 20:11:42.288  1667  3937 E Tethering: 	at android.os.Handler.handleCallback(Handler.java:938)
04-29 20:11:42.288  1667  3937 E Tethering: 	at android.os.Handler.dispatchMessage(Handler.java:99)
04-29 20:11:42.288  1667  3937 E Tethering: 	at android.os.Looper.loopOnce(Looper.java:210)
04-29 20:11:42.288  1667  3937 E Tethering: 	at android.os.Looper.loop(Looper.java:299)
04-29 20:11:42.288  1667  3937 E Tethering: 	at android.os.HandlerThread.run(HandlerThread.java:67)
04-29 20:11:42.289  1667  3937 E Tethering: [BpfCoordinator] ERROR Problem fetching tethering stats
04-29 20:11:42.553  1667  2174 D CompatibilityChangeReporter: Compat change id reported: 135634846; UID 10304; state: DISABLED
04-29 20:11:42.554  1667  2175 D CompatibilityChangeReporter: Compat change id reported: 143937733; UID 10304; state: DISABLED
04-29 20:11:42.557   991 25531 I vendor.qti.bluetooth@1.0-ibs_handler: ProcessIbsCmd: Received IBS_WAKE_IND: 0xFD
04-29 20:11:42.557   991 25531 D vendor.qti.bluetooth@1.0-ibs_handler: SerialClockVote: vote for UART CLK ON
04-29 20:11:42.557   991 25531 D vendor.qti.bluetooth@1.0-wake_lock: Acquire wakelock is acquired 
04-29 20:11:42.557   991 25531 I vendor.qti.bluetooth@1.0-ibs_handler: ProcessIbsCmd: Writing IBS_WAKE_ACK
04-29 20:11:42.564   840   840 D Zygote  : Forked child process 12983
04-29 20:11:42.565  1667  2175 D Boost   : hostingType=service, hostingName={com.tencent.mobileqq/com.tencent.gamecenter.wadl.api.impl.WadlProxyService}, callerPackage=com.tencent.mobileqq, isSystem=false, isBoostNeeded=false.
04-29 20:11:42.565  1667  2175 I ActivityManager: Start proc 12983:com.tencent.mobileqq:gameservice/u0a304 for service {com.tencent.mobileqq/com.tencent.gamecenter.wadl.api.impl.WadlProxyService} caller=com.tencent.mobileqq
04-29 20:11:42.573  4180 25616 D MiuiMiHomeConnectController: getDeviceTimes
04-29 20:11:42.574  4180 25616 D MiuiMiHomeConnectController: result.getRssi = -7200:00:00:D6:76:FD
04-29 20:11:42.579 12983 12983 E eqq:gameservic: Not starting debugger since process cannot load the jdwp agent.
04-29 20:11:42.581  4180 25616 D MiuiMiHomeDownloadManager: check local file : null
04-29 20:11:42.581  4180 25616 D MiuiMiHomeDownloadManager: device: 4944    return rssiNum: -50
04-29 20:11:42.581  4180 25616 D MiuiMiHomeConnectController: rssi num is not fit cloud data 
04-29 20:11:42.581 12983 12983 D ProcessState: Binder ioctl to enable oneway spam detection failed: Invalid argument
04-29 20:11:42.596 12983 12983 D CompatibilityChangeReporter: Compat change id reported: 171979766; UID 10304; state: DISABLED
04-29 20:11:42.596  5826  6138 W MQSService: CallerName:com.tencent.mobileqq,calling Uid:10304
04-29 20:11:42.596  5826  6138 D MQSService: registerApplicationScoutThread pid = 12983, packageName = com.tencent.mobileqq
04-29 20:11:42.598   991 25531 I vendor.qti.bluetooth@1.0-ibs_handler: ProcessIbsCmd: Received IBS_SLEEP_IND: 0xFE
04-29 20:11:42.598   991 25531 D vendor.qti.bluetooth@1.0-ibs_handler: SerialClockVote: vote for UART CLK OFF
04-29 20:11:42.601 12983 12983 D ApplicationLoaders: Returning zygote-cached class loader: /system/framework/android.test.base.jar
04-29 20:11:42.622 11241 11536 I SharedPreferencesProxy: create new ContentProviderClient: SLIReport
04-29 20:11:42.627 11241 11536 D MeasureCore: filter report for key=cold_init_cost reason = COM_LIMIT
04-29 20:11:42.629 11241 11536 D MeasureCore: filter report for key=cold_init_suc reason = COM_LIMIT
04-29 20:11:42.632 11241 11536 D MeasureCore: filter report for key=cold_init_code reason = COM_LIMIT
04-29 20:11:42.667 12983 12983 V GraphicsEnvironment: ANGLE Developer option for 'com.tencent.mobileqq' set to: 'default'
04-29 20:11:42.667 12983 12983 V GraphicsEnvironment: Updatable production driver is not supported on the device.
04-29 20:11:42.668 12983 12983 I ForceDarkHelperStubImpl: initialize for com.tencent.mobileqq , ForceDarkOrigin
04-29 20:11:42.669 12983 12983 D OpenGLRenderer: JNI_OnLoad success
04-29 20:11:42.669 12983 12983 I MiuiForceDarkConfig: setConfig density:3.500000, mainRule:0, secondaryRule:0, tertiaryRule:0
04-29 20:11:42.670 12983 12983 I LoadedApk: No resource references to update in package com.tencent.mobileqq.matchfriend_impl
04-29 20:11:42.670 12983 12983 I LoadedApk: No resource references to update in package com.tencent.mobileqq.profilecard_feature_impl
04-29 20:11:42.671 12983 12983 I LoadedApk: No resource references to update in package com.tencent.mobileqq.wxmini_impl
04-29 20:11:42.671 12983 12983 I LoadedApk: No resource references to update in package com.tencent.mobileqq.qqguild_df_impl
04-29 20:11:42.671 12983 12983 I LoadedApk: No resource references to update in package com.tencent.mobileqq.qqexpand_impl
04-29 20:11:42.671 12983 12983 I LoadedApk: No resource references to update in package com.tencent.mobileqq.qqweishi_impl
04-29 20:11:42.671 12983 12983 I LoadedApk: No resource references to update in package com.tencent.mobileqq.qqnearby_impl
04-29 20:11:42.671 12983 12983 I LoadedApk: No resource references to update in package com.tencent.mobileqq.qqpubaccount_impl
04-29 20:11:42.671 12983 12983 I LoadedApk: No resource references to update in package com.tencent.mobileqq.zplan_impl
04-29 20:11:42.672 12983 12983 I LoadedApk: No resource references to update in package com.tencent.mobileqq.cmshow_impl
04-29 20:11:42.672 12983 12983 I LoadedApk: No resource references to update in package com.tencent.mobileqq.qq_comic_impl
04-29 20:11:42.672 12983 12983 I LoadedApk: No resource references to update in package com.tencent.mobileqq.qqrtc_feature_impl
04-29 20:11:42.672 12983 12983 I LoadedApk: No resource references to update in package com.tencent.mobileqq.qqmini_impl
04-29 20:11:42.672 12983 12983 I LoadedApk: No resource references to update in package com.tencent.mobileqq.qqpay_temp_impl
04-29 20:11:42.672 12983 12983 I LoadedApk: No resource references to update in package com.tencent.mobileqq.aelight_impl
04-29 20:11:42.672 12983 12983 I LoadedApk: No resource references to update in package com.tencent.mobileqq.qq_qzonehub_impl
04-29 20:11:42.673 12983 12983 I LoadedApk: No resource references to update in package com.tencent.mobileqq.kandian_feature_impl
04-29 20:11:42.673 12983 12983 I LoadedApk: No resource references to update in package com.tencent.mobileqq.kandian_ad_feature_impl
04-29 20:11:42.673 12983 12983 D NetworkSecurityConfig: Using Network Security Config from resource f debugBuild: false
04-29 20:11:42.673 12983 12983 D NetworkSecurityConfig: Using Network Security Config from resource f debugBuild: false
04-29 20:11:42.677 12983 13011 D QLog    : QLog init
04-29 20:11:42.679 12983 12983 I UIRoute : checkTime init route cost: 1
04-29 20:11:42.679 12983 12983 D QLog    : [init] setDebugMode call.  UIN_REPORTLOG_LEVEL: 1 _DEFAULT_REPORTLOG_LEVEL: 1 debug: false
04-29 20:11:42.679 12983 12983 D LocaleManager: initializeAppLocale, sCurrentLocaleId:0
04-29 20:11:42.679 12983 12983 D LocaleManager: initializeAppLocale, localeIdStr:2052
04-29 20:11:42.680 12983 12983 D LocaleManager: initializeAppLocale, HwEngine.localeId:2052
04-29 20:11:42.680 12983 12983 D LocaleManager: tryApplyLocaleIfNeeded, resLocale:zh_CN
04-29 20:11:42.680 12983 12983 D LocaleManager: queryCurrentLocale, currentLocale:zh_CN
04-29 20:11:42.680 12983 12983 D MultiLanguageEngine: initAndDelegate:false, context:android.app.ContextImpl@a303bb9
04-29 20:11:42.680 12983 12983 I GlobalDisplayMetricsManager: getDeviceWidth mode is {id=1, width=1440, height=3200, fps=120.00001, alternativeRefreshRates=[60.000004, 90.0]}
04-29 20:11:42.680 12983 12983 D GlobalDisplayMetricsManager: sDeviceWidth is 1440
04-29 20:11:42.680 12983 12983 I GlobalDisplayMetricsManager: do not need adjust
04-29 20:11:42.680 12983 12983 D FontSettingManager: currentDm: 3.5, 3.5, 560
04-29 20:11:42.680 12983 12983 I Utils   : current process name: com.tencent.mobileqq:gameservice
04-29 20:11:42.681 12983 12983 I MMKV    : <native-bridge.cpp:108::JNI_OnLoad> current API level = 31
04-29 20:11:42.682 12983 12983 I MMKV    : <MMKV.cpp:143::initialize> version v1.1.2 page size:4096
04-29 20:11:42.682 12983 12983 I MMKV    : <MMKV.cpp:156::initializeMMKV> root dir: /data/user/0/com.tencent.mobileqq/files/mmkv
04-29 20:11:42.683 12983 13011 D QLog    : initLog: useNewLog false MSF_IS_COLOR_LEVEL=false fullEncryptedLogMode=false DebugVersion=false EncryptedKey=9SmY5q5sDZYXt4Nz1xCaoqqL8ki5HpCmKzKskMU9LimNteeZiYkBmn/8+4GTE/HSX+G8bocPOMG4BQX7vKiqSjfK0xt6gs4LiMn5/znblmcqdIE95/hIiRkf77YFnC1IEPNkg2JTvHQxLJQCSaQBlg9gvPR3p2JrKW35JQiJCGGwMxZS9s/V4yfnKZ9Dc9BRITV298iY9FC+i7s6gbcTLR2jZmXv59PZPwc1qScCrz4C7aXA8KWXZm/Zkxlw1zrSuouawxlavEbuqTQKyRw5OnkVDnbvSeQgGI01opM1sHWQ9xQNCndqm0HmY6ao4JC5DrVe0Xb5l7xZxQuAO29K/g== QLog.isColorLevel()=false UIN_REPORTLOG_LEVEL=1
04-29 20:11:42.684 12983 13011 W System.err: java.lang.ClassNotFoundException: java.nio.CharArrayBuffer
04-29 20:11:42.684 12983 13011 W System.err: 	at java.lang.Class.classForName(Native Method)
04-29 20:11:42.684 12983 13011 W System.err: 	at java.lang.Class.forName(Class.java:454)
04-29 20:11:42.684 12983 13011 W System.err: 	at java.lang.Class.forName(Class.java:379)
04-29 20:11:42.684 12983 13011 W System.err: 	at com.tencent.qphone.base.util.log.QLogWriter.wrap(P:279)
04-29 20:11:42.684 12983 13011 W System.err: 	at com.tencent.qphone.base.util.log.QLogWriter.write(P:228)
04-29 20:11:42.684 12983 13011 W System.err: 	at com.tencent.qphone.base.util.log.QBufferedWriter.flushBuffer(P:64)
04-29 20:11:42.684 12983 13011 W System.err: 	at com.tencent.qphone.base.util.log.QBufferedWriter.flush(P:181)
04-29 20:11:42.684 12983 13011 W System.err: 	at com.tencent.qphone.base.util.QLog.writeLogToFile(P:1229)
04-29 20:11:42.684 12983 13011 W System.err: 	at com.tencent.qphone.base.util.QLog.access$500(P:55)
04-29 20:11:42.684 12983 13011 W System.err: 	at com.tencent.qphone.base.util.QLog$WriteHandler.handleMessage(P:335)
04-29 20:11:42.684 12983 13011 W System.err: 	at android.os.Handler.dispatchMessage(Handler.java:106)
04-29 20:11:42.684 12983 13011 W System.err: 	at android.os.Looper.loopOnce(Looper.java:210)
04-29 20:11:42.684 12983 13011 W System.err: 	at android.os.Looper.loop(Looper.java:299)
04-29 20:11:42.684 12983 13011 W System.err: 	at android.os.HandlerThread.run(HandlerThread.java:67)
04-29 20:11:42.684 12983 13011 W System.err: Caused by: java.lang.ClassNotFoundException: java.nio.CharArrayBuffer
04-29 20:11:42.684 12983 13011 W System.err: 	... 14 more
04-29 20:11:42.686 12983 12983 I AutoMonitor: nextState -1, 0
04-29 20:11:42.686 12983 12983 I SharedPreferencesProxy: create new ContentProviderClient: hotpatch_preference
04-29 20:11:42.688 12983 12983 D PatchLogTag: DexPatchInstaller checkDexPatchConfigAndStatus patch config is null
04-29 20:11:42.688 12983 12983 D PatchLogTag: DexPatchInstaller installDexPatch Not inject patch, status=0
04-29 20:11:42.688 12983 12983 D VFSRegisterProxy: initConfig start!
04-29 20:11:42.688 12983 12983 I SharedPreferencesProxy: create new ContentProviderClient: StepUpdate
04-29 20:11:42.689 12983 12983 D VFSRegisterProxy: initConfig checkSP is called, return val = false
04-29 20:11:42.689 12983 12983 D VFSRegisterProxy: initConfig end!
04-29 20:11:42.690 12983 12983 D [DynamicFeature] LoadCompactDynamicFeature: [compact] load: invoked.  BuildConfig.IS_QRUN_COMPACT: false AppSetting.isQRunCompact(): false
04-29 20:11:42.690 12983 12983 D PrivacyProtectionManager: com.tencent.mobileqq:gameservice init privacy_protection successful
04-29 20:11:42.691 12983 12983 I SharedPreferencesProxy: create new ContentProviderClient: dt_sdk_start
04-29 20:11:42.693 12983 12983 D SoLoadCore: loadSo begin, libName[c++_shared]
04-29 20:11:42.693 12983 12983 D SoLoadCore: initAssestCrcConfigs success
04-29 20:11:42.693 12983 12983 D SoLoadCore: getRightcrcWhenLoadSo libc++_shared.so: 4284416433
04-29 20:11:42.695 12983 12983 D SoLoadCore: System.loadLibrary, lib = c++_shared suc
04-29 20:11:42.695 12983 12983 D SoLoadUtilNew: loadSoByName[c++_shared], loadRes[true], resultCode[15728640]
04-29 20:11:42.695 12983 12983 D SoLoadCore: loadSo begin, libName[native-memory-library-lib]
04-29 20:11:42.695 12983 12983 W SoLoadCore: assestCrcConfigs already exists
04-29 20:11:42.695 12983 12983 D SoLoadCore: getRightcrcWhenLoadSo libnative-memory-library-lib.so: 1775156861
04-29 20:11:42.695 12983 12983 D SoLoadCore: System.loadLibrary, lib = native-memory-library-lib suc
04-29 20:11:42.695 12983 12983 D SoLoadUtilNew: loadSoByName[native-memory-library-lib], loadRes[true], resultCode[15728640]
04-29 20:11:42.695 12983 12983 E NativeMemoryMonitor: load so res: true
04-29 20:11:42.697 12983 12983 D LIBNATIVE-MEMORY-LIBRARY-LIB: native-lib.cpp:initJniHook(44) >> mark: 2964431196, mark2: 2964431220
04-29 20:11:42.698 12983 12983 D LIBNATIVE-MEMORY-LIBRARY-LIB: FileHooker.cpp:hookFile(129) >> file hooked
04-29 20:11:42.702 12983 12983 I SharedPreferencesProxy: create new ContentProviderClient: conf_0_sharepref
04-29 20:11:42.703 12983 12983 I SharedPreferencesProxy: create new ContentProviderClient: conf_0_content_sharepref
04-29 20:11:42.706 12983 12983 D TeleScreen|JefsClass: JefsClassInjectUtil newInstance
04-29 20:11:42.712 12983 12983 I SharedPreferencesProxy: create new ContentProviderClient: c_profile_sharepreference
04-29 20:11:42.714 12983 12983 D DtSdkInitStep: [setDtVideoSwitch] switch: true
04-29 20:11:42.714 12983 12983 D DtSdkInitStep: markToProceed
04-29 20:11:42.714 12983 12983 D DtSdkInitStep: 848QQDT initDTCost : 8 ms， from = 1
04-29 20:11:42.719 12983 12983 D MSF.D.MonitorSocket: phoneDisplays: KOT49H|KTU84P, phoneModels: COOLPAD7295, appid: , version: , currVersion: 8.8.68.7265, process: , com.tencent.mobileqq:gameservice
04-29 20:11:42.723 12983 12983 I MSF.D.MonitorSocket: Socket imple class: java.net.SocksSocketImpl
04-29 20:11:42.723 12983 12983 D MSF.D.MonitorSocket:  Monitor Socket started.
04-29 20:11:42.728 12983 13013 I 2g.outt : xm start
04-29 20:11:42.729 12983 13013 E 2g.outt : init
04-29 20:11:42.729 12983 13013 E 2g.outt : sync
04-29 20:11:42.729 12983 13013 D IdProviderImpl: getAAID
04-29 20:11:42.733 12983 12983 I AutoMonitor: updateVersion ProcFirstLaunchcom.tencent.mobileqq:gameservice f734eff0 f734eff0
04-29 20:11:42.734 12983 12983 D RdmInit : doStep process=com.tencent.mobileqq:gameservice, sRdmState=0
04-29 20:11:42.734  1667  1721 W ProcessStats: Tracking association SourceState{fc6dcbb com.android.systemui/1000 BTopFgs #446518} whose proc state 2 is better than process ProcessState{28f25d8 com.miui.notification:remote/1000 pkg=com.miui.notification} proc state 3 (35 skipped)
04-29 20:11:42.734 12983 12983 D mqq     : *6732 true 1651201557798 *1077 true 1651226605854
04-29 20:11:42.734 12983 12983 D QQCrashReportManager: CrashReport init started.
04-29 20:11:42.734 12983 12983 D QQCrashReportManager: initCrashReport process=com.tencent.mobileqq:gameservice, pid=12983
04-29 20:11:42.738 12983 13013 D IdProviderImpl: getOAID
04-29 20:11:42.738 12983 12983 D QQCrashReportManager: initNativeCrashReport process=com.tencent.mobileqq:gameservice, pid=12983
04-29 20:11:42.739 12983 13013 I 2g.outt : vm onResult true
04-29 20:11:42.740 12983 12983 I native_eup: register native abi method success
04-29 20:11:42.749   991 25482 D vendor.qti.bluetooth@1.0-wake_lock: Release wakelock is released 
04-29 20:11:42.751 12983 13013 D BeaconChannelProcessor: [parse] content: {"channel":0}
04-29 20:11:42.752 12983 13013 D QQBeaconReport: [start] useSocket: false
04-29 20:11:42.752 12983 13013 I beacon  : beacon logAble: false
04-29 20:11:42.752 12983 13013 D Qqimei  : [initQimeiSdk] force: false, allow: true, init: false
04-29 20:11:42.752 12983 13013 I qimei   : beacon logAble: false
04-29 20:11:42.757 12983 13013 D Qqimei  : [initQimeiSdk] init. process: com.tencent.mobileqq:gameservice
04-29 20:11:42.757 12983 13013 I beacon  : logAble: false , SDKVersion: 4.2.80.2
04-29 20:11:42.757 12983 12983 D QQCrashReportManager: CrashReport init finished.
04-29 20:11:42.757 12983 13013 D QQBeaconReport: start Beacon & QIMEI SDK: isDebugVersion = false, appVersion: , appKey: 0S200MNJT807V3GE, log: false, userAllow: true
04-29 20:11:42.757 12983 13013 D DtSdkInitStep: init beacon-dt success ! cost : 43 ms
04-29 20:11:42.759 12983 12983 D QQBeaconReport: setUserId = 244
04-29 20:11:42.759 12983 12983 D mqq     : doInit begin withcom.tencent.mobileqq:gameservice
04-29 20:11:42.759 12983 12983 I SharedPreferencesProxy: create new ContentProviderClient: msf_sdk_proxy_factory
04-29 20:11:42.761 12983 12983 I MsfServiceSdk: xiaomi_m2102k1ac create isUseNewProxy=false randomInt=75
04-29 20:11:42.763 12983 12983 I MSF.D.NetworkProvider: refresh currentAPN:. received networkInfo: CONNECTED :NetworkInfo: type: MOBILE[NR], state: CONNECTED/CONNECTED, reason: (unspecified), extra: cm, roaming: false, failover: false, isAvailable: true, isConnectedToProvisioningNetwork: true. ExtraNetInfo: null
04-29 20:11:42.766 12983 12983 D MSF.C.NetworkType5GWrapper: some param are still null, per = true
04-29 20:11:42.766 12983 12983 D MSF.D.NetworkProvider: netchange NONE to MOBILE
04-29 20:11:42.766 12983 12983 D MsfServiceSdk: MsfServiceSdk init proxyNew=false processName=com.tencent.mobileqq:gameservice
04-29 20:11:42.768 12983 12983 D MSF.D.Proxy: MSF_Alive_Log start service finish
04-29 20:11:42.768 12983 13047 E System  :  ******** DEPRECATED FUNCTIONALITY ********
04-29 20:11:42.768 12983 13047 E System  :  * The implementation of the KeyFactory.RSA algorithm from
04-29 20:11:42.768 12983 13047 E System  :  * the BC provider is deprecated in this version of Android.
04-29 20:11:42.769 12983 13047 E System  :  * It will be removed in a future version of Android and your
04-29 20:11:42.769 12983 13047 E System  :  * application will no longer be able to request it.  Please see
04-29 20:11:42.769 12983 13047 E System  :  * https://android-developers.googleblog.com/2018/03/cryptography-changes-in-android-p.html
04-29 20:11:42.769 11241 11241 D MSF.S.MsfService: MSF_Alive_Log serivce onStart: com.tencent.mobileqq:gameservice
04-29 20:11:42.769 12983 13047 E System  :  * for more details.
04-29 20:11:42.771 12983 12983 D MSF.D.Proxy: threadID:2, threadName: main bind service finished true
04-29 20:11:42.771 12983 12983 D MobileQQ: createNewRuntime, falsefalse5null
04-29 20:11:42.771 12983 12983 D Wadl_QQGameCommApiImpl: createAppRuntime application=com.tencent.common.app.BaseApplicationImpl@4067a46,processName=gameservice
04-29 20:11:42.773 12983 12983 D MSF.D.RemoteServiceProxy: linkToDeath
04-29 20:11:42.774 12983 12983 D MSF.D.Proxy: MSF_Alive_Log start service finish
04-29 20:11:42.774 11241 11241 D MSF.S.MsfService: MSF_Alive_Log serivce onStart: com.tencent.mobileqq:gameservice
04-29 20:11:42.775 12983 12983 D MSF.D.Proxy: threadID:2, threadName: main bind service finished true
04-29 20:11:42.775 12983 12983 I SharedPreferencesProxy: create new ContentProviderClient: sp_login_auto
04-29 20:11:42.776 12983 13052 D MSF.C.NetworkType5GWrapper: some param are still null, per = true
04-29 20:11:42.776 12983 13052 D MsfNetUtil: Mobile Type:4
04-29 20:11:42.776 12983 12983 D MobileQQ: createNewRuntime, canAutoOK: false uin : *1077
04-29 20:11:42.776 12983 12983 I mqq     : [AppRuntime]WadlPluginRuntime (*1077) onCreate,savedInstanceState=null
04-29 20:11:42.778 12983 12983 I SharedPreferencesProxy: create new ContentProviderClient: broadcast_white_pref
04-29 20:11:42.780 12983 12983 D mqq     : doInit finished
04-29 20:11:42.780 12983 12983 D MainService: start MSF-Receiver 79
04-29 20:11:42.784 12983 12983 W com.tencent.shadow.dynamic.host.ShadowTag: plugin expand not found in asset qshadow-plugins/expand/Release/config.json
04-29 20:11:42.784 12983 12983 I plugin_tag: isUpToDayBuiltIn qqwadl.apk isUpToDay true
04-29 20:11:42.784 12983 12983 D plugin_tag: getOrCreateClassLoader:qqwadl.apk
04-29 20:11:42.784 12983 12983 D plugin_tag: dexsPath/data/user/0/com.tencent.mobileqq/app_installed_plugin/qqwadl.apk
04-29 20:11:42.781 12983 12983 W eqq:gameservice: type=1400 audit(0.0:870722): avc: granted { execute } for path="/data/user/0/com.tencent.mobileqq/app_installed_plugin/oat/arm/qqwadl.odex" dev="dm-11" ino=118859 scontext=u:r:untrusted_app_27:s0:c512,c768 tcontext=u:object_r:app_data_file:s0:c512,c768 tclass=file app=com.tencent.mobileqq
04-29 20:11:42.787 12983 12983 W plugin_tag: getOrCreateClassLoaderCost:qqwadl.apk c:2
04-29 20:11:42.787 12983 12983 D Wadl_WadlRemoteService: WadlRemoteService newInstance
04-29 20:11:42.789 12983 12983 D GlobalDisplayMetricsManager: sDeviceWidth is 1440
04-29 20:11:42.789 12983 12983 I GlobalDisplayMetricsManager: do not need adjust
04-29 20:11:42.789 12983 12983 I Wadl_WadlRemoteService: onCreate...
04-29 20:11:42.789 12983 13060 D Wadl_WadlRemoteHandler: new Instance,init begin
